<html>
<body>
<pre>
<h1>µVision Build Log</h1>
<h2>Tool Versions:</h2>
IDE-Version: ¦ÌVision V5.39.0.0
Copyright (C) 2023 ARM Ltd and ARM Germany GmbH. All rights reserved.
License Information: 1 MI, 1, LIC=BUURY-I9C5Y-45JT5-GY8FY-P41UV-ANS1U
 
Tool Versions:
Toolchain:       MDK-ARM Plus  Version: 5.39.0.0
Toolchain Path:  E:\Robomaster\keil\core\ARM\ARMCC\Bin
C Compiler:      Armcc.exe V5.06 update 7 (build 960)
Assembler:       Armasm.exe V5.06 update 7 (build 960)
Linker/Locator:  ArmLink.exe V5.06 update 7 (build 960)
Library Manager: ArmAr.exe V5.06 update 7 (build 960)
Hex Converter:   FromElf.exe V5.06 update 7 (build 960)
CPU DLL:         SARMCM3.DLL V5.39.0.0
Dialog DLL:      DCM.DLL V1.17.5.0
Target DLL:      Segger\JL2CM3.dll V2.99.43.0
Dialog DLL:      TCM.DLL V1.56.4.0
 
<h2>Project:</h2>
D:\Git hub-public index\RM-DKCD\C\MDK-ARM\V-CTIM-RM.uvprojx
Project File Date:  04/15/2024

<h2>Output:</h2>
*** Using Compiler 'V5.06 update 7 (build 960)', folder: 'E:\Robomaster\keil\core\ARM\ARMCC\Bin'
Build target 'V-CTIM-RM'
assembling startup_stm32f405xx.s...
compiling can.c...
compiling gpio.c...
compiling iwdg.c...
compiling spi.c...
compiling dma.c...
compiling freertos.c...
compiling main.c...
compiling stm32f4xx_hal_timebase_tim.c...
compiling stm32f4xx_hal_msp.c...
compiling stm32f4xx_it.c...
compiling stm32f4xx_hal_can.c...
compiling stm32f4xx_hal_rcc_ex.c...
compiling usart.c...
compiling stm32f4xx_hal_rcc.c...
compiling stm32f4xx_hal_flash.c...
compiling stm32f4xx_hal_flash_ramfunc.c...
compiling stm32f4xx_hal_gpio.c...
compiling stm32f4xx_hal_flash_ex.c...
compiling stm32f4xx_hal_pwr.c...
compiling stm32f4xx_hal_dma.c...
compiling stm32f4xx_hal_dma_ex.c...
compiling stm32f4xx_hal_pwr_ex.c...
compiling stm32f4xx_hal.c...
compiling stm32f4xx_hal_exti.c...
compiling stm32f4xx_hal_cortex.c...
compiling croutine.c...
compiling stm32f4xx_hal_iwdg.c...
compiling stm32f4xx_hal_spi.c...
compiling event_groups.c...
compiling list.c...
compiling stream_buffer.c...
compiling queue.c...
compiling tasks.c...
compiling timers.c...
compiling heap_4.c...
compiling cmsis_os.c...
compiling port.c...
compiling stm32f4xx_hal_tim.c...
compiling system_stm32f4xx.c...
compiling stm32f4xx_hal_tim_ex.c...
compiling stm32f4xx_hal_uart.c...
compiling Chassis.c...
compiling USER_CAN.c...
compiling Friction_wheel.c...
compiling Debug.c...
compiling ATK_IMU.c...
..\USER\ATK_IMU\ATK_IMU.c(22): warning:  #550-D: variable "receive"  was set but never used
  	uint8_t receive;
..\USER\ATK_IMU\ATK_IMU.c: 1 warning, 0 errors
compiling DBus.c...
compiling DBUS_Control.c...
compiling PID.c...
compiling Fire.c...
linking...
Program Size: Code=19244 RO-data=756 RW-data=196 ZI-data=20668  
FromELF: creating hex file...
"V-CTIM-RM\V-CTIM-RM.axf" - 0 Error(s), 1 Warning(s).

<h2>Software Packages used:</h2>

Package Vendor: ARM
                http://www.keil.com/pack/ARM.CMSIS.5.9.0.pack
                ARM::CMSIS@5.9.0
                CMSIS (Common Microcontroller Software Interface Standard)
   * Component: CORE Version: 5.6.0

Package Vendor: Keil
                http://www.keil.com/pack/Keil.STM32F4xx_DFP.2.15.0.pack
                Keil::STM32F4xx_DFP@2.15.0
                STMicroelectronics STM32F4 Series Device Support, Drivers and Examples

<h2>Collection of Component include folders:</h2>
  ./RTE/_V-CTIM-RM
  E:/Robomaster/keil/pack/ARM/CMSIS/5.9.0/CMSIS/Core/Include
  E:/Robomaster/keil/pack/Keil/STM32F4xx_DFP/2.15.0/Drivers/CMSIS/Device/ST/STM32F4xx/Include

<h2>Collection of Component Files used:</h2>

   * Component: ARM::CMSIS:CORE@5.6.0
      Include file:  CMSIS/Core/Include/tz_context.h
Build Time Elapsed:  00:00:21
</pre>
</body>
</html>
