<html>
<body>
<pre>
<h1>µVision Build Log</h1>
<h2>Tool Versions:</h2>
IDE-Version: ¦ÌVision V5.36.0.0
Copyright (C) 2021 ARM Ltd and ARM Germany GmbH. All rights reserved.
License Information: 1 1, 1, LIC=NQQMA-1ETTV-HLKCL-0EVKZ-E1BVZ-K7PWK
 
Tool Versions:
Toolchain:       MDK-ARM Plus  Version: 5.36.0.0
Toolchain Path:  D:\tencent\RobotMaster\ARM\ARMCC\Bin
C Compiler:      Armcc.exe V5.06 update 7 (build 960)
Assembler:       Armasm.exe V5.06 update 7 (build 960)
Linker/Locator:  ArmLink.exe V5.06 update 7 (build 960)
Library Manager: ArmAr.exe V5.06 update 7 (build 960)
Hex Converter:   FromElf.exe V5.06 update 7 (build 960)
CPU DLL:         SARMCM3.DLL V5.36.0.0
Dialog DLL:      DCM.DLL V1.17.3.0
Target DLL:      Segger\JL2CM3.dll V2.99.40.0
Dialog DLL:      TCM.DLL V1.53.0.0
 
<h2>Project:</h2>
C:\Users\86355\Desktop\RM_G5\RM_G\MDK-ARM\RM_G.uvprojx
Project File Date:  10/15/2023

<h2>Output:</h2>
*** Using Compiler 'V5.06 update 7 (build 960)', folder: 'D:\tencent\RobotMaster\ARM\ARMCC\Bin'
Rebuild target 'RM_G'
assembling startup_stm32f407xx.s...
compiling dma.c...
compiling i2c.c...
compiling can.c...
compiling rng.c...
compiling gpio.c...
compiling main.c...
compiling freertos.c...
compiling stm32f4xx_hal_msp.c...
compiling spi.c...
compiling usart.c...
compiling tim.c...
compiling stm32f4xx_it.c...
compiling stm32f4xx_hal_can.c...
compiling stm32f4xx_hal_rcc.c...
compiling stm32f4xx_hal_rcc_ex.c...
compiling stm32f4xx_hal_flash_ramfunc.c...
compiling stm32f4xx_hal_flash.c...
compiling stm32f4xx_hal_dma.c...
compiling stm32f4xx_hal_flash_ex.c...
compiling stm32f4xx_hal_gpio.c...
compiling stm32f4xx_hal_dma_ex.c...
compiling stm32f4xx_hal_i2c_ex.c...
compiling stm32f4xx_hal_pwr_ex.c...
compiling stm32f4xx_hal_cortex.c...
compiling stm32f4xx_hal_pwr.c...
compiling stm32f4xx_hal.c...
compiling stm32f4xx_hal_exti.c...
compiling stm32f4xx_hal_i2c.c...
compiling croutine.c...
compiling event_groups.c...
compiling list.c...
compiling queue.c...
compiling stream_buffer.c...
compiling tasks.c...
compiling timers.c...
compiling cmsis_os.c...
compiling heap_4.c...
compiling port.c...
compiling stm32f4xx_hal_rng.c...
compiling system_stm32f4xx.c...
compiling stm32f4xx_hal_spi.c...
compiling stm32f4xx_hal_tim_ex.c...
compiling stm32f4xx_hal_uart.c...
compiling User_Kalman.c...
compiling stm32f4xx_hal_tim.c...
compiling User_Dbus.c...
compiling User_Can.c...
compiling User_Dbus_Control.c...
compiling User_Pid.c...
compiling User_Time.c...
compiling User_Debug.c...
..\ALL_USER\USER\User_Debug.c(175): warning:  #550-D: variable "len"  was set but never used
    uint16_t len = 0;
..\ALL_USER\USER\User_Debug.c: 1 warning, 0 errors
compiling User_Spi.c...
compiling User_Flash.c...
compiling User_Delay.c...
compiling User_Gpio.c...
compiling Gimbal.c...
compiling User_Lib.c...
compiling User_Led.c...
compiling AHRS_middleware.c...
compiling AHRS_Task.c...
compiling IST8310driver.c...
compiling BMI088driver.c...
compiling Shoot.c...
compiling BMI088Middleware.c...
compiling IST8310driver_middleware.c...
compiling Chassis.c...
compiling Calibrate_Task.c...
compiling My_Crc.c...
compiling Fire.c...
compiling PC_Link.c...
linking...
Program Size: Code=64464 RO-data=4700 RW-data=632 ZI-data=34016  
FromELF: creating hex file...
"RM_G\RM_G.axf" - 0 Error(s), 1 Warning(s).

<h2>Software Packages used:</h2>

Package Vendor: ARM
                http://www.keil.com/pack/ARM.CMSIS.5.8.0.pack
                ARM.CMSIS.5.8.0
                CMSIS (Common Microcontroller Software Interface Standard)
   * Component: CORE Version: 5.5.0

Package Vendor: Keil
                https://www.keil.com/pack/Keil.STM32F4xx_DFP.2.17.1.pack
                Keil.STM32F4xx_DFP.2.17.1
                STMicroelectronics STM32F4 Series Device Support, Drivers and Examples

<h2>Collection of Component include folders:</h2>
  .\RTE\_RM_G
  D:\tencent\RobotMaster\ARM\CMSIS\5.8.0\CMSIS\Core\Include
  D:\tencent\RobotMaster\Keil\STM32F4xx_DFP\2.17.1\Drivers\CMSIS\Device\ST\STM32F4xx\Include

<h2>Collection of Component Files used:</h2>

   * Component: ARM::CMSIS:CORE:5.5.0
      Include file:  CMSIS\Core\Include\tz_context.h
Build Time Elapsed:  00:00:40
</pre>
</body>
</html>
