Component: ARM Compiler 5.06 update 7 (build 960) Tool: armlink [4d3601]

==============================================================================

Section Cross References

    startup_stm32f407xx.o(STACK) refers (Special) to heapauxi.o(.text) for __use_two_region_memory
    startup_stm32f407xx.o(HEAP) refers (Special) to heapauxi.o(.text) for __use_two_region_memory
    startup_stm32f407xx.o(RESET) refers (Special) to heapauxi.o(.text) for __use_two_region_memory
    startup_stm32f407xx.o(RESET) refers to startup_stm32f407xx.o(STACK) for __initial_sp
    startup_stm32f407xx.o(RESET) refers to startup_stm32f407xx.o(.text) for Reset_Handler
    startup_stm32f407xx.o(RESET) refers to stm32f4xx_it.o(i.NMI_Handler) for NMI_Handler
    startup_stm32f407xx.o(RESET) refers to stm32f4xx_it.o(i.HardFault_Handler) for HardFault_Handler
    startup_stm32f407xx.o(RESET) refers to stm32f4xx_it.o(i.MemManage_Handler) for MemManage_Handler
    startup_stm32f407xx.o(RESET) refers to stm32f4xx_it.o(i.BusFault_Handler) for BusFault_Handler
    startup_stm32f407xx.o(RESET) refers to stm32f4xx_it.o(i.UsageFault_Handler) for UsageFault_Handler
    startup_stm32f407xx.o(RESET) refers to port.o(.emb_text) for SVC_Handler
    startup_stm32f407xx.o(RESET) refers to stm32f4xx_it.o(i.DebugMon_Handler) for DebugMon_Handler
    startup_stm32f407xx.o(RESET) refers to stm32f4xx_it.o(i.SysTick_Handler) for SysTick_Handler
    startup_stm32f407xx.o(RESET) refers to stm32f4xx_it.o(i.EXTI0_IRQHandler) for EXTI0_IRQHandler
    startup_stm32f407xx.o(RESET) refers to stm32f4xx_it.o(i.EXTI3_IRQHandler) for EXTI3_IRQHandler
    startup_stm32f407xx.o(RESET) refers to stm32f4xx_it.o(i.EXTI4_IRQHandler) for EXTI4_IRQHandler
    startup_stm32f407xx.o(RESET) refers to stm32f4xx_it.o(i.DMA1_Stream1_IRQHandler) for DMA1_Stream1_IRQHandler
    startup_stm32f407xx.o(RESET) refers to stm32f4xx_it.o(i.DMA1_Stream5_IRQHandler) for DMA1_Stream5_IRQHandler
    startup_stm32f407xx.o(RESET) refers to stm32f4xx_it.o(i.DMA1_Stream6_IRQHandler) for DMA1_Stream6_IRQHandler
    startup_stm32f407xx.o(RESET) refers to stm32f4xx_it.o(i.CAN1_RX0_IRQHandler) for CAN1_RX0_IRQHandler
    startup_stm32f407xx.o(RESET) refers to stm32f4xx_it.o(i.EXTI9_5_IRQHandler) for EXTI9_5_IRQHandler
    startup_stm32f407xx.o(RESET) refers to stm32f4xx_it.o(i.USART2_IRQHandler) for USART2_IRQHandler
    startup_stm32f407xx.o(RESET) refers to user_dbus.o(i.USART3_IRQHandler) for USART3_IRQHandler
    startup_stm32f407xx.o(RESET) refers to stm32f4xx_it.o(i.DMA2_Stream1_IRQHandler) for DMA2_Stream1_IRQHandler
    startup_stm32f407xx.o(RESET) refers to ahrs_task.o(i.DMA2_Stream2_IRQHandler) for DMA2_Stream2_IRQHandler
    startup_stm32f407xx.o(RESET) refers to stm32f4xx_it.o(i.DMA2_Stream3_IRQHandler) for DMA2_Stream3_IRQHandler
    startup_stm32f407xx.o(RESET) refers to stm32f4xx_it.o(i.CAN2_RX0_IRQHandler) for CAN2_RX0_IRQHandler
    startup_stm32f407xx.o(RESET) refers to stm32f4xx_it.o(i.DMA2_Stream7_IRQHandler) for DMA2_Stream7_IRQHandler
    startup_stm32f407xx.o(RESET) refers to pc_link.o(i.USART6_IRQHandler) for USART6_IRQHandler
    startup_stm32f407xx.o(.text) refers (Special) to heapauxi.o(.text) for __use_two_region_memory
    startup_stm32f407xx.o(.text) refers to system_stm32f4xx.o(i.SystemInit) for SystemInit
    startup_stm32f407xx.o(.text) refers to __main.o(!!!main) for __main
    startup_stm32f407xx.o(.text) refers to startup_stm32f407xx.o(HEAP) for Heap_Mem
    startup_stm32f407xx.o(.text) refers to startup_stm32f407xx.o(STACK) for Stack_Mem
    main.o(i.SystemClock_Config) refers to rt_memclr_w.o(.text) for __aeabi_memclr4
    main.o(i.SystemClock_Config) refers to stm32f4xx_hal_rcc.o(i.HAL_RCC_OscConfig) for HAL_RCC_OscConfig
    main.o(i.SystemClock_Config) refers to stm32f4xx_hal_rcc.o(i.HAL_RCC_ClockConfig) for HAL_RCC_ClockConfig
    main.o(i.main) refers to stm32f4xx_hal.o(i.HAL_Init) for HAL_Init
    main.o(i.main) refers to main.o(i.SystemClock_Config) for SystemClock_Config
    main.o(i.main) refers to gpio.o(i.MX_GPIO_Init) for MX_GPIO_Init
    main.o(i.main) refers to dma.o(i.MX_DMA_Init) for MX_DMA_Init
    main.o(i.main) refers to can.o(i.MX_CAN1_Init) for MX_CAN1_Init
    main.o(i.main) refers to can.o(i.MX_CAN2_Init) for MX_CAN2_Init
    main.o(i.main) refers to usart.o(i.MX_USART2_UART_Init) for MX_USART2_UART_Init
    main.o(i.main) refers to tim.o(i.MX_TIM1_Init) for MX_TIM1_Init
    main.o(i.main) refers to tim.o(i.MX_TIM4_Init) for MX_TIM4_Init
    main.o(i.main) refers to tim.o(i.MX_TIM10_Init) for MX_TIM10_Init
    main.o(i.main) refers to usart.o(i.MX_USART1_UART_Init) for MX_USART1_UART_Init
    main.o(i.main) refers to spi.o(i.MX_SPI1_Init) for MX_SPI1_Init
    main.o(i.main) refers to i2c.o(i.MX_I2C3_Init) for MX_I2C3_Init
    main.o(i.main) refers to usart.o(i.MX_USART3_UART_Init) for MX_USART3_UART_Init
    main.o(i.main) refers to usart.o(i.MX_USART6_UART_Init) for MX_USART6_UART_Init
[...]
    Yaw_Vision_Angle_Pid                     0x200076e4   Data          48  gimbal.o(.bss)
    Yaw_Vision_Speed_Pid                     0x20007714   Data          72  gimbal.o(.bss)
    Pitch_Vision_Angle_Pid                   0x2000775c   Data          48  gimbal.o(.bss)
    Pitch_Vision_Speed_Pid                   0x2000778c   Data          72  gimbal.o(.bss)
    Vision_Yaw                               0x200077d4   Data          48  gimbal.o(.bss)
    Vision_Pitch                             0x20007804   Data          48  gimbal.o(.bss)
    Judge_User                               0x20007834   Data          84  gimbal.o(.bss)
    Robot_Grade                              0x20007888   Data          20  gimbal.o(.bss)
    INS_angle                                0x200078f4   Data          12  ahrs_task.o(.bss)
    accel_dma_rx_buf                         0x20007900   Data           9  ahrs_task.o(.bss)
    bmi088_real_data                         0x2000790c   Data          36  ahrs_task.o(.bss)
    gyro_offset                              0x20007930   Data          12  ahrs_task.o(.bss)
    gyro_cali_offset                         0x2000793c   Data          12  ahrs_task.o(.bss)
    accel_offset                             0x20007948   Data          12  ahrs_task.o(.bss)
    ist8310_real_data                        0x20007954   Data          16  ahrs_task.o(.bss)
    mag_offset                               0x20007964   Data          12  ahrs_task.o(.bss)
    IMU                                      0x200079b8   Data          70  ahrs_task.o(.bss)
    cali_sensor                              0x20007ad4   Data          65  calibrate_task.o(.bss)
    M3508_Speed_Pid                          0x20007b18   Data         288  chassis.o(.bss)
    Chassis_Follow_Angle_Pid                 0x20007c38   Data          48  chassis.o(.bss)
    Chassis_Follow_Speed_Pid                 0x20007c68   Data          72  chassis.o(.bss)
    M3508_Speed_Pid_Left                     0x20007cb0   Data          72  shoot.o(.bss)
    M3508_Speed_Pid_Right                    0x20007cf8   Data          72  shoot.o(.bss)
    M2006_Angle_Pid                          0x20007d40   Data          72  fire.o(.bss)
    M2006_Speed_Pid                          0x20007d88   Data          72  fire.o(.bss)
    obj_data                                 0x200080d0   Data          36  pc_link.o(.bss)
    __libspace_start                         0x200080f4   Data          96  libspace.o(.bss)
    __temporary_stack_top$libspace           0x20008154   Data           0  libspace.o(.bss)



==============================================================================

Memory Map of the image

  Image Entry point : 0x08000189

  Load Region LR_IROM1 (Base: 0x08000000, Size: 0x000110a4, Max: 0x00100000, ABSOLUTE, COMPRESSED[0x00010ec8])

    Execution Region ER_IROM1 (Exec base: 0x08000000, Load base: 0x08000000, Size: 0x00010e2c, Max: 0x00100000, ABSOLUTE)

    Exec Addr    Load Addr    Size         Type   Attr      Idx    E Section Name        Object

    0x08000000   0x08000000   0x00000188   Data   RO            3    RESET               startup_stm32f407xx.o
    0x08000188   0x08000188   0x00000008   Code   RO         7973  * !!!main             c_w.l(__main.o)
    0x08000190   0x08000190   0x00000034   Code   RO         8506    !!!scatter          c_w.l(__scatter.o)
    0x080001c4   0x080001c4   0x0000005a   Code   RO         8504    !!dczerorl2         c_w.l(__dczerorl2.o)
    0x0800021e   0x0800021e   0x00000002   PAD
    0x08000220   0x08000220   0x0000001c   Code   RO         8508    !!handler_zi        c_w.l(__scatter_zi.o)
    0x0800023c   0x0800023c   0x00000000   Code   RO         8159    .ARM.Collect$$_printf_percent$$00000000  c_w.l(_printf_percent.o)
    0x0800023c   0x0800023c   0x00000006   Code   RO         8148    .ARM.Collect$$_printf_percent$$00000001  c_w.l(_printf_n.o)
    0x08000242   0x08000242   0x00000006   Code   RO         8150    .ARM.Collect$$_printf_percent$$00000002  c_w.l(_printf_p.o)
    0x08000248   0x08000248   0x00000006   Code   RO         8155    .ARM.Collect$$_printf_percent$$00000003  c_w.l(_printf_f.o)
    0x0800024e   0x0800024e   0x00000006   Code   RO         8156    .ARM.Collect$$_printf_percent$$00000004  c_w.l(_printf_e.o)
    0x08000254   0x08000254   0x00000006   Code   RO         8157    .ARM.Collect$$_printf_percent$$00000005  c_w.l(_printf_g.o)
    0x0800025a   0x0800025a   0x00000006   Code   RO         8158    .ARM.Collect$$_printf_percent$$00000006  c_w.l(_printf_a.o)
    0x08000260   0x08000260   0x0000000a   Code   RO         8163    .ARM.Collect$$_printf_percent$$00000007  c_w.l(_printf_ll.o)
    0x0800026a   0x0800026a   0x00000006   Code   RO         8152    .ARM.Collect$$_printf_percent$$00000008  c_w.l(_printf_i.o)
    0x08000270   0x08000270   0x00000006   Code   RO         8153    .ARM.Collect$$_printf_percent$$00000009  c_w.l(_printf_d.o)
    0x08000276   0x08000276   0x00000006   Code   RO         8154    .ARM.Collect$$_printf_percent$$0000000A  c_w.l(_printf_u.o)
    0x0800027c   0x0800027c   0x00000006   Code   RO         8151    .ARM.Collect$$_printf_percent$$0000000B  c_w.l(_printf_o.o)
    0x08000282   0x08000282   0x00000006   Code   RO         8149    .ARM.Collect$$_printf_percent$$0000000C  c_w.l(_printf_x.o)
    0x08000288   0x08000288   0x00000006   Code   RO         8160    .ARM.Collect$$_printf_percent$$0000000D  c_w.l(_printf_lli.o)
    0x0800028e   0x0800028e   0x00000006   Code   RO         8161    .ARM.Collect$$_printf_percent$$0000000E  c_w.l(_printf_lld.o)
    0x08000294   0x08000294   0x00000006   Code   RO         8162    .ARM.Collect$$_printf_percent$$0000000F  c_w.l(_printf_llu.o)
    0x0800029a   0x0800029a   0x00000006   Code   RO         8167    .ARM.Collect$$_printf_percent$$00000010  c_w.l(_printf_llo.o)
    0x080002a0   0x080002a0   0x00000006   Code   RO         8168    .ARM.Collect$$_printf_percent$$00000011  c_w.l(_printf_llx.o)
    0x080002a6   0x080002a6   0x0000000a   Code   RO         8164    .ARM.Collect$$_printf_percent$$00000012  c_w.l(_printf_l.o)
    0x080002b0   0x080002b0   0x00000006   Code   RO         8146    .ARM.Collect$$_printf_percent$$00000013  c_w.l(_printf_c.o)
    0x080002b6   0x080002b6   0x00000006   Code   RO         8147    .ARM.Collect$$_printf_percent$$00000014  c_w.l(_printf_s.o)
    0x080002bc   0x080002bc   0x00000006   Code   RO         8165    .ARM.Collect$$_printf_percent$$00000015  c_w.l(_printf_lc.o)
    0x080002c2   0x080002c2   0x00000006   Code   RO         8166    .ARM.Collect$$_printf_percent$$00000016  c_w.l(_printf_ls.o)
    0x080002c8   0x080002c8   0x00000004   Code   RO         8292    .ARM.Collect$$_printf_percent$$00000017  c_w.l(_printf_percent_end.o)
    0x080002cc   0x080002cc   0x00000002   Code   RO         8368    .ARM.Collect$$libinit$$00000000  c_w.l(libinit.o)
    0x080002ce   0x080002ce   0x00000004   Code   RO         8384    .ARM.Collect$$libinit$$00000001  c_w.l(libinit2.o)
    0x080002d2   0x080002d2   0x00000000   Code   RO         8387    .ARM.Collect$$libinit$$00000004  c_w.l(libinit2.o)
    0x080002d2   0x080002d2   0x00000000   Code   RO         8390    .ARM.Collect$$libinit$$0000000A  c_w.l(libinit2.o)
    0x080002d2   0x080002d2   0x00000000   Code   RO         8392    .ARM.Collect$$libinit$$0000000C  c_w.l(libinit2.o)
    0x080002d2   0x080002d2   0x00000000   Code   RO         8394    .ARM.Collect$$libinit$$0000000E  c_w.l(libinit2.o)
    0x080002d2   0x080002d2   0x00000006   Code   RO         8395    .ARM.Collect$$libinit$$0000000F  c_w.l(libinit2.o)
    0x080002d8   0x080002d8   0x00000000   Code   RO         8397    .ARM.Collect$$libinit$$00000011  c_w.l(libinit2.o)
    0x080002d8   0x080002d8   0x0000000c   Code   RO         8398    .ARM.Collect$$libinit$$00000012  c_w.l(libinit2.o)
    0x080002e4   0x080002e4   0x00000000   Code   RO         8399    .ARM.Collect$$libinit$$00000013  c_w.l(libinit2.o)
    0x080002e4   0x080002e4   0x00000000   Code   RO         8401    .ARM.Collect$$libinit$$00000015  c_w.l(libinit2.o)
    0x080002e4   0x080002e4   0x0000000a   Code   RO         8402    .ARM.Collect$$libinit$$00000016  c_w.l(libinit2.o)
    0x080002ee   0x080002ee   0x00000000   Code   RO         8403    .ARM.Collect$$libinit$$00000017  c_w.l(libinit2.o)
    0x080002ee   0x080002ee   0x00000000   Code   RO         8405    .ARM.Collect$$libinit$$00000019  c_w.l(libinit2.o)
    0x080002ee   0x080002ee   0x00000000   Code   RO         8407    .ARM.Collect$$libinit$$0000001B  c_w.l(libinit2.o)
    0x080002ee   0x080002ee   0x00000000   Code   RO         8409    .ARM.Collect$$libinit$$0000001D  c_w.l(libinit2.o)
    0x080002ee   0x080002ee   0x00000000   Code   RO         8411    .ARM.Collect$$libinit$$0000001F  c_w.l(libinit2.o)
    0x080002ee   0x080002ee   0x00000000   Code   RO         8413    .ARM.Collect$$libinit$$00000021  c_w.l(libinit2.o)
    0x080002ee   0x080002ee   0x00000000   Code   RO         8415    .ARM.Collect$$libinit$$00000023  c_w.l(libinit2.o)
    0x080002ee   0x080002ee   0x00000000   Code   RO         8417    .ARM.Collect$$libinit$$00000025  c_w.l(libinit2.o)
    0x080002ee   0x080002ee   0x00000000   Code   RO         8421    .ARM.Collect$$libinit$$0000002C  c_w.l(libinit2.o)
    0x080002ee   0x080002ee   0x00000000   Code   RO         8423    .ARM.Collect$$libinit$$0000002E  c_w.l(libinit2.o)
    0x080002ee   0x080002ee   0x00000000   Code   RO         8425    .ARM.Collect$$libinit$$00000030  c_w.l(libinit2.o)
    0x080002ee   0x080002ee   0x00000000   Code   RO         8427    .ARM.Collect$$libinit$$00000032  c_w.l(libinit2.o)
    0x080002ee   0x080002ee   0x00000002   Code   RO         8428    .ARM.Collect$$libinit$$00000033  c_w.l(libinit2.o)
    0x080002f0   0x080002f0   0x00000002   Code   RO         8459    .ARM.Collect$$libshutdown$$00000000  c_w.l(libshutdown.o)
    0x080002f2   0x080002f2   0x00000000   Code   RO         8485    .ARM.Collect$$libshutdown$$00000002  c_w.l(libshutdown2.o)
    0x080002f2   0x080002f2   0x00000000   Code   RO         8487    .ARM.Collect$$libshutdown$$00000004  c_w.l(libshutdown2.o)
    0x080002f2   0x080002f2   0x00000000   Code   RO         8489    .ARM.Collect$$libshutdown$$00000006  c_w.l(libshutdown2.o)
    0x080002f2   0x080002f2   0x00000000   Code   RO         8492    .ARM.Collect$$libshutdown$$00000009  c_w.l(libshutdown2.o)
    0x080002f2   0x080002f2   0x00000000   Code   RO         8495    .ARM.Collect$$libshutdown$$0000000C  c_w.l(libshutdown2.o)
    0x080002f2   0x080002f2   0x00000000   Code   RO         8497    .ARM.Collect$$libshutdown$$0000000E  c_w.l(libshutdown2.o)
    0x080002f2   0x080002f2   0x00000000   Code   RO         8500    .ARM.Collect$$libshutdown$$00000011  c_w.l(libshutdown2.o)
    0x080002f2   0x080002f2   0x00000002   Code   RO         8501    .ARM.Collect$$libshutdown$$00000012  c_w.l(libshutdown2.o)
    0x080002f4   0x080002f4   0x00000000   Code   RO         8071    .ARM.Collect$$rtentry$$00000000  c_w.l(__rtentry.o)
    0x080002f4   0x080002f4   0x00000000   Code   RO         8254    .ARM.Collect$$rtentry$$00000002  c_w.l(__rtentry2.o)
    0x080002f4   0x080002f4   0x00000006   Code   RO         8266    .ARM.Collect$$rtentry$$00000004  c_w.l(__rtentry4.o)
    0x080002fa   0x080002fa   0x00000000   Code   RO         8256    .ARM.Collect$$rtentry$$00000009  c_w.l(__rtentry2.o)
    0x080002fa   0x080002fa   0x00000004   Code   RO         8257    .ARM.Collect$$rtentry$$0000000A  c_w.l(__rtentry2.o)
    0x080002fe   0x080002fe   0x00000000   Code   RO         8259    .ARM.Collect$$rtentry$$0000000C  c_w.l(__rtentry2.o)
    0x080002fe   0x080002fe   0x00000008   Code   RO         8260    .ARM.Collect$$rtentry$$0000000D  c_w.l(__rtentry2.o)
    0x08000306   0x08000306   0x00000002   Code   RO         8371    .ARM.Collect$$rtexit$$00000000  c_w.l(rtexit.o)
    0x08000308   0x08000308   0x00000000   Code   RO         8432    .ARM.Collect$$rtexit$$00000002  c_w.l(rtexit2.o)
    0x08000308   0x08000308   0x00000004   Code   RO         8433    .ARM.Collect$$rtexit$$00000003  c_w.l(rtexit2.o)
    0x0800030c   0x0800030c   0x00000006   Code   RO         8434    .ARM.Collect$$rtexit$$00000004  c_w.l(rtexit2.o)
    0x08000312   0x08000312   0x00000002   PAD
    0x08000314   0x08000314   0x000000be   Code   RO         5954    .emb_text           port.o
    0x080003d2   0x080003d2   0x00000002   PAD
    0x080003d4   0x080003d4   0x00000040   Code   RO            4    .text               startup_stm32f407xx.o
    0x08000414   0x08000414   0x00000078   Code   RO         7797    .text               arm_cortexM4lf_math.lib(arm_cos_f32.o)
    0x0800048c   0x0800048c   0x00000074   Code   RO         7850    .text               arm_cortexM4lf_math.lib(arm_sin_f32.o)
    0x08000500   0x08000500   0x000000ee   Code   RO         7955    .text               c_w.l(lludivv7m.o)
    0x080005ee   0x080005ee   0x00000002   PAD
    0x080005f0   0x080005f0   0x00000024   Code   RO         7957    .text               c_w.l(vsprintf.o)
    0x08000614   0x08000614   0x0000003e   Code   RO         7959    .text               c_w.l(strlen.o)
    0x08000652   0x08000652   0x0000008a   Code   RO         7961    .text               c_w.l(rt_memcpy_v6.o)
    0x080006dc   0x080006dc   0x00000064   Code   RO         7963    .text               c_w.l(rt_memcpy_w.o)
    0x08000740   0x08000740   0x00000010   Code   RO         7967    .text               c_w.l(aeabi_memset.o)
    0x08000750   0x08000750   0x0000004e   Code   RO         7969    .text               c_w.l(rt_memclr_w.o)
    0x0800079e   0x0800079e   0x00000006   Code   RO         7971    .text               c_w.l(heapauxi.o)
    0x080007a4   0x080007a4   0x00000016   Code   RO         8076    .text               c_w.l(_rserrno.o)
    0x080007ba   0x080007ba   0x0000004e   Code   RO         8080    .text               c_w.l(_printf_pad.o)
    0x08000808   0x08000808   0x00000024   Code   RO         8082    .text               c_w.l(_printf_truncate.o)
    0x0800082c   0x0800082c   0x00000052   Code   RO         8084    .text               c_w.l(_printf_str.o)
    0x0800087e   0x0800087e   0x00000002   PAD
    0x08000880   0x08000880   0x00000078   Code   RO         8086    .text               c_w.l(_printf_dec.o)
    0x080008f8   0x080008f8   0x00000028   Code   RO         8088    .text               c_w.l(_printf_charcount.o)
    0x08000920   0x08000920   0x00000030   Code   RO         8090    .text               c_w.l(_printf_char_common.o)
    0x08000950   0x08000950   0x0000000a   Code   RO         8092    .text               c_w.l(_sputc.o)
    0x0800095a   0x0800095a   0x00000002   PAD
    0x0800095c   0x0800095c   0x000000bc   Code   RO         8094    .text               c_w.l(_printf_wctomb.o)
    0x08000a18   0x08000a18   0x0000007c   Code   RO         8097    .text               c_w.l(_printf_longlong_dec.o)
    0x08000a94   0x08000a94   0x00000070   Code   RO         8103    .text               c_w.l(_printf_oct_int_ll.o)
    0x08000b04   0x08000b04   0x00000094   Code   RO         8123    .text               c_w.l(_printf_hex_int_ll_ptr.o)
    0x08000b98   0x08000b98   0x00000188   Code   RO         8143    .text               c_w.l(__printf_flags_ss_wp.o)
    0x08000d20   0x08000d20   0x00000044   Code   RO         8169    .text               c_w.l(rt_memclr.o)
    0x08000d64   0x08000d64   0x00000008   Code   RO         8273    .text               c_w.l(rt_errno_addr_intlibspace.o)
    0x08000d6c   0x08000d6c   0x0000008a   Code   RO         8275    .text               c_w.l(lludiv10.o)
    0x08000df6   0x08000df6   0x00000002   PAD
    0x08000df8   0x08000df8   0x00000030   Code   RO         8277    .text               c_w.l(_fptrap.o)
    0x08000e28   0x08000e28   0x000000b2   Code   RO         8279    .text               c_w.l(_printf_intcommon.o)
    0x08000eda   0x08000eda   0x0000041e   Code   RO         8281    .text               c_w.l(_printf_fp_dec.o)
    0x080012f8   0x080012f8   0x000002fc   Code   RO         8283    .text               c_w.l(_printf_fp_hex.o)
    0x080015f4   0x080015f4   0x0000002c   Code   RO         8288    .text               c_w.l(_printf_char.o)
    0x08001620   0x08001620   0x0000002c   Code   RO         8290    .text               c_w.l(_printf_wchar.o)
    0x0800164c   0x0800164c   0x00000040   Code   RO         8293    .text               c_w.l(_wcrtomb.o)
    0x0800168c   0x0800168c   0x00000008   Code   RO         8315    .text               c_w.l(libspace.o)
    0x08001694   0x08001694   0x0000004a   Code   RO         8318    .text               c_w.l(sys_stackheap_outer.o)
    0x080016de   0x080016de   0x00000002   PAD
    0x080016e0   0x080016e0   0x00000010   Code   RO         8320    .text               c_w.l(rt_ctype_table.o)
    0x080016f0   0x080016f0   0x00000008   Code   RO         8325    .text               c_w.l(rt_locale_intlibspace.o)
    0x080016f8   0x080016f8   0x00000080   Code   RO         8327    .text               c_w.l(_printf_fp_infnan.o)
    0x08001778   0x08001778   0x000000e4   Code   RO         8329    .text               c_w.l(bigflt0.o)
    0x0800185c   0x0800185c   0x00000012   Code   RO         8357    .text               c_w.l(exit.o)
    0x0800186e   0x0800186e   0x0000000e   Code   RO         8359    .text               c_w.l(defsig_fpe_outer.o)
    0x0800187c   0x0800187c   0x0000000a   Code   RO         8378    .text               c_w.l(defsig_exit.o)
    0x08001886   0x08001886   0x00000002   PAD
    0x08001888   0x08001888   0x000000ac   Code   RO         8380    .text               c_w.l(defsig_fpe_inner.o)
    0x08001934   0x08001934   0x00000080   Code   RO         8382    .text               c_w.l(strcmpv7m.o)
    0x080019b4   0x080019b4   0x0000000c   Code   RO         8429    .text               c_w.l(sys_exit.o)
    0x080019c0   0x080019c0   0x00000032   Code   RO         8440    .text               c_w.l(defsig_general.o)
    0x080019f2   0x080019f2   0x0000000e   Code   RO         8446    .text               c_w.l(sys_wrch.o)
    0x08001a00   0x08001a00   0x00000002   Code   RO         8448    .text               c_w.l(use_no_semi.o)
    0x08001a02   0x08001a02   0x00000000   Code   RO         8450    .text               c_w.l(indicate_semi.o)
    0x08001a02   0x08001a02   0x0000003e   Code   RO         8332    CL$$btod_d2e        c_w.l(btod.o)
    0x08001a40   0x08001a40   0x00000046   Code   RO         8334    CL$$btod_d2e_denorm_low  c_w.l(btod.o)
    0x08001a86   0x08001a86   0x00000060   Code   RO         8333    CL$$btod_d2e_norm_op1  c_w.l(btod.o)
    0x08001ae6   0x08001ae6   0x00000338   Code   RO         8342    CL$$btod_div_common  c_w.l(btod.o)
    0x08001e1e   0x08001e1e   0x000000dc   Code   RO         8339    CL$$btod_e2e        c_w.l(btod.o)
    0x08001efa   0x08001efa   0x0000002a   Code   RO         8336    CL$$btod_ediv       c_w.l(btod.o)
    0x08001f24   0x08001f24   0x0000002a   Code   RO         8335    CL$$btod_emul       c_w.l(btod.o)
    0x08001f4e   0x08001f4e   0x00000244   Code   RO         8341    CL$$btod_mult_common  c_w.l(btod.o)
    0x08002192   0x08002192   0x00000002   PAD
    0x08002194   0x08002194   0x000000f8   Code   RO         6768    i.AHRS_Init         ahrs_task.o
    0x0800228c   0x0800228c   0x00000308   Code   RO         6769    i.AHRS_Read         ahrs_task.o
    0x08002594   0x08002594   0x00000004   Code   RO         7316    i.AHRS_asinf        ahrs_middleware.o
    0x08002598   0x08002598   0x00000004   Code   RO         7317    i.AHRS_atan2f       ahrs_middleware.o
    0x0800259c   0x0800259c   0x00000004   Code   RO         7318    i.AHRS_cosf         ahrs_middleware.o
    0x080025a0   0x080025a0   0x0000001a   Code   RO         7707    i.AHRS_fabs         AHRS.lib(ahrs.o)
    0x080025ba   0x080025ba   0x00000002   PAD
    0x080025bc   0x080025bc   0x00000014   Code   RO         7319    i.AHRS_get_height   ahrs_middleware.o
    0x080025d0   0x080025d0   0x0000000e   Code   RO         7320    i.AHRS_get_latitude  ahrs_middleware.o
    0x080025de   0x080025de   0x00000002   PAD
    0x080025e0   0x080025e0   0x0000029c   Code   RO         7708    i.AHRS_init         AHRS.lib(ahrs.o)
    0x0800287c   0x0800287c   0x00000014   Code   RO         7321    i.AHRS_invSqrt      ahrs_middleware.o
    0x08002890   0x08002890   0x00000004   Code   RO         7322    i.AHRS_sinf         ahrs_middleware.o
    0x08002894   0x08002894   0x0000013a   Code   RO         7709    i.AHRS_update       AHRS.lib(ahrs.o)
    0x080029ce   0x080029ce   0x00000002   PAD
    0x080029d0   0x080029d0   0x0000003c   Code   RO         6387    i.All_Time_Init     user_time.o
    0x08002a0c   0x08002a0c   0x00000020   Code   RO         7633    i.Analysis_RX_Buffer  pc_link.o
    0x08002a2c   0x08002a2c   0x00000028   Code   RO         7572    i.Append_CRC16_Check_Sum  my_crc.o
    0x08002a54   0x08002a54   0x0000001c   Code   RO         7573    i.Append_CRC8_Check_Sum  my_crc.o
    0x08002a70   0x08002a70   0x00000010   Code   RO         7042    i.BMI088_ACCEL_NS_H  bmi088middleware.o
    0x08002a80   0x08002a80   0x00000010   Code   RO         7043    i.BMI088_ACCEL_NS_L  bmi088middleware.o
    0x08002a90   0x08002a90   0x00000002   Code   RO         7044    i.BMI088_GPIO_init  bmi088middleware.o
    0x08002a92   0x08002a92   0x00000002   PAD
    0x08002a94   0x08002a94   0x00000010   Code   RO         7045    i.BMI088_GYRO_NS_H  bmi088middleware.o
    0x08002aa4   0x08002aa4   0x00000010   Code   RO         7046    i.BMI088_GYRO_NS_L  bmi088middleware.o
    0x08002ab4   0x08002ab4   0x00000088   Code   RO         6906    i.BMI088_accel_read_over  bmi088driver.o
    0x08002b3c   0x08002b3c   0x00000002   Code   RO         7047    i.BMI088_com_init   bmi088middleware.o
    0x08002b3e   0x08002b3e   0x00000004   Code   RO         7048    i.BMI088_delay_ms   bmi088middleware.o
    0x08002b42   0x08002b42   0x00000004   Code   RO         7049    i.BMI088_delay_us   bmi088middleware.o
    0x08002b46   0x08002b46   0x00000002   PAD
    0x08002b48   0x08002b48   0x00000060   Code   RO         6907    i.BMI088_gyro_read_over  bmi088driver.o
    0x08002ba8   0x08002ba8   0x0000002e   Code   RO         6908    i.BMI088_init       bmi088driver.o
    0x08002bd6   0x08002bd6   0x00000002   PAD
    0x08002bd8   0x08002bd8   0x00000158   Code   RO         6909    i.BMI088_read       bmi088driver.o
    0x08002d30   0x08002d30   0x00000024   Code   RO         6912    i.BMI088_read_muli_reg  bmi088driver.o
    0x08002d54   0x08002d54   0x00000016   Code   RO         6913    i.BMI088_read_single_reg  bmi088driver.o
    0x08002d6a   0x08002d6a   0x00000002   PAD
    0x08002d6c   0x08002d6c   0x00000020   Code   RO         7050    i.BMI088_read_write_byte  bmi088middleware.o
    0x08002d8c   0x08002d8c   0x0000002e   Code   RO         6914    i.BMI088_temperature_read_over  bmi088driver.o
    0x08002dba   0x08002dba   0x00000012   Code   RO         6915    i.BMI088_write_single_reg  bmi088driver.o
    0x08002dcc   0x08002dcc   0x00000002   Code   RO          745    i.BusFault_Handler  stm32f4xx_it.o
    0x08002dce   0x08002dce   0x00000002   PAD
    0x08002dd0   0x08002dd0   0x00000054   Code   RO         6034    i.CAN1_OPerate_Motor  user_can.o
    0x08002e24   0x08002e24   0x0000000c   Code   RO          746    i.CAN1_RX0_IRQHandler  stm32f4xx_it.o
    0x08002e30   0x08002e30   0x0000003c   Code   RO         6035    i.CAN1_to_Motor     user_can.o
    0x08002e6c   0x08002e6c   0x00000054   Code   RO         6036    i.CAN2_OPerate_Motor  user_can.o
    0x08002ec0   0x08002ec0   0x0000000c   Code   RO          747    i.CAN2_RX0_IRQHandler  stm32f4xx_it.o
    0x08002ecc   0x08002ecc   0x0000003c   Code   RO         6037    i.CAN2_to_Motor     user_can.o
    0x08002f08   0x08002f08   0x00000058   Code   RO         6038    i.CAN_Filter_Init   user_can.o
    0x08002f60   0x08002f60   0x00000078   Code   RO         7238    i.Cali_Param_Init   calibrate_task.o
    0x08002fd8   0x08002fd8   0x0000006c   Code   RO         7239    i.Calibrate_AHRS    calibrate_task.o
    0x08003044   0x08003044   0x00000254   Code   RO         7405    i.Chassis_Control   chassis.o
    0x08003298   0x08003298   0x0000006c   Code   RO         7406    i.Chassis_Follow    chassis.o
    0x08003304   0x08003304   0x00000098   Code   RO         7407    i.Chassis_Init      chassis.o
    0x0800339c   0x0800339c   0x00000100   Code   RO         7408    i.Chassis_Out       chassis.o
    0x0800349c   0x0800349c   0x00000028   Code   RO         7409    i.Chassis_Sleep     chassis.o
    0x080034c4   0x080034c4   0x0000003c   Code   RO         7410    i.Chassis_Vector_To_Mecanum_Wheel_Speed  chassis.o
    0x08003500   0x08003500   0x00000048   Code   RO         6098    i.Check_Remote      user_dbus.o
    0x08003548   0x08003548   0x0000000c   Code   RO          748    i.DMA1_Stream1_IRQHandler  stm32f4xx_it.o
    0x08003554   0x08003554   0x0000000c   Code   RO          749    i.DMA1_Stream5_IRQHandler  stm32f4xx_it.o
    0x08003560   0x08003560   0x0000000c   Code   RO          750    i.DMA1_Stream6_IRQHandler  stm32f4xx_it.o
    0x0800356c   0x0800356c   0x0000000c   Code   RO          751    i.DMA2_Stream1_IRQHandler  stm32f4xx_it.o
    0x08003578   0x08003578   0x000002d4   Code   RO         6770    i.DMA2_Stream2_IRQHandler  ahrs_task.o
    0x0800384c   0x0800384c   0x0000000c   Code   RO          752    i.DMA2_Stream3_IRQHandler  stm32f4xx_it.o
    0x08003858   0x08003858   0x0000000c   Code   RO          753    i.DMA2_Stream7_IRQHandler  stm32f4xx_it.o
    0x08003864   0x08003864   0x00000028   Code   RO         1604    i.DMA_CalcBaseAndBitshift  stm32f4xx_hal_dma.o
    0x0800388c   0x0800388c   0x00000054   Code   RO         1605    i.DMA_CheckFifoParam  stm32f4xx_hal_dma.o
    0x080038e0   0x080038e0   0x00000028   Code   RO         1606    i.DMA_SetConfig     stm32f4xx_hal_dma.o
    0x08003908   0x08003908   0x0000003c   Code   RO         6169    i.Dbus_Control_Init  user_dbus_control.o
    0x08003944   0x08003944   0x000000f0   Code   RO         6099    i.Dbus_To_RC        user_dbus.o
    0x08003a34   0x08003a34   0x00000002   Code   RO          754    i.DebugMon_Handler  stm32f4xx_it.o
    0x08003a36   0x08003a36   0x00000002   PAD
    0x08003a38   0x08003a38   0x00000044   Code   RO         6227    i.Debug_Usart       user_debug.o
    0x08003a7c   0x08003a7c   0x00000028   Code   RO         6492    i.Delay_Init        user_delay.o
    0x08003aa4   0x08003aa4   0x00000006   Code   RO          755    i.EXTI0_IRQHandler  stm32f4xx_it.o
    0x08003aaa   0x08003aaa   0x00000006   Code   RO          756    i.EXTI3_IRQHandler  stm32f4xx_it.o
    0x08003ab0   0x08003ab0   0x00000006   Code   RO          757    i.EXTI4_IRQHandler  stm32f4xx_it.o
    0x08003ab6   0x08003ab6   0x00000006   Code   RO          758    i.EXTI9_5_IRQHandler  stm32f4xx_it.o
    0x08003abc   0x08003abc   0x00000004   Code   RO           13    i.Error_Handler     main.o
    0x08003ac0   0x08003ac0   0x00000050   Code   RO         1419    i.FLASH_Erase_Sector  stm32f4xx_hal_flash_ex.o
    0x08003b10   0x08003b10   0x00000054   Code   RO         1420    i.FLASH_FlushCaches  stm32f4xx_hal_flash_ex.o
    0x08003b64   0x08003b64   0x00000028   Code   RO         1421    i.FLASH_MassErase   stm32f4xx_hal_flash_ex.o
    0x08003b8c   0x08003b8c   0x00000020   Code   RO         1301    i.FLASH_Program_Byte  stm32f4xx_hal_flash.o
    0x08003bac   0x08003bac   0x0000002c   Code   RO         1302    i.FLASH_Program_DoubleWord  stm32f4xx_hal_flash.o
    0x08003bd8   0x08003bd8   0x00000024   Code   RO         1303    i.FLASH_Program_HalfWord  stm32f4xx_hal_flash.o
    0x08003bfc   0x08003bfc   0x00000024   Code   RO         1304    i.FLASH_Program_Word  stm32f4xx_hal_flash.o
    0x08003c20   0x08003c20   0x00000068   Code   RO         1305    i.FLASH_SetErrorCode  stm32f4xx_hal_flash.o
    0x08003c88   0x08003c88   0x00000050   Code   RO         1306    i.FLASH_WaitForLastOperation  stm32f4xx_hal_flash.o
    0x08003cd8   0x08003cd8   0x00000054   Code   RO         7519    i.Fire_Angle_Out    fire.o
    0x08003d2c   0x08003d2c   0x000001f0   Code   RO         7520    i.Fire_Control      fire.o
    0x08003f1c   0x08003f1c   0x00000050   Code   RO         7521    i.Fire_Init         fire.o
    0x08003f6c   0x08003f6c   0x00000020   Code   RO         7522    i.Fire_Sleep        fire.o
    0x08003f8c   0x08003f8c   0x00000044   Code   RO         7523    i.Fire_Speed_Out    fire.o
    0x08003fd0   0x08003fd0   0x0000009c   Code   RO         6278    i.GIMBAL_PID_Calc   user_pid.o
    0x0800406c   0x0800406c   0x00000024   Code   RO         6279    i.GIMBAL_PID_Init   user_pid.o
    0x08004090   0x08004090   0x0000002c   Code   RO         7574    i.Get_CRC16_Check_Sum  my_crc.o
    0x080040bc   0x080040bc   0x0000001c   Code   RO         7575    i.Get_CRC8_Check_Sum  my_crc.o
    0x080040d8   0x080040d8   0x000000e4   Code   RO         6590    i.Gimbal_Control    gimbal.o
    0x080041bc   0x080041bc   0x00000148   Code   RO         6591    i.Gimbal_Init       gimbal.o
    0x08004304   0x08004304   0x000000e8   Code   RO         6592    i.Gimbal_Out        gimbal.o
    0x080043ec   0x080043ec   0x0000002c   Code   RO         6280    i.Gimbal_PID_clear  user_pid.o
    0x08004418   0x08004418   0x00000064   Code   RO         6593    i.Gimbal_Sleep      gimbal.o
    0x0800447c   0x0800447c   0x00000074   Code   RO         6594    i.Gimbal_Vision_Aim  gimbal.o
    0x080044f0   0x080044f0   0x000000ec   Code   RO         6595    i.Gimbal_Vision_Out  gimbal.o
    0x080045dc   0x080045dc   0x00000024   Code   RO          912    i.HAL_CAN_ActivateNotification  stm32f4xx_hal_can.o
    0x08004600   0x08004600   0x000000dc   Code   RO          913    i.HAL_CAN_AddTxMessage  stm32f4xx_hal_can.o
    0x080046dc   0x080046dc   0x0000010c   Code   RO          914    i.HAL_CAN_ConfigFilter  stm32f4xx_hal_can.o
    0x080047e8   0x080047e8   0x00000002   Code   RO          917    i.HAL_CAN_ErrorCallback  stm32f4xx_hal_can.o
    0x080047ea   0x080047ea   0x000000e8   Code   RO          920    i.HAL_CAN_GetRxMessage  stm32f4xx_hal_can.o
    0x080048d2   0x080048d2   0x000001fc   Code   RO          924    i.HAL_CAN_IRQHandler  stm32f4xx_hal_can.o
    0x08004ace   0x08004ace   0x0000011a   Code   RO          925    i.HAL_CAN_Init      stm32f4xx_hal_can.o
    0x08004be8   0x08004be8   0x000000fc   Code   RO          415    i.HAL_CAN_MspInit   can.o
    0x08004ce4   0x08004ce4   0x00000002   Code   RO          932    i.HAL_CAN_RxFifo0FullCallback  stm32f4xx_hal_can.o
    0x08004ce6   0x08004ce6   0x00000002   PAD
    0x08004ce8   0x08004ce8   0x00000190   Code   RO         6039    i.HAL_CAN_RxFifo0MsgPendingCallback  user_can.o
    0x08004e78   0x08004e78   0x00000002   Code   RO          934    i.HAL_CAN_RxFifo1FullCallback  stm32f4xx_hal_can.o
    0x08004e7a   0x08004e7a   0x00000002   Code   RO          935    i.HAL_CAN_RxFifo1MsgPendingCallback  stm32f4xx_hal_can.o
    0x08004e7c   0x08004e7c   0x00000002   Code   RO          936    i.HAL_CAN_SleepCallback  stm32f4xx_hal_can.o
    0x08004e7e   0x08004e7e   0x00000002   PAD
    0x08004e80   0x08004e80   0x00000058   Code   RO          937    i.HAL_CAN_Start     stm32f4xx_hal_can.o
    0x08004ed8   0x08004ed8   0x00000002   Code   RO          939    i.HAL_CAN_TxMailbox0AbortCallback  stm32f4xx_hal_can.o
    0x08004eda   0x08004eda   0x00000002   Code   RO          940    i.HAL_CAN_TxMailbox0CompleteCallback  stm32f4xx_hal_can.o
    0x08004edc   0x08004edc   0x00000002   Code   RO          941    i.HAL_CAN_TxMailbox1AbortCallback  stm32f4xx_hal_can.o
    0x08004ede   0x08004ede   0x00000002   Code   RO          942    i.HAL_CAN_TxMailbox1CompleteCallback  stm32f4xx_hal_can.o
    0x08004ee0   0x08004ee0   0x00000002   Code   RO          943    i.HAL_CAN_TxMailbox2AbortCallback  stm32f4xx_hal_can.o
    0x08004ee2   0x08004ee2   0x00000002   Code   RO          944    i.HAL_CAN_TxMailbox2CompleteCallback  stm32f4xx_hal_can.o
    0x08004ee4   0x08004ee4   0x00000002   Code   RO          946    i.HAL_CAN_WakeUpFromRxMsgCallback  stm32f4xx_hal_can.o
    0x08004ee6   0x08004ee6   0x00000092   Code   RO         1607    i.HAL_DMA_Abort     stm32f4xx_hal_dma.o
    0x08004f78   0x08004f78   0x00000024   Code   RO         1608    i.HAL_DMA_Abort_IT  stm32f4xx_hal_dma.o
    0x08004f9c   0x08004f9c   0x000001a0   Code   RO         1612    i.HAL_DMA_IRQHandler  stm32f4xx_hal_dma.o
    0x0800513c   0x0800513c   0x000000d4   Code   RO         1613    i.HAL_DMA_Init      stm32f4xx_hal_dma.o
    0x08005210   0x08005210   0x0000006e   Code   RO         1617    i.HAL_DMA_Start_IT  stm32f4xx_hal_dma.o
    0x0800527e   0x0800527e   0x00000002   PAD
    0x08005280   0x08005280   0x00000098   Code   RO         1422    i.HAL_FLASHEx_Erase  stm32f4xx_hal_flash_ex.o
    0x08005318   0x08005318   0x00000014   Code   RO         1310    i.HAL_FLASH_Lock    stm32f4xx_hal_flash.o
    0x0800532c   0x0800532c   0x0000007c   Code   RO         1315    i.HAL_FLASH_Program  stm32f4xx_hal_flash.o
    0x080053a8   0x080053a8   0x0000002c   Code   RO         1317    i.HAL_FLASH_Unlock  stm32f4xx_hal_flash.o
    0x080053d4   0x080053d4   0x00000078   Code   RO         6771    i.HAL_GPIO_EXTI_Callback  ahrs_task.o
    0x0800544c   0x0800544c   0x00000018   Code   RO         1499    i.HAL_GPIO_EXTI_IRQHandler  stm32f4xx_hal_gpio.o
    0x08005464   0x08005464   0x000001f0   Code   RO         1500    i.HAL_GPIO_Init     stm32f4xx_hal_gpio.o
    0x08005654   0x08005654   0x0000000a   Code   RO         1504    i.HAL_GPIO_WritePin  stm32f4xx_hal_gpio.o
    0x0800565e   0x0800565e   0x00000002   PAD
    0x08005660   0x08005660   0x0000000c   Code   RO         2032    i.HAL_GetTick       stm32f4xx_hal.o
    0x0800566c   0x0800566c   0x00000188   Code   RO         2288    i.HAL_I2C_Init      stm32f4xx_hal_i2c.o
    0x080057f4   0x080057f4   0x000001f8   Code   RO         2306    i.HAL_I2C_Mem_Read  stm32f4xx_hal_i2c.o
    0x080059ec   0x080059ec   0x00000130   Code   RO         2309    i.HAL_I2C_Mem_Write  stm32f4xx_hal_i2c.o
    0x08005b1c   0x08005b1c   0x00000094   Code   RO          488    i.HAL_I2C_MspInit   i2c.o
    0x08005bb0   0x08005bb0   0x00000010   Code   RO         2038    i.HAL_IncTick       stm32f4xx_hal.o
    0x08005bc0   0x08005bc0   0x00000034   Code   RO         2039    i.HAL_Init          stm32f4xx_hal.o
    0x08005bf4   0x08005bf4   0x00000040   Code   RO         2040    i.HAL_InitTick      stm32f4xx_hal.o
    0x08005c34   0x08005c34   0x00000038   Code   RO          887    i.HAL_MspInit       stm32f4xx_hal_msp.o
    0x08005c6c   0x08005c6c   0x0000001a   Code   RO         1889    i.HAL_NVIC_EnableIRQ  stm32f4xx_hal_cortex.o
    0x08005c86   0x08005c86   0x00000002   PAD
    0x08005c88   0x08005c88   0x00000040   Code   RO         1895    i.HAL_NVIC_SetPriority  stm32f4xx_hal_cortex.o
    0x08005cc8   0x08005cc8   0x00000024   Code   RO         1896    i.HAL_NVIC_SetPriorityGrouping  stm32f4xx_hal_cortex.o
    0x08005cec   0x08005cec   0x00000024   Code   RO         1897    i.HAL_NVIC_SystemReset  stm32f4xx_hal_cortex.o
    0x08005d10   0x08005d10   0x00000134   Code   RO         1146    i.HAL_RCC_ClockConfig  stm32f4xx_hal_rcc.o
    0x08005e44   0x08005e44   0x00000020   Code   RO         1153    i.HAL_RCC_GetPCLK1Freq  stm32f4xx_hal_rcc.o
    0x08005e64   0x08005e64   0x00000020   Code   RO         1154    i.HAL_RCC_GetPCLK2Freq  stm32f4xx_hal_rcc.o
    0x08005e84   0x08005e84   0x00000064   Code   RO         1155    i.HAL_RCC_GetSysClockFreq  stm32f4xx_hal_rcc.o
    0x08005ee8   0x08005ee8   0x0000036c   Code   RO         1158    i.HAL_RCC_OscConfig  stm32f4xx_hal_rcc.o
    0x08006254   0x08006254   0x0000007e   Code   RO         2729    i.HAL_RNG_GenerateRandomNumber  stm32f4xx_hal_rng.o
    0x080062d2   0x080062d2   0x00000016   Code   RO         2732    i.HAL_RNG_GetRandomNumber  stm32f4xx_hal_rng.o
    0x080062e8   0x080062e8   0x00000032   Code   RO         2736    i.HAL_RNG_Init      stm32f4xx_hal_rng.o
    0x0800631a   0x0800631a   0x00000002   PAD
    0x0800631c   0x0800631c   0x00000028   Code   RO          530    i.HAL_RNG_MspInit   rng.o
    0x08006344   0x08006344   0x000000bc   Code   RO         2840    i.HAL_SPI_Init      stm32f4xx_hal_spi.o
    0x08006400   0x08006400   0x00000100   Code   RO          572    i.HAL_SPI_MspInit   spi.o
    0x08006500   0x08006500   0x000001e2   Code   RO         2849    i.HAL_SPI_TransmitReceive  stm32f4xx_hal_spi.o
    0x080066e2   0x080066e2   0x00000028   Code   RO         1900    i.HAL_SYSTICK_Config  stm32f4xx_hal_cortex.o
    0x0800670a   0x0800670a   0x00000054   Code   RO         3860    i.HAL_TIMEx_ConfigBreakDeadTime  stm32f4xx_hal_tim_ex.o
    0x0800675e   0x0800675e   0x00000002   PAD
    0x08006760   0x08006760   0x00000090   Code   RO         3876    i.HAL_TIMEx_MasterConfigSynchronization  stm32f4xx_hal_tim_ex.o
    0x080067f0   0x080067f0   0x0000005a   Code   RO         3153    i.HAL_TIM_Base_Init  stm32f4xx_hal_tim.o
    0x0800684a   0x0800684a   0x00000002   PAD
    0x0800684c   0x0800684c   0x00000028   Code   RO          614    i.HAL_TIM_Base_MspInit  tim.o
    0x08006874   0x08006874   0x00000078   Code   RO         3156    i.HAL_TIM_Base_Start  stm32f4xx_hal_tim.o
    0x080068ec   0x080068ec   0x000000ac   Code   RO          615    i.HAL_TIM_MspPostInit  tim.o
    0x08006998   0x08006998   0x000000cc   Code   RO         3225    i.HAL_TIM_PWM_ConfigChannel  stm32f4xx_hal_tim.o
    0x08006a64   0x08006a64   0x0000005a   Code   RO         3228    i.HAL_TIM_PWM_Init  stm32f4xx_hal_tim.o
    0x08006abe   0x08006abe   0x00000002   PAD
    0x08006ac0   0x08006ac0   0x00000044   Code   RO          617    i.HAL_TIM_PWM_MspInit  tim.o
    0x08006b04   0x08006b04   0x000000c8   Code   RO         3233    i.HAL_TIM_PWM_Start  stm32f4xx_hal_tim.o
    0x08006bcc   0x08006bcc   0x00000002   Code   RO         4135    i.HAL_UARTEx_RxEventCallback  stm32f4xx_hal_uart.o
    0x08006bce   0x08006bce   0x00000070   Code   RO         4147    i.HAL_UART_DMAStop  stm32f4xx_hal_uart.o
    0x08006c3e   0x08006c3e   0x00000002   Code   RO         4149    i.HAL_UART_ErrorCallback  stm32f4xx_hal_uart.o
    0x08006c40   0x08006c40   0x00000268   Code   RO         4152    i.HAL_UART_IRQHandler  stm32f4xx_hal_uart.o
    0x08006ea8   0x08006ea8   0x00000062   Code   RO         4153    i.HAL_UART_Init     stm32f4xx_hal_uart.o
    0x08006f0a   0x08006f0a   0x00000002   PAD
    0x08006f0c   0x08006f0c   0x000002fc   Code   RO          686    i.HAL_UART_MspInit  usart.o
    0x08007208   0x08007208   0x0000002a   Code   RO         4157    i.HAL_UART_Receive_DMA  stm32f4xx_hal_uart.o
    0x08007232   0x08007232   0x00000002   Code   RO         4159    i.HAL_UART_RxCpltCallback  stm32f4xx_hal_uart.o
    0x08007234   0x08007234   0x00000002   Code   RO         4160    i.HAL_UART_RxHalfCpltCallback  stm32f4xx_hal_uart.o
    0x08007236   0x08007236   0x00000002   PAD
    0x08007238   0x08007238   0x000000b2   Code   RO         4161    i.HAL_UART_Transmit  stm32f4xx_hal_uart.o
    0x080072ea   0x080072ea   0x00000002   Code   RO         4164    i.HAL_UART_TxCpltCallback  stm32f4xx_hal_uart.o
    0x080072ec   0x080072ec   0x00000002   Code   RO          759    i.HardFault_Handler  stm32f4xx_it.o
    0x080072ee   0x080072ee   0x0000002e   Code   RO         2330    i.I2C_IsAcknowledgeFailed  stm32f4xx_hal_i2c.o
    0x0800731c   0x0800731c   0x000000fc   Code   RO         2340    i.I2C_RequestMemoryRead  stm32f4xx_hal_i2c.o
    0x08007418   0x08007418   0x000000a8   Code   RO         2341    i.I2C_RequestMemoryWrite  stm32f4xx_hal_i2c.o
    0x080074c0   0x080074c0   0x0000004c   Code   RO         2345    i.I2C_WaitOnBTFFlagUntilTimeout  stm32f4xx_hal_i2c.o
    0x0800750c   0x0800750c   0x00000068   Code   RO         2346    i.I2C_WaitOnFlagUntilTimeout  stm32f4xx_hal_i2c.o
    0x08007574   0x08007574   0x00000096   Code   RO         2347    i.I2C_WaitOnMasterAddressFlagUntilTimeout  stm32f4xx_hal_i2c.o
    0x0800760a   0x0800760a   0x00000066   Code   RO         2348    i.I2C_WaitOnRXNEFlagUntilTimeout  stm32f4xx_hal_i2c.o
    0x08007670   0x08007670   0x0000004c   Code   RO         2349    i.I2C_WaitOnTXEFlagUntilTimeout  stm32f4xx_hal_i2c.o
    0x080076bc   0x080076bc   0x00000060   Code   RO         6772    i.INS_cali_gyro     ahrs_task.o
    0x0800771c   0x0800771c   0x00000028   Code   RO         6773    i.INS_set_cali_gyro  ahrs_task.o
    0x08007744   0x08007744   0x00000030   Code   RO         6329    i.KalmanCreate      user_kalman.o
    0x08007774   0x08007774   0x0000005a   Code   RO         6330    i.KalmanFilter      user_kalman.o
    0x080077ce   0x080077ce   0x00000002   PAD
    0x080077d0   0x080077d0   0x00000010   Code   RO         6557    i.Laser_Off         user_gpio.o
    0x080077e0   0x080077e0   0x00000010   Code   RO         6558    i.Laser_On          user_gpio.o
    0x080077f0   0x080077f0   0x00000084   Code   RO         6530    i.Led_RGB_Flow      user_led.o
    0x08007874   0x08007874   0x00000044   Code   RO          416    i.MX_CAN1_Init      can.o
    0x080078b8   0x080078b8   0x00000044   Code   RO          417    i.MX_CAN2_Init      can.o
    0x080078fc   0x080078fc   0x0000009c   Code   RO          463    i.MX_DMA_Init       dma.o
    0x08007998   0x08007998   0x000000d8   Code   RO          286    i.MX_FREERTOS_Init  freertos.o
    0x08007a70   0x08007a70   0x00000198   Code   RO          262    i.MX_GPIO_Init      gpio.o
    0x08007c08   0x08007c08   0x00000040   Code   RO          489    i.MX_I2C3_Init      i2c.o
    0x08007c48   0x08007c48   0x00000024   Code   RO          531    i.MX_RNG_Init       rng.o
    0x08007c6c   0x08007c6c   0x00000048   Code   RO          573    i.MX_SPI1_Init      spi.o
    0x08007cb4   0x08007cb4   0x00000064   Code   RO          618    i.MX_TIM10_Init     tim.o
    0x08007d18   0x08007d18   0x000000a4   Code   RO          619    i.MX_TIM1_Init      tim.o
    0x08007dbc   0x08007dbc   0x00000070   Code   RO          620    i.MX_TIM4_Init      tim.o
    0x08007e2c   0x08007e2c   0x00000038   Code   RO          687    i.MX_USART1_UART_Init  usart.o
    0x08007e64   0x08007e64   0x0000003c   Code   RO          688    i.MX_USART2_UART_Init  usart.o
    0x08007ea0   0x08007ea0   0x0000003c   Code   RO          689    i.MX_USART3_UART_Init  usart.o
    0x08007edc   0x08007edc   0x00000038   Code   RO          690    i.MX_USART6_UART_Init  usart.o
    0x08007f14   0x08007f14   0x0000000c   Code   RO         6388    i.Magazine          user_time.o
    0x08007f20   0x08007f20   0x00000002   Code   RO          760    i.MemManage_Handler  stm32f4xx_it.o
    0x08007f22   0x08007f22   0x00000002   Code   RO          761    i.NMI_Handler       stm32f4xx_it.o
    0x08007f24   0x08007f24   0x00000034   Code   RO         7634    i.PC_Link_Init      pc_link.o
    0x08007f58   0x08007f58   0x0000006c   Code   RO         7635    i.PC_Link_Send      pc_link.o
    0x08007fc4   0x08007fc4   0x00000128   Code   RO         6281    i.PID_calc          user_pid.o
    0x080080ec   0x080080ec   0x00000040   Code   RO         6282    i.PID_clear         user_pid.o
    0x0800812c   0x0800812c   0x0000005c   Code   RO         6283    i.PID_init          user_pid.o
    0x08008188   0x08008188   0x00000134   Code   RO         7240    i.RC_cmd_to_calibrate  calibrate_task.o
    0x080082bc   0x080082bc   0x00000024   Code   RO         6170    i.Read_Robot_mode   user_dbus_control.o
    0x080082e0   0x080082e0   0x000000b4   Code   RO         6171    i.Read_chassis_opt  user_dbus_control.o
    0x08008394   0x08008394   0x000000e0   Code   RO         6172    i.Read_gimbal_opt   user_dbus_control.o
    0x08008474   0x08008474   0x00000044   Code   RO         6100    i.Remote_Control_Init  user_dbus.o
    0x080084b8   0x080084b8   0x00000050   Code   RO         7637    i.Robot_Msg         pc_link.o
    0x08008508   0x08008508   0x00000070   Code   RO         6596    i.Rx_Chassis_To_Gimbal  gimbal.o
    0x08008578   0x08008578   0x00001274   Code   RO         6353    i.SPI1_DMA_enable   user_spi.o
    0x080097ec   0x080097ec   0x000000f0   Code   RO         6354    i.SPI1_DMA_init     user_spi.o
    0x080098dc   0x080098dc   0x00000058   Code   RO         2878    i.SPI_EndRxTxTransaction  stm32f4xx_hal_spi.o
    0x08009934   0x08009934   0x000000b8   Code   RO         2883    i.SPI_WaitFlagStateUntilTimeout  stm32f4xx_hal_spi.o
    0x080099ec   0x080099ec   0x00000088   Code   RO         7638    i.Send_Robot_Data   pc_link.o
    0x08009a74   0x08009a74   0x0000002a   Code   RO         7639    i.Send_Robot_Id     pc_link.o
    0x08009a9e   0x08009a9e   0x00000002   PAD
    0x08009aa0   0x08009aa0   0x00000060   Code   RO         6101    i.Set_Remote_Default  user_dbus.o
    0x08009b00   0x08009b00   0x000000cc   Code   RO         7469    i.Shoot_Control     shoot.o
    0x08009bcc   0x08009bcc   0x00000050   Code   RO         7470    i.Shoot_Init        shoot.o
    0x08009c1c   0x08009c1c   0x00000028   Code   RO         7471    i.Shoot_Sleep       shoot.o
    0x08009c44   0x08009c44   0x00000080   Code   RO         7472    i.Shoot_Speed_Out   shoot.o
    0x08009cc4   0x08009cc4   0x00000014   Code   RO          287    i.StartTask06       freertos.o
    0x08009cd8   0x08009cd8   0x00000018   Code   RO          288    i.Start_Task_AHRS   freertos.o
    0x08009cf0   0x08009cf0   0x00000010   Code   RO          289    i.Start_Task_Ammo_Fire  freertos.o
    0x08009d00   0x08009d00   0x00000010   Code   RO          290    i.Start_Task_Ammo_Shoot  freertos.o
    0x08009d10   0x08009d10   0x0000001a   Code   RO          291    i.Start_Task_Chassis  freertos.o
    0x08009d2a   0x08009d2a   0x0000000c   Code   RO          292    i.Start_Task_Debug  freertos.o
    0x08009d36   0x08009d36   0x00000010   Code   RO          293    i.Start_Task_Gimbal  freertos.o
    0x08009d46   0x08009d46   0x00000010   Code   RO          294    i.Start_Task_IWDG   freertos.o
    0x08009d56   0x08009d56   0x00000002   PAD
    0x08009d58   0x08009d58   0x00000060   Code   RO          295    i.Start_Task__Mini_PC  freertos.o
    0x08009db8   0x08009db8   0x00000018   Code   RO          762    i.SysTick_Handler   stm32f4xx_it.o
    0x08009dd0   0x08009dd0   0x00000094   Code   RO           14    i.SystemClock_Config  main.o
    0x08009e64   0x08009e64   0x00000010   Code   RO         4482    i.SystemInit        system_stm32f4xx.o
    0x08009e74   0x08009e74   0x000000c8   Code   RO         3246    i.TIM_Base_SetConfig  stm32f4xx_hal_tim.o
    0x08009f3c   0x08009f3c   0x0000001a   Code   RO         3247    i.TIM_CCxChannelCmd  stm32f4xx_hal_tim.o
    0x08009f56   0x08009f56   0x00000002   PAD
    0x08009f58   0x08009f58   0x00000060   Code   RO         3259    i.TIM_OC1_SetConfig  stm32f4xx_hal_tim.o
    0x08009fb8   0x08009fb8   0x0000006c   Code   RO         3260    i.TIM_OC2_SetConfig  stm32f4xx_hal_tim.o
    0x0800a024   0x0800a024   0x00000068   Code   RO         3261    i.TIM_OC3_SetConfig  stm32f4xx_hal_tim.o
    0x0800a08c   0x0800a08c   0x00000050   Code   RO         3262    i.TIM_OC4_SetConfig  stm32f4xx_hal_tim.o
    0x0800a0dc   0x0800a0dc   0x00000140   Code   RO         6597    i.Tx_Gimbal_To_Chassis  gimbal.o
    0x0800a21c   0x0800a21c   0x00000010   Code   RO         4166    i.UART_DMAAbortOnError  stm32f4xx_hal_uart.o
    0x0800a22c   0x0800a22c   0x0000004a   Code   RO         4167    i.UART_DMAError     stm32f4xx_hal_uart.o
    0x0800a276   0x0800a276   0x00000082   Code   RO         4168    i.UART_DMAReceiveCplt  stm32f4xx_hal_uart.o
    0x0800a2f8   0x0800a2f8   0x0000001a   Code   RO         4170    i.UART_DMARxHalfCplt  stm32f4xx_hal_uart.o
    0x0800a312   0x0800a312   0x0000004e   Code   RO         4176    i.UART_EndRxTransfer  stm32f4xx_hal_uart.o
    0x0800a360   0x0800a360   0x0000001c   Code   RO         4177    i.UART_EndTxTransfer  stm32f4xx_hal_uart.o
    0x0800a37c   0x0800a37c   0x000000c0   Code   RO         4178    i.UART_Receive_IT   stm32f4xx_hal_uart.o
    0x0800a43c   0x0800a43c   0x0000010c   Code   RO         4179    i.UART_SetConfig    stm32f4xx_hal_uart.o
    0x0800a548   0x0800a548   0x00000090   Code   RO         4180    i.UART_Start_Receive_DMA  stm32f4xx_hal_uart.o
    0x0800a5d8   0x0800a5d8   0x00000078   Code   RO         4182    i.UART_WaitOnFlagUntilTimeout  stm32f4xx_hal_uart.o
    0x0800a650   0x0800a650   0x0000000c   Code   RO          763    i.USART2_IRQHandler  stm32f4xx_it.o
    0x0800a65c   0x0800a65c   0x0000006c   Code   RO         6102    i.USART3_IRQHandler  user_dbus.o
    0x0800a6c8   0x0800a6c8   0x00000044   Code   RO         7640    i.USART6_IRQHandler  pc_link.o
    0x0800a70c   0x0800a70c   0x00000002   Code   RO          764    i.UsageFault_Handler  stm32f4xx_it.o
    0x0800a70e   0x0800a70e   0x00000002   PAD
    0x0800a710   0x0800a710   0x000000c4   Code   RO         7641    i.Vision_Data       pc_link.o
    0x0800a7d4   0x0800a7d4   0x00000020   Code   RO         6103    i.Wdog_Remote       user_dbus.o
    0x0800a7f4   0x0800a7f4   0x00000030   Code   RO         8311    i.__ARM_fpclassify  m_wm.l(fpclassify.o)
    0x0800a824   0x0800a824   0x00000026   Code   RO         8223    i.__ARM_fpclassifyf  m_wm.l(fpclassifyf.o)
    0x0800a84a   0x0800a84a   0x00000020   Code   RO         1902    i.__NVIC_SetPriority  stm32f4xx_hal_cortex.o
    0x0800a86a   0x0800a86a   0x00000002   PAD
    0x0800a86c   0x0800a86c   0x0000012c   Code   RO         7999    i.__hardfp_asinf    m_wm.l(asinf.o)
    0x0800a998   0x0800a998   0x000002ac   Code   RO         8011    i.__hardfp_atan2f   m_wm.l(atan2f.o)
    0x0800ac44   0x0800ac44   0x00000004   PAD
    0x0800ac48   0x0800ac48   0x000000c8   Code   RO         8023    i.__hardfp_cos      m_wm.l(cos.o)
    0x0800ad10   0x0800ad10   0x000000c8   Code   RO         8035    i.__hardfp_sin      m_wm.l(sin.o)
    0x0800add8   0x0800add8   0x0000003a   Code   RO         8059    i.__hardfp_sqrtf    m_wm.l(sqrtf_full.o)
    0x0800ae12   0x0800ae12   0x00000006   PAD
    0x0800ae18   0x0800ae18   0x00000438   Code   RO         8239    i.__ieee754_rem_pio2  m_wm.l(rred.o)
    0x0800b250   0x0800b250   0x00000170   Code   RO         8206    i.__kernel_cos      m_wm.l(cos_i.o)
    0x0800b3c0   0x0800b3c0   0x000000f8   Code   RO         8313    i.__kernel_poly     m_wm.l(poly.o)
    0x0800b4b8   0x0800b4b8   0x00000130   Code   RO         8247    i.__kernel_sin      m_wm.l(sin_i.o)
    0x0800b5e8   0x0800b5e8   0x00000014   Code   RO         8210    i.__mathlib_dbl_infnan  m_wm.l(dunder.o)
    0x0800b5fc   0x0800b5fc   0x00000004   PAD
    0x0800b600   0x0800b600   0x00000020   Code   RO         8212    i.__mathlib_dbl_invalid  m_wm.l(dunder.o)
    0x0800b620   0x0800b620   0x00000020   Code   RO         8215    i.__mathlib_dbl_underflow  m_wm.l(dunder.o)
    0x0800b640   0x0800b640   0x00000006   Code   RO         8226    i.__mathlib_flt_infnan  m_wm.l(funder.o)
    0x0800b646   0x0800b646   0x00000006   Code   RO         8227    i.__mathlib_flt_infnan2  m_wm.l(funder.o)
    0x0800b64c   0x0800b64c   0x00000010   Code   RO         8228    i.__mathlib_flt_invalid  m_wm.l(funder.o)
    0x0800b65c   0x0800b65c   0x00000010   Code   RO         8231    i.__mathlib_flt_underflow  m_wm.l(funder.o)
    0x0800b66c   0x0800b66c   0x0000000e   Code   RO         8136    i._is_digit         c_w.l(__printf_wp.o)
    0x0800b67a   0x0800b67a   0x00000022   Code   RO         6665    i.abs_limit         user_lib.o
    0x0800b69c   0x0800b69c   0x000001d0   Code   RO         7710    i.accel_comple_filter  AHRS.lib(ahrs.o)
    0x0800b86c   0x0800b86c   0x0000018c   Code   RO         7711    i.accel_update_kp_ki  AHRS.lib(ahrs.o)
    0x0800b9f8   0x0800b9f8   0x0000016c   Code   RO         7712    i.angle_to_quat     AHRS.lib(ahrs.o)
    0x0800bb64   0x0800bb64   0x00000128   Code   RO         6916    i.bmi088_accel_init  bmi088driver.o
    0x0800bc8c   0x0800bc8c   0x000002c0   Code   RO         6917    i.bmi088_accel_self_test  bmi088driver.o
    0x0800bf4c   0x0800bf4c   0x000000dc   Code   RO         6918    i.bmi088_gyro_init  bmi088driver.o
    0x0800c028   0x0800c028   0x000000ca   Code   RO         6919    i.bmi088_gyro_self_test  bmi088driver.o
    0x0800c0f2   0x0800c0f2   0x00000002   PAD
    0x0800c0f4   0x0800c0f4   0x00000010   Code   RO         6389    i.buzzer_off        user_time.o
    0x0800c104   0x0800c104   0x00000010   Code   RO         6390    i.buzzer_on         user_time.o
    0x0800c114   0x0800c114   0x0000008c   Code   RO         7241    i.cali_data_read    calibrate_task.o
    0x0800c1a0   0x0800c1a0   0x0000006c   Code   RO         7242    i.cali_data_write   calibrate_task.o
    0x0800c20c   0x0800c20c   0x0000004c   Code   RO         7243    i.cali_gyro_hook    calibrate_task.o
    0x0800c258   0x0800c258   0x0000001c   Code   RO         7244    i.cali_head_hook    calibrate_task.o
    0x0800c274   0x0800c274   0x00000034   Code   RO         6494    i.delay_us          user_delay.o
    0x0800c2a8   0x0800c2a8   0x00000018   Code   RO         8307    i.fabs              m_wm.l(fabs.o)
    0x0800c2c0   0x0800c2c0   0x0000004e   Code   RO         6666    i.first_order_filter_cali  user_lib.o
    0x0800c30e   0x0800c30e   0x00000012   Code   RO         6667    i.first_order_filter_init  user_lib.o
    0x0800c320   0x0800c320   0x0000002a   Code   RO         6435    i.flash_erase_address  user_flash.o
    0x0800c34a   0x0800c34a   0x0000000c   Code   RO         6436    i.flash_read        user_flash.o
    0x0800c356   0x0800c356   0x00000002   PAD
    0x0800c358   0x0800c358   0x00000068   Code   RO         6438    i.flash_write_single_address  user_flash.o
    0x0800c3c0   0x0800c3c0   0x000000c4   Code   RO         6439    i.ger_sector        user_flash.o
    0x0800c484   0x0800c484   0x000000e8   Code   RO         7713    i.get_angle         AHRS.lib(ahrs.o)
    0x0800c56c   0x0800c56c   0x000000d4   Code   RO         6440    i.get_next_flash_address  user_flash.o
    0x0800c640   0x0800c640   0x0000004c   Code   RO         6779    i.gyro_offset_calc  ahrs_task.o
    0x0800c68c   0x0800c68c   0x000000ec   Code   RO         6780    i.imu_cali_slove    ahrs_task.o
    0x0800c778   0x0800c778   0x00000110   Code   RO         6781    i.imu_cmd_spi_dma   ahrs_task.o
    0x0800c888   0x0800c888   0x0000000c   Code   RO         6391    i.imu_pwm_set       user_time.o
    0x0800c894   0x0800c894   0x0000007c   Code   RO         6782    i.imu_temp_control  ahrs_task.o
    0x0800c910   0x0800c910   0x00000002   Code   RO         7159    i.ist8310_GPIO_init  ist8310driver_middleware.o
    0x0800c912   0x0800c912   0x00000002   PAD
    0x0800c914   0x0800c914   0x00000024   Code   RO         7161    i.ist8310_IIC_read_single_reg  ist8310driver_middleware.o
    0x0800c938   0x0800c938   0x00000024   Code   RO         7163    i.ist8310_IIC_write_single_reg  ist8310driver_middleware.o
    0x0800c95c   0x0800c95c   0x00000010   Code   RO         7164    i.ist8310_RST_H     ist8310driver_middleware.o
    0x0800c96c   0x0800c96c   0x00000010   Code   RO         7165    i.ist8310_RST_L     ist8310driver_middleware.o
    0x0800c97c   0x0800c97c   0x00000002   Code   RO         7166    i.ist8310_com_init  ist8310driver_middleware.o
    0x0800c97e   0x0800c97e   0x00000004   Code   RO         7167    i.ist8310_delay_ms  ist8310driver_middleware.o
    0x0800c982   0x0800c982   0x00000002   PAD
    0x0800c984   0x0800c984   0x00000080   Code   RO         7115    i.ist8310_init      ist8310driver.o
    0x0800ca04   0x0800ca04   0x00000062   Code   RO           15    i.main              main.o
    0x0800ca66   0x0800ca66   0x0000000c   Code   RO         5520    i.makeFreeRtosPriority  cmsis_os.o
    0x0800ca72   0x0800ca72   0x0000000e   Code   RO         5522    i.osDelay           cmsis_os.o
    0x0800ca80   0x0800ca80   0x0000000a   Code   RO         5525    i.osKernelStart     cmsis_os.o
    0x0800ca8a   0x0800ca8a   0x00000054   Code   RO         5559    i.osThreadCreate    cmsis_os.o
    0x0800cade   0x0800cade   0x00000002   PAD
    0x0800cae0   0x0800cae0   0x00000020   Code   RO         5002    i.pcTaskGetName     tasks.o
    0x0800cb00   0x0800cb00   0x00000078   Code   RO         5003    i.prvAddCurrentTaskToDelayedList  tasks.o
    0x0800cb78   0x0800cb78   0x000000d0   Code   RO         5004    i.prvAddNewTaskToReadyList  tasks.o
    0x0800cc48   0x0800cc48   0x00000058   Code   RO         5362    i.prvCheckForValidListAndQueue  timers.o
    0x0800cca0   0x0800cca0   0x00000026   Code   RO         4660    i.prvCopyDataFromQueue  queue.o
    0x0800ccc6   0x0800ccc6   0x0000006c   Code   RO         4661    i.prvCopyDataToQueue  queue.o
    0x0800cd32   0x0800cd32   0x00000034   Code   RO         5005    i.prvDeleteTCB      tasks.o
    0x0800cd66   0x0800cd66   0x00000002   PAD
    0x0800cd68   0x0800cd68   0x0000004c   Code   RO         5899    i.prvHeapInit       heap_4.o
    0x0800cdb4   0x0800cdb4   0x00000060   Code   RO         5006    i.prvIdleTask       tasks.o
    0x0800ce14   0x0800ce14   0x00000016   Code   RO         4663    i.prvInitialiseNewQueue  queue.o
    0x0800ce2a   0x0800ce2a   0x00000002   PAD
    0x0800ce2c   0x0800ce2c   0x000000b4   Code   RO         5007    i.prvInitialiseNewTask  tasks.o
    0x0800cee0   0x0800cee0   0x0000004c   Code   RO         5900    i.prvInsertBlockIntoFreeList  heap_4.o
    0x0800cf2c   0x0800cf2c   0x00000038   Code   RO         5364    i.prvInsertTimerInActiveList  timers.o
    0x0800cf64   0x0800cf64   0x0000001c   Code   RO         4664    i.prvIsQueueEmpty   queue.o
    0x0800cf80   0x0800cf80   0x000000fc   Code   RO         5365    i.prvProcessReceivedCommands  timers.o
    0x0800d07c   0x0800d07c   0x000000c0   Code   RO         5366    i.prvProcessTimerOrBlockTask  timers.o
    0x0800d13c   0x0800d13c   0x00000020   Code   RO         5008    i.prvResetNextTaskUnblockTime  tasks.o
    0x0800d15c   0x0800d15c   0x00000028   Code   RO         5367    i.prvSampleTimeNow  timers.o
    0x0800d184   0x0800d184   0x00000058   Code   RO         5009    i.prvSearchForNameWithinSingleList  tasks.o
    0x0800d1dc   0x0800d1dc   0x0000006c   Code   RO         5368    i.prvSwitchTimerLists  timers.o
    0x0800d248   0x0800d248   0x00000028   Code   RO         5955    i.prvTaskExitError  port.o
    0x0800d270   0x0800d270   0x00000024   Code   RO         5369    i.prvTimerTask      timers.o
    0x0800d294   0x0800d294   0x0000006a   Code   RO         4665    i.prvUnlockQueue    queue.o
    0x0800d2fe   0x0800d2fe   0x00000002   PAD
    0x0800d300   0x0800d300   0x000000dc   Code   RO         5901    i.pvPortMalloc      heap_4.o
    0x0800d3dc   0x0800d3dc   0x0000002c   Code   RO         5956    i.pxPortInitialiseStack  port.o
    0x0800d408   0x0800d408   0x00000084   Code   RO         7718    i.quat_normalization  AHRS.lib(ahrs.o)
    0x0800d48c   0x0800d48c   0x0000003e   Code   RO         8061    i.sqrtf             m_wm.l(sqrtf_full.o)
    0x0800d4ca   0x0800d4ca   0x00000002   PAD
    0x0800d4cc   0x0800d4cc   0x00000068   Code   RO         5013    i.ulTaskNotifyTake  tasks.o
    0x0800d534   0x0800d534   0x0000007a   Code   RO         7719    i.update_w          AHRS.lib(ahrs.o)
    0x0800d5ae   0x0800d5ae   0x00000002   PAD
    0x0800d5b0   0x0800d5b0   0x0000003c   Code   RO         6229    i.usart_printf      user_debug.o
    0x0800d5ec   0x0800d5ec   0x00000026   Code   RO         4620    i.uxListRemove      list.o
    0x0800d612   0x0800d612   0x00000002   PAD
    0x0800d614   0x0800d614   0x00000014   Code   RO          296    i.vApplicationGetIdleTaskMemory  freertos.o
    0x0800d628   0x0800d628   0x00000018   Code   RO          297    i.vApplicationGetTimerTaskMemory  freertos.o
    0x0800d640   0x0800d640   0x00000016   Code   RO         4621    i.vListInitialise   list.o
    0x0800d656   0x0800d656   0x00000006   Code   RO         4622    i.vListInitialiseItem  list.o
    0x0800d65c   0x0800d65c   0x00000030   Code   RO         4623    i.vListInsert       list.o
    0x0800d68c   0x0800d68c   0x00000018   Code   RO         4624    i.vListInsertEnd    list.o
    0x0800d6a4   0x0800d6a4   0x00000040   Code   RO         5958    i.vPortEnterCritical  port.o
    0x0800d6e4   0x0800d6e4   0x00000028   Code   RO         5959    i.vPortExitCritical  port.o
    0x0800d70c   0x0800d70c   0x00000064   Code   RO         5902    i.vPortFree         heap_4.o
    0x0800d770   0x0800d770   0x00000024   Code   RO         5960    i.vPortSetupTimerInterrupt  port.o
    0x0800d794   0x0800d794   0x00000054   Code   RO         5961    i.vPortValidateInterruptPriority  port.o
    0x0800d7e8   0x0800d7e8   0x00000028   Code   RO         4669    i.vQueueAddToRegistry  queue.o
    0x0800d810   0x0800d810   0x00000044   Code   RO         4672    i.vQueueWaitForMessageRestricted  queue.o
    0x0800d854   0x0800d854   0x0000004c   Code   RO         5021    i.vTaskDelay        tasks.o
    0x0800d8a0   0x0800d8a0   0x00000010   Code   RO         5025    i.vTaskInternalSetTimeOutState  tasks.o
    0x0800d8b0   0x0800d8b0   0x0000000c   Code   RO         5026    i.vTaskMissedYield  tasks.o
    0x0800d8bc   0x0800d8bc   0x000000b4   Code   RO         5027    i.vTaskNotifyGiveFromISR  tasks.o
    0x0800d970   0x0800d970   0x00000030   Code   RO         5028    i.vTaskPlaceOnEventList  tasks.o
    0x0800d9a0   0x0800d9a0   0x00000038   Code   RO         5029    i.vTaskPlaceOnEventListRestricted  tasks.o
    0x0800d9d8   0x0800d9d8   0x00000088   Code   RO         5036    i.vTaskStartScheduler  tasks.o
    0x0800da60   0x0800da60   0x00000010   Code   RO         5038    i.vTaskSuspendAll   tasks.o
    0x0800da70   0x0800da70   0x0000005c   Code   RO         5039    i.vTaskSwitchContext  tasks.o
    0x0800dacc   0x0800dacc   0x000000f4   Code   RO         5962    i.xPortStartScheduler  port.o
    0x0800dbc0   0x0800dbc0   0x0000002c   Code   RO         5963    i.xPortSysTickHandler  port.o
    0x0800dbec   0x0800dbec   0x00000066   Code   RO         4676    i.xQueueGenericCreateStatic  queue.o
    0x0800dc52   0x0800dc52   0x00000002   PAD
    0x0800dc54   0x0800dc54   0x00000088   Code   RO         4677    i.xQueueGenericReset  queue.o
    0x0800dcdc   0x0800dcdc   0x00000160   Code   RO         4678    i.xQueueGenericSend  queue.o
    0x0800de3c   0x0800de3c   0x000000be   Code   RO         4679    i.xQueueGenericSendFromISR  queue.o
    0x0800defa   0x0800defa   0x00000002   PAD
    0x0800defc   0x0800defc   0x00000138   Code   RO         4687    i.xQueueReceive     queue.o
    0x0800e034   0x0800e034   0x00000088   Code   RO         5042    i.xTaskCheckForTimeOut  tasks.o
    0x0800e0bc   0x0800e0bc   0x0000005a   Code   RO         5043    i.xTaskCreate       tasks.o
    0x0800e116   0x0800e116   0x00000056   Code   RO         5044    i.xTaskCreateStatic  tasks.o
    0x0800e16c   0x0800e16c   0x00000084   Code   RO         5048    i.xTaskGetHandle    tasks.o
    0x0800e1f0   0x0800e1f0   0x0000001c   Code   RO         5049    i.xTaskGetSchedulerState  tasks.o
    0x0800e20c   0x0800e20c   0x0000000c   Code   RO         5050    i.xTaskGetTickCount  tasks.o
    0x0800e218   0x0800e218   0x000000cc   Code   RO         5052    i.xTaskIncrementTick  tasks.o
    0x0800e2e4   0x0800e2e4   0x00000098   Code   RO         5055    i.xTaskPriorityDisinherit  tasks.o
    0x0800e37c   0x0800e37c   0x00000074   Code   RO         5057    i.xTaskRemoveFromEventList  tasks.o
    0x0800e3f0   0x0800e3f0   0x000000c4   Code   RO         5058    i.xTaskResumeAll    tasks.o
    0x0800e4b4   0x0800e4b4   0x00000060   Code   RO         5376    i.xTimerCreateTimerTask  timers.o
    0x0800e514   0x0800e514   0x00000068   Code   RO         5377    i.xTimerGenericCommand  timers.o
    0x0800e57c   0x0800e57c   0x0000002c   Code   RO         8355    locale$$code        c_w.l(lc_numeric_c.o)
    0x0800e5a8   0x0800e5a8   0x0000002c   Code   RO         8376    locale$$code        c_w.l(lc_ctype_c.o)
    0x0800e5d4   0x0800e5d4   0x00000018   Code   RO         8171    x$fpl$basic         g_wm.l(basic.o)
    0x0800e5ec   0x0800e5ec   0x000002c4   Code   RO         7975    x$fpl$d2f           g_wm.l(d2f_clz.o)
    0x0800e8b0   0x0800e8b0   0x0000024c   Code   RO         7977    x$fpl$dadd          g_wm.l(daddsub_clz.o)
    0x0800eafc   0x0800eafc   0x0000037c   Code   RO         8296    x$fpl$ddiv          g_wm.l(ddiv_clz.o)
    0x0800ee78   0x0800ee78   0x000000c8   Code   RO         8299    x$fpl$dfix          g_wm.l(dfix.o)
    0x0800ef40   0x0800ef40   0x0000002e   Code   RO         8174    x$fpl$dflt          g_wm.l(dflt_clz.o)
    0x0800ef6e   0x0800ef6e   0x0000001a   Code   RO         8175    x$fpl$dfltn         g_wm.l(dflt_clz.o)
    0x0800ef88   0x0800ef88   0x00000026   Code   RO         8173    x$fpl$dfltu         g_wm.l(dflt_clz.o)
    0x0800efae   0x0800efae   0x00000002   PAD
    0x0800efb0   0x0800efb0   0x000001c0   Code   RO         7983    x$fpl$dmul          g_wm.l(dmul_clz.o)
    0x0800f170   0x0800f170   0x00000102   Code   RO         8179    x$fpl$dnaninf       g_wm.l(dnaninf.o)
    0x0800f272   0x0800f272   0x00000070   Code   RO         8181    x$fpl$drenorm       g_wm.l(drenorm_clz.o)
    0x0800f2e2   0x0800f2e2   0x0000000c   Code   RO         8183    x$fpl$dretinf       g_wm.l(dretinf.o)
    0x0800f2ee   0x0800f2ee   0x00000002   PAD
    0x0800f2f0   0x0800f2f0   0x00000050   Code   RO         7978    x$fpl$drsb          g_wm.l(daddsub_clz.o)
    0x0800f340   0x0800f340   0x0000029c   Code   RO         7979    x$fpl$dsub          g_wm.l(daddsub_clz.o)
    0x0800f5dc   0x0800f5dc   0x0000017a   Code   RO         8185    x$fpl$dunder        g_wm.l(dunder_clz.o)
    0x0800f756   0x0800f756   0x00000002   PAD
    0x0800f758   0x0800f758   0x000001ec   Code   RO         8187    x$fpl$exception     g_wm.l(except.o)
    0x0800f944   0x0800f944   0x0000007a   Code   RO         7985    x$fpl$f2d           g_wm.l(f2d.o)
    0x0800f9be   0x0800f9be   0x000000f2   Code   RO         8189    x$fpl$fnaninf       g_wm.l(fnaninf.o)
    0x0800fab0   0x0800fab0   0x0000000a   Code   RO         8444    x$fpl$fpinit        g_wm.l(fpinit.o)
    0x0800faba   0x0800faba   0x0000000a   Code   RO         8191    x$fpl$fretinf       g_wm.l(fretinf.o)
    0x0800fac4   0x0800fac4   0x0000013c   Code   RO         8193    x$fpl$funder        g_wm.l(funder_clz.o)
    0x0800fc00   0x0800fc00   0x00000020   Code   RO         8369    x$fpl$ieeestatus    g_wm.l(istatus.o)
    0x0800fc20   0x0800fc20   0x00000004   Code   RO         8195    x$fpl$printf1       g_wm.l(printf1.o)
    0x0800fc24   0x0800fc24   0x00000004   Code   RO         8197    x$fpl$printf2       g_wm.l(printf2.o)
    0x0800fc28   0x0800fc28   0x000000b2   Code   RO         8303    x$fpl$retnan        g_wm.l(retnan.o)
    0x0800fcda   0x0800fcda   0x0000007e   Code   RO         8203    x$fpl$trapveneer    g_wm.l(trapv.o)
    0x0800fd58   0x0800fd58   0x00000000   Code   RO         8205    x$fpl$usenofp       g_wm.l(usenofp.o)
    0x0800fd58   0x0800fd58   0x000000fc   Data   RO          299    .constdata          freertos.o
    0x0800fe54   0x0800fe54   0x00000008   Data   RO         1619    .constdata          stm32f4xx_hal_dma.o
    0x0800fe5c   0x0800fe5c   0x00000010   Data   RO         4483    .constdata          system_stm32f4xx.o
    0x0800fe6c   0x0800fe6c   0x00000008   Data   RO         4484    .constdata          system_stm32f4xx.o
    0x0800fe74   0x0800fe74   0x00000008   Data   RO         6174    .constdata          user_dbus_control.o
    0x0800fe7c   0x0800fe7c   0x00000030   Data   RO         6600    .constdata          gimbal.o
    0x0800feac   0x0800feac   0x0000000c   Data   RO         6786    .constdata          ahrs_task.o
    0x0800feb8   0x0800feb8   0x00000012   Data   RO         6924    .constdata          bmi088driver.o
    0x0800feca   0x0800feca   0x0000000c   Data   RO         7118    .constdata          ist8310driver.o
    0x0800fed6   0x0800fed6   0x0000000f   Data   RO         7252    .constdata          calibrate_task.o
    0x0800fee5   0x0800fee5   0x00000003   PAD
    0x0800fee8   0x0800fee8   0x00000018   Data   RO         7412    .constdata          chassis.o
    0x0800ff00   0x0800ff00   0x00000018   Data   RO         7474    .constdata          shoot.o
    0x0800ff18   0x0800ff18   0x00000018   Data   RO         7525    .constdata          fire.o
    0x0800ff30   0x0800ff30   0x00000300   Data   RO         7579    .constdata          my_crc.o
    0x08010230   0x08010230   0x0000000c   Data   RO         7720    .constdata          AHRS.lib(ahrs.o)
    0x0801023c   0x0801023c   0x00000804   Data   RO         7930    .constdata          arm_cortexM4lf_math.lib(arm_common_tables.o)
    0x08010a40   0x08010a40   0x00000008   Data   RO         8095    .constdata          c_w.l(_printf_wctomb.o)
    0x08010a48   0x08010a48   0x00000028   Data   RO         8124    .constdata          c_w.l(_printf_hex_int_ll_ptr.o)
    0x08010a70   0x08010a70   0x00000011   Data   RO         8144    .constdata          c_w.l(__printf_flags_ss_wp.o)
    0x08010a81   0x08010a81   0x00000007   PAD
    0x08010a88   0x08010a88   0x00000030   Data   RO         8207    .constdata          m_wm.l(cos_i.o)
    0x08010ab8   0x08010ab8   0x000000c8   Data   RO         8241    .constdata          m_wm.l(rred.o)
    0x08010b80   0x08010b80   0x00000028   Data   RO         8248    .constdata          m_wm.l(sin_i.o)
    0x08010ba8   0x08010ba8   0x00000026   Data   RO         8284    .constdata          c_w.l(_printf_fp_hex.o)
    0x08010bce   0x08010bce   0x00000002   PAD
    0x08010bd0   0x08010bd0   0x00000094   Data   RO         8330    .constdata          c_w.l(bigflt0.o)
    0x08010c64   0x08010c64   0x0000007c   Data   RO          300    .conststring        freertos.o
    0x08010ce0   0x08010ce0   0x00000020   Data   RO         8502    Region$$Table       anon$$obj.o
    0x08010d00   0x08010d00   0x0000001c   Data   RO         8354    locale$$data        c_w.l(lc_numeric_c.o)
    0x08010d1c   0x08010d1c   0x00000110   Data   RO         8375    locale$$data        c_w.l(lc_ctype_c.o)


    Execution Region RW_IRAM2 (Exec base: 0x10000000, Load base: 0x08010ec8, Size: 0x00000000, Max: 0x00010000, ABSOLUTE)

    **** No section assigned to this execution region ****


    Execution Region RW_IRAM1 (Exec base: 0x20000000, Load base: 0x08010e2c, Size: 0x00008758, Max: 0x00020000, ABSOLUTE, COMPRESSED[0x0000009c])

    Exec Addr    Load Addr    Size         Type   Attr      Idx    E Section Name        Object

    0x20000000   COMPRESSED   0x00000024   Data   RW          301    .data               freertos.o
    0x20000024   COMPRESSED   0x00000004   Data   RW          419    .data               can.o
    0x20000028   COMPRESSED   0x0000000c   Data   RW         2046    .data               stm32f4xx_hal.o
    0x20000034   COMPRESSED   0x00000004   Data   RW         4485    .data               system_stm32f4xx.o
    0x20000038   COMPRESSED   0x0000003c   Data   RW         5061    .data               tasks.o
    0x20000074   COMPRESSED   0x00000014   Data   RW         5385    .data               timers.o
    0x20000088   COMPRESSED   0x00000020   Data   RW         5908    .data               heap_4.o
    0x200000a8   COMPRESSED   0x0000000c   Data   RW         5964    .data               port.o
    0x200000b4   COMPRESSED   0x00000020   Data   RW         6042    .data               user_can.o
    0x200000d4   COMPRESSED   0x00000001   Data   RW         6105    .data               user_dbus.o
    0x200000d5   COMPRESSED   0x00000003   PAD
    0x200000d8   COMPRESSED   0x00000018   Data   RW         6180    .data               user_dbus_control.o
    0x200000f0   COMPRESSED   0x0000000c   Data   RW         6232    .data               user_debug.o
    0x200000fc   COMPRESSED   0x00000010   Data   RW         6441    .data               user_flash.o
    0x2000010c   COMPRESSED   0x00000008   Data   RW         6495    .data               user_delay.o
    0x20000114   COMPRESSED   0x0000001c   Data   RW         6601    .data               gimbal.o
    0x20000130   COMPRESSED   0x000000a0   Data   RW         6788    .data               ahrs_task.o
    0x200001d0   COMPRESSED   0x0000002c   Data   RW         6925    .data               bmi088driver.o
    0x200001fc   COMPRESSED   0x00000048   Data   RW         7253    .data               calibrate_task.o
    0x20000244   COMPRESSED   0x00000002   Data   RW         7414    .data               chassis.o
    0x20000246   COMPRESSED   0x00000002   PAD
    0x20000248   COMPRESSED   0x0000000c   Data   RW         7415    .data               chassis.o
    0x20000254   COMPRESSED   0x00000002   Data   RW         7475    .data               shoot.o
    0x20000256   COMPRESSED   0x00000002   PAD
    0x20000258   COMPRESSED   0x0000000c   Data   RW         7526    .data               fire.o
    0x20000264   COMPRESSED   0x00000002   Data   RW         7580    .data               my_crc.o
    0x20000266   COMPRESSED   0x00000001   Data   RW         7643    .data               pc_link.o
    0x20000267   COMPRESSED   0x00000001   PAD
    0x20000268   COMPRESSED   0x00000010   Data   RW         7721    .data               AHRS.lib(ahrs.o)
    0x20000278        -       0x000006a8   Zero   RW          298    .bss                freertos.o
    0x20000920        -       0x00000050   Zero   RW          418    .bss                can.o
    0x20000970        -       0x00000054   Zero   RW          490    .bss                i2c.o
    0x200009c4        -       0x00000010   Zero   RW          532    .bss                rng.o
    0x200009d4        -       0x00000118   Zero   RW          574    .bss                spi.o
    0x20000aec        -       0x000000d8   Zero   RW          621    .bss                tim.o
    0x20000bc4        -       0x000002f0   Zero   RW          691    .bss                usart.o
    0x20000eb4        -       0x00000020   Zero   RW         1318    .bss                stm32f4xx_hal_flash.o
    0x20000ed4        -       0x00000040   Zero   RW         4690    .bss                queue.o
    0x20000f14        -       0x000000f0   Zero   RW         5060    .bss                tasks.o
    0x20001004        -       0x00000110   Zero   RW         5384    .bss                timers.o
    0x20001114        -       0x00006000   Zero   RW         5907    .bss                heap_4.o
    0x20007114        -       0x00000120   Zero   RW         6040    .bss                user_can.o
    0x20007234        -       0x00000120   Zero   RW         6041    .bss                user_can.o
    0x20007354        -       0x00000078   Zero   RW         6104    .bss                user_dbus.o
    0x200073cc        -       0x00000028   Zero   RW         6173    .bss                user_dbus_control.o
    0x200073f4        -       0x00000200   Zero   RW         6231    .bss                user_debug.o
    0x200075f4        -       0x00000294   Zero   RW         6598    .bss                gimbal.o
    0x20007888        -       0x00000014   Zero   RW         6599    .bss                gimbal.o
    0x2000789c        -       0x00000162   Zero   RW         6783    .bss                ahrs_task.o
    0x200079fe   COMPRESSED   0x00000002   PAD
    0x20007a00        -       0x00000014   Zero   RW         7247    .bss                calibrate_task.o
    0x20007a14        -       0x00000018   Zero   RW         7248    .bss                calibrate_task.o
    0x20007a2c        -       0x00000018   Zero   RW         7249    .bss                calibrate_task.o
    0x20007a44        -       0x00000018   Zero   RW         7250    .bss                calibrate_task.o
    0x20007a5c        -       0x000000b9   Zero   RW         7251    .bss                calibrate_task.o
    0x20007b15   COMPRESSED   0x00000003   PAD
    0x20007b18        -       0x00000198   Zero   RW         7411    .bss                chassis.o
    0x20007cb0        -       0x00000090   Zero   RW         7473    .bss                shoot.o
    0x20007d40        -       0x00000090   Zero   RW         7524    .bss                fire.o
    0x20007dd0        -       0x00000324   Zero   RW         7642    .bss                pc_link.o
    0x200080f4        -       0x00000060   Zero   RW         8316    .bss                c_w.l(libspace.o)
    0x20008154   COMPRESSED   0x00000004   PAD
    0x20008158        -       0x00000200   Zero   RW            2    HEAP                startup_stm32f407xx.o
    0x20008358        -       0x00000400   Zero   RW            1    STACK               startup_stm32f407xx.o


==============================================================================

Image component sizes


      Code (inc. data)   RO Data    RW Data    ZI Data      Debug   Object Name

        70          6          0          0          0       4840   ahrs_middleware.o
      2712        186         12        160        354      14517   ahrs_task.o
      2166         34         18         44          0      10687   bmi088driver.o
       108         28          0          0          0       4516   bmi088middleware.o
       888         66         15         72        277       6188   calibrate_task.o
       388         42          0          4         80       2462   can.o
      1212        118         24         14        408       5661   chassis.o
       120          0          0          0          0      23085   cmsis_os.o
       156          4          0          0          0        854   dma.o
         0          0          0          0          0      19656   event_groups.o
       760         94         24         12        144       4319   fire.o
       502         42        376         36       1704       9032   freertos.o
      1672        198         48         28        680      10103   gimbal.o
       408         26          0          0          0       1203   gpio.o
       472         24          0         32      24576       4859   heap_4.o
       212         32          0          0         84       1713   i2c.o
       128          6         12          0          0       1927   ist8310driver.o
       112         22          0          0          0       3775   ist8310driver_middleware.o
       138          0          0          0          0       3538   list.o
       250          8          0          0          0     761192   main.o
       140         14        768          2          0       3463   my_crc.o
       714         52          0          1        804       6766   pc_link.o
       786         82          0         12          0      11817   port.o
      1502         20          0          0         64      17268   queue.o
        76         18          0          0         16       1515   rng.o
       452         46         24          2        144       3451   shoot.o
       328         32          0          0        280       1895   spi.o
        64         26        392          0       1536        840   startup_stm32f407xx.o
       144         24          0         12          0       8753   stm32f4xx_hal.o
      1658          6          0          0          0      14207   stm32f4xx_hal_can.o
       234         24          0          0          0      34550   stm32f4xx_hal_cortex.o
      1084         16          8          0          0       7322   stm32f4xx_hal_dma.o
       520         66          0          0         32       6566   stm32f4xx_hal_flash.o
       356         24          0          0          0       3982   stm32f4xx_hal_flash_ex.o
       530         52          0          0          0       2803   stm32f4xx_hal_gpio.o
      2174         52          0          0          0      12914   stm32f4xx_hal_i2c.o
        56          4          0          0          0        862   stm32f4xx_hal_msp.o
      1348         76          0          0          0       5216   stm32f4xx_hal_rcc.o
       198          0          0          0          0       2680   stm32f4xx_hal_rng.o
       942         12          0          0          0       4897   stm32f4xx_hal_spi.o
      1318        138          0          0          0       9791   stm32f4xx_hal_tim.o
       228         28          0          0          0       2152   stm32f4xx_hal_tim_ex.o
      2132         30          0          0          0      15909   stm32f4xx_hal_uart.o
       168         54          0          0          0       9429   stm32f4xx_it.o
         0          0          0          0          0        416   stream_buffer.o
        16          4         24          4          0       1115   system_stm32f4xx.o
      2696        188          0         60        240      31741   tasks.o
       656         74          0          0        216       4378   tim.o
       972         80          0         20        272      29787   timers.o
       996        102          0          0        752       4360   usart.o
       776         66          0         32        576       6080   user_can.o
       616         44          0          1        120       5034   user_dbus.o
       500         56          8         24         40       4521   user_dbus_control.o
       128         52          0         12        512       2210   user_debug.o
        92         18          0          8          0       1332   user_delay.o
       566         96          0         16          0       4113   user_flash.o
        32         10          0          0          0        903   user_gpio.o
       138          6          0          0          0       1946   user_kalman.o
       132          6          0          0          0        555   user_led.o
       130          0          0          0          0       2152   user_lib.o
       688         30          0          0          0       4537   user_pid.o
      4964         74          0          0          0       2422   user_spi.o
       116         30          0          0          0       2502   user_time.o

    ----------------------------------------------------------------------
     43912       2768       1788        616      33916    1193279   Object Totals
         0          0         32          0          0          0   (incl. Generated)
        72          0          3          8          5          0   (incl. Padding)

    ----------------------------------------------------------------------

      Code (inc. data)   RO Data    RW Data    ZI Data      Debug   Library Member Name

      2718         84         12         16          0       9922   ahrs.o
         0          0       2052          0          0       4636   arm_common_tables.o
       120         12          0          0          0      16970   arm_cos_f32.o
       116         12          0          0          0        658   arm_sin_f32.o
        90          0          0          0          0          0   __dczerorl2.o
         8          0          0          0          0         68   __main.o
       392          4         17          0          0         92   __printf_flags_ss_wp.o
        14          0          0          0          0         68   __printf_wp.o
         0          0          0          0          0          0   __rtentry.o
        12          0          0          0          0          0   __rtentry2.o
         6          0          0          0          0          0   __rtentry4.o
        52          8          0          0          0          0   __scatter.o
        28          0          0          0          0          0   __scatter_zi.o
        48          4          0          0          0         84   _fptrap.o
         6          0          0          0          0          0   _printf_a.o
         6          0          0          0          0          0   _printf_c.o
        44          0          0          0          0        108   _printf_char.o
        48          6          0          0          0         96   _printf_char_common.o
        40          0          0          0          0         68   _printf_charcount.o
         6          0          0          0          0          0   _printf_d.o
       120         16          0          0          0         92   _printf_dec.o
         6          0          0          0          0          0   _printf_e.o
         6          0          0          0          0          0   _printf_f.o
      1054          0          0          0          0        216   _printf_fp_dec.o
       764          8         38          0          0        100   _printf_fp_hex.o
       128         16          0          0          0         84   _printf_fp_infnan.o
         6          0          0          0          0          0   _printf_g.o
       148          4         40          0          0        160   _printf_hex_int_ll_ptr.o
         6          0          0          0          0          0   _printf_i.o
       178          0          0          0          0         88   _printf_intcommon.o
        10          0          0          0          0          0   _printf_l.o
         6          0          0          0          0          0   _printf_lc.o
        10          0          0          0          0          0   _printf_ll.o
         6          0          0          0          0          0   _printf_lld.o
         6          0          0          0          0          0   _printf_lli.o
         6          0          0          0          0          0   _printf_llo.o
         6          0          0          0          0          0   _printf_llu.o
         6          0          0          0          0          0   _printf_llx.o
       124         16          0          0          0         92   _printf_longlong_dec.o
         6          0          0          0          0          0   _printf_ls.o
         6          0          0          0          0          0   _printf_n.o
         6          0          0          0          0          0   _printf_o.o
       112         10          0          0          0        124   _printf_oct_int_ll.o
         6          0          0          0          0          0   _printf_p.o
        78          0          0          0          0        108   _printf_pad.o
         0          0          0          0          0          0   _printf_percent.o
         4          0          0          0          0          0   _printf_percent_end.o
         6          0          0          0          0          0   _printf_s.o
        82          0          0          0          0         80   _printf_str.o
        36          0          0          0          0         84   _printf_truncate.o
         6          0          0          0          0          0   _printf_u.o
        44          0          0          0          0        108   _printf_wchar.o
       188          6          8          0          0         92   _printf_wctomb.o
         6          0          0          0          0          0   _printf_x.o
        22          0          0          0          0        100   _rserrno.o
        10          0          0          0          0         68   _sputc.o
        64          0          0          0          0         92   _wcrtomb.o
        16          0          0          0          0         68   aeabi_memset.o
       228          4        148          0          0         96   bigflt0.o
      1936        128          0          0          0        672   btod.o
        10          0          0          0          0         68   defsig_exit.o
       172        110          0          0          0         76   defsig_fpe_inner.o
        14          0          0          0          0         80   defsig_fpe_outer.o
        50          0          0          0          0         88   defsig_general.o
        18          0          0          0          0         80   exit.o
         6          0          0          0          0        152   heapauxi.o
         0          0          0          0          0          0   indicate_semi.o
        44         10        272          0          0         76   lc_ctype_c.o
        44         10         28          0          0         76   lc_numeric_c.o
         2          0          0          0          0          0   libinit.o
        34          0          0          0          0          0   libinit2.o
         2          0          0          0          0          0   libshutdown.o
         2          0          0          0          0          0   libshutdown2.o
         8          4          0          0         96         68   libspace.o
       138          0          0          0          0         80   lludiv10.o
       238          0          0          0          0        100   lludivv7m.o
        16          4          0          0          0         76   rt_ctype_table.o
         8          4          0          0          0         68   rt_errno_addr_intlibspace.o
         8          4          0          0          0         68   rt_locale_intlibspace.o
        68          0          0          0          0         68   rt_memclr.o
        78          0          0          0          0         80   rt_memclr_w.o
       138          0          0          0          0         68   rt_memcpy_v6.o
       100          0          0          0          0         80   rt_memcpy_w.o
         2          0          0          0          0          0   rtexit.o
        10          0          0          0          0          0   rtexit2.o
       128          0          0          0          0         68   strcmpv7m.o
        62          0          0          0          0         76   strlen.o
        12          4          0          0          0         68   sys_exit.o
        74          0          0          0          0         80   sys_stackheap_outer.o
        14          0          0          0          0         76   sys_wrch.o
         2          0          0          0          0         68   use_no_semi.o
        36          4          0          0          0         76   vsprintf.o
        24          0          0          0          0        164   basic.o
       708         16          0          0          0        140   d2f_clz.o
      1336         32          0          0          0        532   daddsub_clz.o
       892        152          0          0          0        292   ddiv_clz.o
       200         16          0          0          0        184   dfix.o
       110          0          0          0          0        348   dflt_clz.o
       448         16          0          0          0        164   dmul_clz.o
       258          4          0          0          0        156   dnaninf.o
       112          0          0          0          0        160   drenorm_clz.o
        12          0          0          0          0        116   dretinf.o
       378          0          0          0          0        168   dunder_clz.o
       492         36          0          0          0        148   except.o
       122          8          0          0          0        132   f2d.o
       242          4          0          0          0        144   fnaninf.o
        10          0          0          0          0        116   fpinit.o
        10          0          0          0          0        116   fretinf.o
       316          0          0          0          0        132   funder_clz.o
        32          4          0          0          0        116   istatus.o
         4          0          0          0          0        116   printf1.o
         4          0          0          0          0        116   printf2.o
       178          0          0          0          0        116   retnan.o
       126          0          0          0          0        148   trapv.o
         0          0          0          0          0          0   usenofp.o
       300         42          0          0          0        176   asinf.o
       684         90          0          0          0        208   atan2f.o
       200         20          0          0          0        164   cos.o
       368         46         48          0          0        200   cos_i.o
        84         16          0          0          0        372   dunder.o
        24          0          0          0          0        124   fabs.o
        48          0          0          0          0        124   fpclassify.o
        38          0          0          0          0        116   fpclassifyf.o
        44         12          0          0          0        464   funder.o
       248          0          0          0          0        152   poly.o
      1080        142        200          0          0        188   rred.o
       200         20          0          0          0        164   sin.o
       304         24         40          0          0        208   sin_i.o
       120          0          0          0          0        272   sqrtf_full.o

    ----------------------------------------------------------------------
     20552       1196       2912         16        100      44014   Library Totals
        46          4          9          0          4          0   (incl. Padding)

    ----------------------------------------------------------------------

      Code (inc. data)   RO Data    RW Data    ZI Data      Debug   Library Name

      2718         84         12         16          0       9922   AHRS.lib
       236         24       2052          0          0      22264   arm_cortexM4lf_math.lib
      7796        384        551          0         96       5072   c_w.l
      6014        288          0          0          0       3824   g_wm.l
      3742        412        288          0          0       2932   m_wm.l

    ----------------------------------------------------------------------
     20552       1196       2912         16        100      44014   Library Totals

    ----------------------------------------------------------------------

==============================================================================


      Code (inc. data)   RO Data    RW Data    ZI Data      Debug   

     64464       3964       4700        632      34016    1193333   Grand Totals
     64464       3964       4700        156      34016    1193333   ELF Image Totals (compressed)
     64464       3964       4700        156          0          0   ROM Totals

==============================================================================

    Total RO  Size (Code + RO Data)                69164 (  67.54kB)
    Total RW  Size (RW Data + ZI Data)             34648 (  33.84kB)
    Total ROM Size (Code + RO Data + RW Data)      69320 (  67.70kB)

==============================================================================

