Component: ARM Compiler 5.06 update 7 (build 960) Tool: armlink [4d3601]

==============================================================================

Section Cross References

    startup_stm32f407xx.o(STACK) refers (Special) to heapauxi.o(.text) for __use_two_region_memory
    startup_stm32f407xx.o(HEAP) refers (Special) to heapauxi.o(.text) for __use_two_region_memory
    startup_stm32f407xx.o(RESET) refers (Special) to heapauxi.o(.text) for __use_two_region_memory
    startup_stm32f407xx.o(RESET) refers to startup_stm32f407xx.o(STACK) for __initial_sp
    startup_stm32f407xx.o(RESET) refers to startup_stm32f407xx.o(.text) for Reset_Handler
    startup_stm32f407xx.o(RESET) refers to stm32f4xx_it.o(i.NMI_Handler) for NMI_Handler
    startup_stm32f407xx.o(RESET) refers to stm32f4xx_it.o(i.HardFault_Handler) for HardFault_Handler
    startup_stm32f407xx.o(RESET) refers to stm32f4xx_it.o(i.MemManage_Handler) for MemManage_Handler
    startup_stm32f407xx.o(RESET) refers to stm32f4xx_it.o(i.BusFault_Handler) for BusFault_Handler
    startup_stm32f407xx.o(RESET) refers to stm32f4xx_it.o(i.UsageFault_Handler) for UsageFault_Handler
    startup_stm32f407xx.o(RESET) refers to port.o(.emb_text) for SVC_Handler
    startup_stm32f407xx.o(RESET) refers to stm32f4xx_it.o(i.DebugMon_Handler) for DebugMon_Handler
    startup_stm32f407xx.o(RESET) refers to stm32f4xx_it.o(i.SysTick_Handler) for SysTick_Handler
    startup_stm32f407xx.o(RESET) refers to stm32f4xx_it.o(i.EXTI0_IRQHandler) for EXTI0_IRQHandler
    startup_stm32f407xx.o(RESET) refers to stm32f4xx_it.o(i.EXTI3_IRQHandler) for EXTI3_IRQHandler
    startup_stm32f407xx.o(RESET) refers to stm32f4xx_it.o(i.EXTI4_IRQHandler) for EXTI4_IRQHandler
    startup_stm32f407xx.o(RESET) refers to stm32f4xx_it.o(i.DMA1_Stream1_IRQHandler) for DMA1_Stream1_IRQHandler
    startup_stm32f407xx.o(RESET) refers to stm32f4xx_it.o(i.DMA1_Stream5_IRQHandler) for DMA1_Stream5_IRQHandler
    startup_stm32f407xx.o(RESET) refers to stm32f4xx_it.o(i.DMA1_Stream6_IRQHandler) for DMA1_Stream6_IRQHandler
    startup_stm32f407xx.o(RESET) refers to stm32f4xx_it.o(i.CAN1_RX0_IRQHandler) for CAN1_RX0_IRQHandler
    startup_stm32f407xx.o(RESET) refers to stm32f4xx_it.o(i.EXTI9_5_IRQHandler) for EXTI9_5_IRQHandler
    startup_stm32f407xx.o(RESET) refers to stm32f4xx_it.o(i.USART2_IRQHandler) for USART2_IRQHandler
    startup_stm32f407xx.o(RESET) refers to user_dbus.o(i.USART3_IRQHandler) for USART3_IRQHandler
    startup_stm32f407xx.o(RESET) refers to stm32f4xx_it.o(i.DMA2_Stream1_IRQHandler) for DMA2_Stream1_IRQHandler
    startup_stm32f407xx.o(RESET) refers to ahrs_task.o(i.DMA2_Stream2_IRQHandler) for DMA2_Stream2_IRQHandler
    startup_stm32f407xx.o(RESET) refers to stm32f4xx_it.o(i.DMA2_Stream3_IRQHandler) for DMA2_Stream3_IRQHandler
    startup_stm32f407xx.o(RESET) refers to stm32f4xx_it.o(i.CAN2_RX0_IRQHandler) for CAN2_RX0_IRQHandler
    startup_stm32f407xx.o(RESET) refers to stm32f4xx_it.o(i.DMA2_Stream7_IRQHandler) for DMA2_Stream7_IRQHandler
    startup_stm32f407xx.o(RESET) refers to pc_link.o(i.USART6_IRQHandler) for USART6_IRQHandler
    startup_stm32f407xx.o(.text) refers (Special) to heapauxi.o(.text) for __use_two_region_memory
    startup_stm32f407xx.o(.text) refers to system_stm32f4xx.o(i.SystemInit) for SystemInit
    startup_stm32f407xx.o(.text) refers to __main.o(!!!main) for __main
    startup_stm32f407xx.o(.text) refers to startup_stm32f407xx.o(HEAP) for Heap_Mem
    startup_stm32f407xx.o(.text) refers to startup_stm32f407xx.o(STACK) for Stack_Mem
    main.o(i.SystemClock_Config) refers to rt_memclr_w.o(.text) for __aeabi_memclr4
    main.o(i.SystemClock_Config) refers to stm32f4xx_hal_rcc.o(i.HAL_RCC_OscConfig) for HAL_RCC_OscConfig
    main.o(i.SystemClock_Config) refers to stm32f4xx_hal_rcc.o(i.HAL_RCC_ClockConfig) for HAL_RCC_ClockConfig
    main.o(i.main) refers to stm32f4xx_hal.o(i.HAL_Init) for HAL_Init
    main.o(i.main) refers to main.o(i.SystemClock_Config) for SystemClock_Config
    main.o(i.main) refers to gpio.o(i.MX_GPIO_Init) for MX_GPIO_Init
    main.o(i.main) refers to dma.o(i.MX_DMA_Init) for MX_DMA_Init
    main.o(i.main) refers to can.o(i.MX_CAN1_Init) for MX_CAN1_Init
    main.o(i.main) refers to can.o(i.MX_CAN2_Init) for MX_CAN2_Init
    main.o(i.main) refers to usart.o(i.MX_USART2_UART_Init) for MX_USART2_UART_Init
    main.o(i.main) refers to tim.o(i.MX_TIM1_Init) for MX_TIM1_Init
    main.o(i.main) refers to tim.o(i.MX_TIM4_Init) for MX_TIM4_Init
    main.o(i.main) refers to tim.o(i.MX_TIM10_Init) for MX_TIM10_Init
    main.o(i.main) refers to usart.o(i.MX_USART1_UART_Init) for MX_USART1_UART_Init
    main.o(i.main) refers to spi.o(i.MX_SPI1_Init) for MX_SPI1_Init
    main.o(i.main) refers to i2c.o(i.MX_I2C3_Init) for MX_I2C3_Init
    main.o(i.main) refers to usart.o(i.MX_USART3_UART_Init) for MX_USART3_UART_Init
    main.o(i.main) refers to usart.o(i.MX_USART6_UART_Init) for MX_USART6_UART_Init
[...]
    Yaw_Vision_Speed_Pid                     0x200014b4   Data          72  gimbal.o(.bss)
    Pitch_Vision_Angle_Pid                   0x200014fc   Data          48  gimbal.o(.bss)
    Pitch_Vision_Speed_Pid                   0x2000152c   Data          72  gimbal.o(.bss)
    Vision_Yaw                               0x20001574   Data          48  gimbal.o(.bss)
    Vision_Pitch                             0x200015a4   Data          48  gimbal.o(.bss)
    Judge_User                               0x200015d4   Data          84  gimbal.o(.bss)
    Robot_Grade                              0x20001628   Data          20  gimbal.o(.bss)
    INS_angle                                0x20001694   Data          12  ahrs_task.o(.bss)
    accel_dma_rx_buf                         0x200016a0   Data           9  ahrs_task.o(.bss)
    bmi088_real_data                         0x200016ac   Data          36  ahrs_task.o(.bss)
    gyro_offset                              0x200016d0   Data          12  ahrs_task.o(.bss)
    gyro_cali_offset                         0x200016dc   Data          12  ahrs_task.o(.bss)
    accel_offset                             0x200016e8   Data          12  ahrs_task.o(.bss)
    ist8310_real_data                        0x200016f4   Data          16  ahrs_task.o(.bss)
    mag_offset                               0x20001704   Data          12  ahrs_task.o(.bss)
    IMU                                      0x20001758   Data          70  ahrs_task.o(.bss)
    cali_sensor                              0x20001874   Data          65  calibrate_task.o(.bss)
    M3508_Speed_Pid                          0x200018b8   Data         288  chassis.o(.bss)
    Chassis_Follow_Angle_Pid                 0x200019d8   Data          48  chassis.o(.bss)
    Chassis_Follow_Speed_Pid                 0x20001a08   Data          72  chassis.o(.bss)
    M3508_Speed_Pid_Left                     0x20001a50   Data          72  shoot.o(.bss)
    M3508_Speed_Pid_Right                    0x20001a98   Data          72  shoot.o(.bss)
    M2006_Angle_Pid                          0x20001ae0   Data          72  fire.o(.bss)
    M2006_Speed_Pid                          0x20001b28   Data          72  fire.o(.bss)
    obj_data                                 0x20001e70   Data          36  pc_link.o(.bss)
    pFlash                                   0x20001e94   Data          32  stm32f4xx_hal_flash.o(.bss)
    xQueueRegistry                           0x20001eb4   Data          64  queue.o(.bss)
    __libspace_start                         0x200080f4   Data          96  libspace.o(.bss)
    __temporary_stack_top$libspace           0x20008154   Data           0  libspace.o(.bss)



==============================================================================

Memory Map of the image

  Image Entry point : 0x08000189

  Load Region LR_IROM1 (Base: 0x08000000, Size: 0x0001106c, Max: 0x00100000, ABSOLUTE, COMPRESSED[0x00010e90])

    Execution Region ER_IROM1 (Exec base: 0x08000000, Load base: 0x08000000, Size: 0x00010df4, Max: 0x00100000, ABSOLUTE)

    Exec Addr    Load Addr    Size         Type   Attr      Idx    E Section Name        Object

    0x08000000   0x08000000   0x00000188   Data   RO            3    RESET               startup_stm32f407xx.o
    0x08000188   0x08000188   0x00000008   Code   RO         8031  * !!!main             c_w.l(__main.o)
    0x08000190   0x08000190   0x00000034   Code   RO         8564    !!!scatter          c_w.l(__scatter.o)
    0x080001c4   0x080001c4   0x0000005a   Code   RO         8562    !!dczerorl2         c_w.l(__dczerorl2.o)
    0x0800021e   0x0800021e   0x00000002   PAD
    0x08000220   0x08000220   0x0000001c   Code   RO         8566    !!handler_zi        c_w.l(__scatter_zi.o)
    0x0800023c   0x0800023c   0x00000000   Code   RO         8217    .ARM.Collect$$_printf_percent$$00000000  c_w.l(_printf_percent.o)
    0x0800023c   0x0800023c   0x00000006   Code   RO         8206    .ARM.Collect$$_printf_percent$$00000001  c_w.l(_printf_n.o)
    0x08000242   0x08000242   0x00000006   Code   RO         8208    .ARM.Collect$$_printf_percent$$00000002  c_w.l(_printf_p.o)
    0x08000248   0x08000248   0x00000006   Code   RO         8213    .ARM.Collect$$_printf_percent$$00000003  c_w.l(_printf_f.o)
    0x0800024e   0x0800024e   0x00000006   Code   RO         8214    .ARM.Collect$$_printf_percent$$00000004  c_w.l(_printf_e.o)
    0x08000254   0x08000254   0x00000006   Code   RO         8215    .ARM.Collect$$_printf_percent$$00000005  c_w.l(_printf_g.o)
    0x0800025a   0x0800025a   0x00000006   Code   RO         8216    .ARM.Collect$$_printf_percent$$00000006  c_w.l(_printf_a.o)
    0x08000260   0x08000260   0x0000000a   Code   RO         8221    .ARM.Collect$$_printf_percent$$00000007  c_w.l(_printf_ll.o)
    0x0800026a   0x0800026a   0x00000006   Code   RO         8210    .ARM.Collect$$_printf_percent$$00000008  c_w.l(_printf_i.o)
    0x08000270   0x08000270   0x00000006   Code   RO         8211    .ARM.Collect$$_printf_percent$$00000009  c_w.l(_printf_d.o)
    0x08000276   0x08000276   0x00000006   Code   RO         8212    .ARM.Collect$$_printf_percent$$0000000A  c_w.l(_printf_u.o)
    0x0800027c   0x0800027c   0x00000006   Code   RO         8209    .ARM.Collect$$_printf_percent$$0000000B  c_w.l(_printf_o.o)
    0x08000282   0x08000282   0x00000006   Code   RO         8207    .ARM.Collect$$_printf_percent$$0000000C  c_w.l(_printf_x.o)
    0x08000288   0x08000288   0x00000006   Code   RO         8218    .ARM.Collect$$_printf_percent$$0000000D  c_w.l(_printf_lli.o)
    0x0800028e   0x0800028e   0x00000006   Code   RO         8219    .ARM.Collect$$_printf_percent$$0000000E  c_w.l(_printf_lld.o)
    0x08000294   0x08000294   0x00000006   Code   RO         8220    .ARM.Collect$$_printf_percent$$0000000F  c_w.l(_printf_llu.o)
    0x0800029a   0x0800029a   0x00000006   Code   RO         8225    .ARM.Collect$$_printf_percent$$00000010  c_w.l(_printf_llo.o)
    0x080002a0   0x080002a0   0x00000006   Code   RO         8226    .ARM.Collect$$_printf_percent$$00000011  c_w.l(_printf_llx.o)
    0x080002a6   0x080002a6   0x0000000a   Code   RO         8222    .ARM.Collect$$_printf_percent$$00000012  c_w.l(_printf_l.o)
    0x080002b0   0x080002b0   0x00000006   Code   RO         8204    .ARM.Collect$$_printf_percent$$00000013  c_w.l(_printf_c.o)
    0x080002b6   0x080002b6   0x00000006   Code   RO         8205    .ARM.Collect$$_printf_percent$$00000014  c_w.l(_printf_s.o)
    0x080002bc   0x080002bc   0x00000006   Code   RO         8223    .ARM.Collect$$_printf_percent$$00000015  c_w.l(_printf_lc.o)
    0x080002c2   0x080002c2   0x00000006   Code   RO         8224    .ARM.Collect$$_printf_percent$$00000016  c_w.l(_printf_ls.o)
    0x080002c8   0x080002c8   0x00000004   Code   RO         8350    .ARM.Collect$$_printf_percent$$00000017  c_w.l(_printf_percent_end.o)
    0x080002cc   0x080002cc   0x00000002   Code   RO         8426    .ARM.Collect$$libinit$$00000000  c_w.l(libinit.o)
    0x080002ce   0x080002ce   0x00000004   Code   RO         8442    .ARM.Collect$$libinit$$00000001  c_w.l(libinit2.o)
    0x080002d2   0x080002d2   0x00000000   Code   RO         8445    .ARM.Collect$$libinit$$00000004  c_w.l(libinit2.o)
    0x080002d2   0x080002d2   0x00000000   Code   RO         8448    .ARM.Collect$$libinit$$0000000A  c_w.l(libinit2.o)
    0x080002d2   0x080002d2   0x00000000   Code   RO         8450    .ARM.Collect$$libinit$$0000000C  c_w.l(libinit2.o)
    0x080002d2   0x080002d2   0x00000000   Code   RO         8452    .ARM.Collect$$libinit$$0000000E  c_w.l(libinit2.o)
    0x080002d2   0x080002d2   0x00000006   Code   RO         8453    .ARM.Collect$$libinit$$0000000F  c_w.l(libinit2.o)
    0x080002d8   0x080002d8   0x00000000   Code   RO         8455    .ARM.Collect$$libinit$$00000011  c_w.l(libinit2.o)
    0x080002d8   0x080002d8   0x0000000c   Code   RO         8456    .ARM.Collect$$libinit$$00000012  c_w.l(libinit2.o)
    0x080002e4   0x080002e4   0x00000000   Code   RO         8457    .ARM.Collect$$libinit$$00000013  c_w.l(libinit2.o)
    0x080002e4   0x080002e4   0x00000000   Code   RO         8459    .ARM.Collect$$libinit$$00000015  c_w.l(libinit2.o)
    0x080002e4   0x080002e4   0x0000000a   Code   RO         8460    .ARM.Collect$$libinit$$00000016  c_w.l(libinit2.o)
    0x080002ee   0x080002ee   0x00000000   Code   RO         8461    .ARM.Collect$$libinit$$00000017  c_w.l(libinit2.o)
    0x080002ee   0x080002ee   0x00000000   Code   RO         8463    .ARM.Collect$$libinit$$00000019  c_w.l(libinit2.o)
    0x080002ee   0x080002ee   0x00000000   Code   RO         8465    .ARM.Collect$$libinit$$0000001B  c_w.l(libinit2.o)
    0x080002ee   0x080002ee   0x00000000   Code   RO         8467    .ARM.Collect$$libinit$$0000001D  c_w.l(libinit2.o)
    0x080002ee   0x080002ee   0x00000000   Code   RO         8469    .ARM.Collect$$libinit$$0000001F  c_w.l(libinit2.o)
    0x080002ee   0x080002ee   0x00000000   Code   RO         8471    .ARM.Collect$$libinit$$00000021  c_w.l(libinit2.o)
    0x080002ee   0x080002ee   0x00000000   Code   RO         8473    .ARM.Collect$$libinit$$00000023  c_w.l(libinit2.o)
    0x080002ee   0x080002ee   0x00000000   Code   RO         8475    .ARM.Collect$$libinit$$00000025  c_w.l(libinit2.o)
    0x080002ee   0x080002ee   0x00000000   Code   RO         8479    .ARM.Collect$$libinit$$0000002C  c_w.l(libinit2.o)
    0x080002ee   0x080002ee   0x00000000   Code   RO         8481    .ARM.Collect$$libinit$$0000002E  c_w.l(libinit2.o)
    0x080002ee   0x080002ee   0x00000000   Code   RO         8483    .ARM.Collect$$libinit$$00000030  c_w.l(libinit2.o)
    0x080002ee   0x080002ee   0x00000000   Code   RO         8485    .ARM.Collect$$libinit$$00000032  c_w.l(libinit2.o)
    0x080002ee   0x080002ee   0x00000002   Code   RO         8486    .ARM.Collect$$libinit$$00000033  c_w.l(libinit2.o)
    0x080002f0   0x080002f0   0x00000002   Code   RO         8517    .ARM.Collect$$libshutdown$$00000000  c_w.l(libshutdown.o)
    0x080002f2   0x080002f2   0x00000000   Code   RO         8543    .ARM.Collect$$libshutdown$$00000002  c_w.l(libshutdown2.o)
    0x080002f2   0x080002f2   0x00000000   Code   RO         8545    .ARM.Collect$$libshutdown$$00000004  c_w.l(libshutdown2.o)
    0x080002f2   0x080002f2   0x00000000   Code   RO         8547    .ARM.Collect$$libshutdown$$00000006  c_w.l(libshutdown2.o)
    0x080002f2   0x080002f2   0x00000000   Code   RO         8550    .ARM.Collect$$libshutdown$$00000009  c_w.l(libshutdown2.o)
    0x080002f2   0x080002f2   0x00000000   Code   RO         8553    .ARM.Collect$$libshutdown$$0000000C  c_w.l(libshutdown2.o)
    0x080002f2   0x080002f2   0x00000000   Code   RO         8555    .ARM.Collect$$libshutdown$$0000000E  c_w.l(libshutdown2.o)
    0x080002f2   0x080002f2   0x00000000   Code   RO         8558    .ARM.Collect$$libshutdown$$00000011  c_w.l(libshutdown2.o)
    0x080002f2   0x080002f2   0x00000002   Code   RO         8559    .ARM.Collect$$libshutdown$$00000012  c_w.l(libshutdown2.o)
    0x080002f4   0x080002f4   0x00000000   Code   RO         8129    .ARM.Collect$$rtentry$$00000000  c_w.l(__rtentry.o)
    0x080002f4   0x080002f4   0x00000000   Code   RO         8312    .ARM.Collect$$rtentry$$00000002  c_w.l(__rtentry2.o)
    0x080002f4   0x080002f4   0x00000006   Code   RO         8324    .ARM.Collect$$rtentry$$00000004  c_w.l(__rtentry4.o)
    0x080002fa   0x080002fa   0x00000000   Code   RO         8314    .ARM.Collect$$rtentry$$00000009  c_w.l(__rtentry2.o)
    0x080002fa   0x080002fa   0x00000004   Code   RO         8315    .ARM.Collect$$rtentry$$0000000A  c_w.l(__rtentry2.o)
    0x080002fe   0x080002fe   0x00000000   Code   RO         8317    .ARM.Collect$$rtentry$$0000000C  c_w.l(__rtentry2.o)
    0x080002fe   0x080002fe   0x00000008   Code   RO         8318    .ARM.Collect$$rtentry$$0000000D  c_w.l(__rtentry2.o)
    0x08000306   0x08000306   0x00000002   Code   RO         8429    .ARM.Collect$$rtexit$$00000000  c_w.l(rtexit.o)
    0x08000308   0x08000308   0x00000000   Code   RO         8490    .ARM.Collect$$rtexit$$00000002  c_w.l(rtexit2.o)
    0x08000308   0x08000308   0x00000004   Code   RO         8491    .ARM.Collect$$rtexit$$00000003  c_w.l(rtexit2.o)
    0x0800030c   0x0800030c   0x00000006   Code   RO         8492    .ARM.Collect$$rtexit$$00000004  c_w.l(rtexit2.o)
    0x08000312   0x08000312   0x00000002   PAD
    0x08000314   0x08000314   0x000000be   Code   RO         7688    .emb_text           port.o
    0x080003d2   0x080003d2   0x00000002   PAD
    0x080003d4   0x080003d4   0x00000040   Code   RO            4    .text               startup_stm32f407xx.o
    0x08000414   0x08000414   0x00000078   Code   RO         7855    .text               arm_cortexM4lf_math.lib(arm_cos_f32.o)
    0x0800048c   0x0800048c   0x00000074   Code   RO         7908    .text               arm_cortexM4lf_math.lib(arm_sin_f32.o)
    0x08000500   0x08000500   0x000000ee   Code   RO         8013    .text               c_w.l(lludivv7m.o)
    0x080005ee   0x080005ee   0x00000002   PAD
    0x080005f0   0x080005f0   0x00000024   Code   RO         8015    .text               c_w.l(vsprintf.o)
    0x08000614   0x08000614   0x0000003e   Code   RO         8017    .text               c_w.l(strlen.o)
    0x08000652   0x08000652   0x0000008a   Code   RO         8019    .text               c_w.l(rt_memcpy_v6.o)
    0x080006dc   0x080006dc   0x00000064   Code   RO         8021    .text               c_w.l(rt_memcpy_w.o)
    0x08000740   0x08000740   0x00000010   Code   RO         8025    .text               c_w.l(aeabi_memset.o)
    0x08000750   0x08000750   0x0000004e   Code   RO         8027    .text               c_w.l(rt_memclr_w.o)
    0x0800079e   0x0800079e   0x00000006   Code   RO         8029    .text               c_w.l(heapauxi.o)
    0x080007a4   0x080007a4   0x00000016   Code   RO         8134    .text               c_w.l(_rserrno.o)
    0x080007ba   0x080007ba   0x0000004e   Code   RO         8138    .text               c_w.l(_printf_pad.o)
    0x08000808   0x08000808   0x00000024   Code   RO         8140    .text               c_w.l(_printf_truncate.o)
    0x0800082c   0x0800082c   0x00000052   Code   RO         8142    .text               c_w.l(_printf_str.o)
    0x0800087e   0x0800087e   0x00000002   PAD
    0x08000880   0x08000880   0x00000078   Code   RO         8144    .text               c_w.l(_printf_dec.o)
    0x080008f8   0x080008f8   0x00000028   Code   RO         8146    .text               c_w.l(_printf_charcount.o)
    0x08000920   0x08000920   0x00000030   Code   RO         8148    .text               c_w.l(_printf_char_common.o)
    0x08000950   0x08000950   0x0000000a   Code   RO         8150    .text               c_w.l(_sputc.o)
    0x0800095a   0x0800095a   0x00000002   PAD
    0x0800095c   0x0800095c   0x000000bc   Code   RO         8152    .text               c_w.l(_printf_wctomb.o)
    0x08000a18   0x08000a18   0x0000007c   Code   RO         8155    .text               c_w.l(_printf_longlong_dec.o)
    0x08000a94   0x08000a94   0x00000070   Code   RO         8161    .text               c_w.l(_printf_oct_int_ll.o)
    0x08000b04   0x08000b04   0x00000094   Code   RO         8181    .text               c_w.l(_printf_hex_int_ll_ptr.o)
    0x08000b98   0x08000b98   0x00000188   Code   RO         8201    .text               c_w.l(__printf_flags_ss_wp.o)
    0x08000d20   0x08000d20   0x00000044   Code   RO         8227    .text               c_w.l(rt_memclr.o)
    0x08000d64   0x08000d64   0x00000008   Code   RO         8331    .text               c_w.l(rt_errno_addr_intlibspace.o)
    0x08000d6c   0x08000d6c   0x0000008a   Code   RO         8333    .text               c_w.l(lludiv10.o)
    0x08000df6   0x08000df6   0x00000002   PAD
    0x08000df8   0x08000df8   0x00000030   Code   RO         8335    .text               c_w.l(_fptrap.o)
    0x08000e28   0x08000e28   0x000000b2   Code   RO         8337    .text               c_w.l(_printf_intcommon.o)
    0x08000eda   0x08000eda   0x0000041e   Code   RO         8339    .text               c_w.l(_printf_fp_dec.o)
    0x080012f8   0x080012f8   0x000002fc   Code   RO         8341    .text               c_w.l(_printf_fp_hex.o)
    0x080015f4   0x080015f4   0x0000002c   Code   RO         8346    .text               c_w.l(_printf_char.o)
    0x08001620   0x08001620   0x0000002c   Code   RO         8348    .text               c_w.l(_printf_wchar.o)
    0x0800164c   0x0800164c   0x00000040   Code   RO         8351    .text               c_w.l(_wcrtomb.o)
    0x0800168c   0x0800168c   0x00000008   Code   RO         8373    .text               c_w.l(libspace.o)
    0x08001694   0x08001694   0x0000004a   Code   RO         8376    .text               c_w.l(sys_stackheap_outer.o)
    0x080016de   0x080016de   0x00000002   PAD
    0x080016e0   0x080016e0   0x00000010   Code   RO         8378    .text               c_w.l(rt_ctype_table.o)
    0x080016f0   0x080016f0   0x00000008   Code   RO         8383    .text               c_w.l(rt_locale_intlibspace.o)
    0x080016f8   0x080016f8   0x00000080   Code   RO         8385    .text               c_w.l(_printf_fp_infnan.o)
    0x08001778   0x08001778   0x000000e4   Code   RO         8387    .text               c_w.l(bigflt0.o)
    0x0800185c   0x0800185c   0x00000012   Code   RO         8415    .text               c_w.l(exit.o)
    0x0800186e   0x0800186e   0x0000000e   Code   RO         8417    .text               c_w.l(defsig_fpe_outer.o)
    0x0800187c   0x0800187c   0x0000000a   Code   RO         8436    .text               c_w.l(defsig_exit.o)
    0x08001886   0x08001886   0x00000002   PAD
    0x08001888   0x08001888   0x000000ac   Code   RO         8438    .text               c_w.l(defsig_fpe_inner.o)
    0x08001934   0x08001934   0x00000080   Code   RO         8440    .text               c_w.l(strcmpv7m.o)
    0x080019b4   0x080019b4   0x0000000c   Code   RO         8487    .text               c_w.l(sys_exit.o)
    0x080019c0   0x080019c0   0x00000032   Code   RO         8498    .text               c_w.l(defsig_general.o)
    0x080019f2   0x080019f2   0x0000000e   Code   RO         8504    .text               c_w.l(sys_wrch.o)
    0x08001a00   0x08001a00   0x00000002   Code   RO         8506    .text               c_w.l(use_no_semi.o)
    0x08001a02   0x08001a02   0x00000000   Code   RO         8508    .text               c_w.l(indicate_semi.o)
    0x08001a02   0x08001a02   0x0000003e   Code   RO         8390    CL$$btod_d2e        c_w.l(btod.o)
    0x08001a40   0x08001a40   0x00000046   Code   RO         8392    CL$$btod_d2e_denorm_low  c_w.l(btod.o)
    0x08001a86   0x08001a86   0x00000060   Code   RO         8391    CL$$btod_d2e_norm_op1  c_w.l(btod.o)
    0x08001ae6   0x08001ae6   0x00000338   Code   RO         8400    CL$$btod_div_common  c_w.l(btod.o)
    0x08001e1e   0x08001e1e   0x000000dc   Code   RO         8397    CL$$btod_e2e        c_w.l(btod.o)
    0x08001efa   0x08001efa   0x0000002a   Code   RO         8394    CL$$btod_ediv       c_w.l(btod.o)
    0x08001f24   0x08001f24   0x0000002a   Code   RO         8393    CL$$btod_emul       c_w.l(btod.o)
    0x08001f4e   0x08001f4e   0x00000244   Code   RO         8399    CL$$btod_mult_common  c_w.l(btod.o)
    0x08002192   0x08002192   0x00000002   PAD
    0x08002194   0x08002194   0x000000f8   Code   RO         1675    i.AHRS_Init         ahrs_task.o
    0x0800228c   0x0800228c   0x00000308   Code   RO         1676    i.AHRS_Read         ahrs_task.o
    0x08002594   0x08002594   0x00000004   Code   RO         2248    i.AHRS_asinf        ahrs_middleware.o
    0x08002598   0x08002598   0x00000004   Code   RO         2249    i.AHRS_atan2f       ahrs_middleware.o
    0x0800259c   0x0800259c   0x00000004   Code   RO         2250    i.AHRS_cosf         ahrs_middleware.o
    0x080025a0   0x080025a0   0x0000001a   Code   RO         7765    i.AHRS_fabs         AHRS.lib(ahrs.o)
    0x080025ba   0x080025ba   0x00000002   PAD
    0x080025bc   0x080025bc   0x00000014   Code   RO         2251    i.AHRS_get_height   ahrs_middleware.o
    0x080025d0   0x080025d0   0x0000000e   Code   RO         2252    i.AHRS_get_latitude  ahrs_middleware.o
    0x080025de   0x080025de   0x00000002   PAD
    0x080025e0   0x080025e0   0x0000029c   Code   RO         7766    i.AHRS_init         AHRS.lib(ahrs.o)
    0x0800287c   0x0800287c   0x00000014   Code   RO         2253    i.AHRS_invSqrt      ahrs_middleware.o
    0x08002890   0x08002890   0x00000004   Code   RO         2254    i.AHRS_sinf         ahrs_middleware.o
    0x08002894   0x08002894   0x0000013a   Code   RO         7767    i.AHRS_update       AHRS.lib(ahrs.o)
    0x080029ce   0x080029ce   0x00000002   PAD
    0x080029d0   0x080029d0   0x0000003c   Code   RO         1278    i.All_Time_Init     user_time.o
    0x08002a0c   0x08002a0c   0x00000020   Code   RO         2583    i.Analysis_RX_Buffer  pc_link.o
    0x08002a2c   0x08002a2c   0x00000028   Code   RO         2522    i.Append_CRC16_Check_Sum  my_crc.o
    0x08002a54   0x08002a54   0x0000001c   Code   RO         2523    i.Append_CRC8_Check_Sum  my_crc.o
    0x08002a70   0x08002a70   0x00000010   Code   RO         1964    i.BMI088_ACCEL_NS_H  bmi088middleware.o
    0x08002a80   0x08002a80   0x00000010   Code   RO         1965    i.BMI088_ACCEL_NS_L  bmi088middleware.o
    0x08002a90   0x08002a90   0x00000002   Code   RO         1966    i.BMI088_GPIO_init  bmi088middleware.o
    0x08002a92   0x08002a92   0x00000002   PAD
    0x08002a94   0x08002a94   0x00000010   Code   RO         1967    i.BMI088_GYRO_NS_H  bmi088middleware.o
    0x08002aa4   0x08002aa4   0x00000010   Code   RO         1968    i.BMI088_GYRO_NS_L  bmi088middleware.o
    0x08002ab4   0x08002ab4   0x00000088   Code   RO         1828    i.BMI088_accel_read_over  bmi088driver.o
    0x08002b3c   0x08002b3c   0x00000002   Code   RO         1969    i.BMI088_com_init   bmi088middleware.o
    0x08002b3e   0x08002b3e   0x00000004   Code   RO         1970    i.BMI088_delay_ms   bmi088middleware.o
    0x08002b42   0x08002b42   0x00000004   Code   RO         1971    i.BMI088_delay_us   bmi088middleware.o
    0x08002b46   0x08002b46   0x00000002   PAD
    0x08002b48   0x08002b48   0x00000060   Code   RO         1829    i.BMI088_gyro_read_over  bmi088driver.o
    0x08002ba8   0x08002ba8   0x0000002e   Code   RO         1830    i.BMI088_init       bmi088driver.o
    0x08002bd6   0x08002bd6   0x00000002   PAD
    0x08002bd8   0x08002bd8   0x00000158   Code   RO         1831    i.BMI088_read       bmi088driver.o
    0x08002d30   0x08002d30   0x00000024   Code   RO         1834    i.BMI088_read_muli_reg  bmi088driver.o
    0x08002d54   0x08002d54   0x00000016   Code   RO         1835    i.BMI088_read_single_reg  bmi088driver.o
    0x08002d6a   0x08002d6a   0x00000002   PAD
    0x08002d6c   0x08002d6c   0x00000020   Code   RO         1972    i.BMI088_read_write_byte  bmi088middleware.o
    0x08002d8c   0x08002d8c   0x0000002e   Code   RO         1836    i.BMI088_temperature_read_over  bmi088driver.o
    0x08002dba   0x08002dba   0x00000012   Code   RO         1837    i.BMI088_write_single_reg  bmi088driver.o
    0x08002dcc   0x08002dcc   0x00000002   Code   RO          745    i.BusFault_Handler  stm32f4xx_it.o
    0x08002dce   0x08002dce   0x00000002   PAD
    0x08002dd0   0x08002dd0   0x00000054   Code   RO          911    i.CAN1_OPerate_Motor  user_can.o
    0x08002e24   0x08002e24   0x0000000c   Code   RO          746    i.CAN1_RX0_IRQHandler  stm32f4xx_it.o
    0x08002e30   0x08002e30   0x0000003c   Code   RO          912    i.CAN1_to_Motor     user_can.o
    0x08002e6c   0x08002e6c   0x00000054   Code   RO          913    i.CAN2_OPerate_Motor  user_can.o
    0x08002ec0   0x08002ec0   0x0000000c   Code   RO          747    i.CAN2_RX0_IRQHandler  stm32f4xx_it.o
    0x08002ecc   0x08002ecc   0x0000003c   Code   RO          914    i.CAN2_to_Motor     user_can.o
    0x08002f08   0x08002f08   0x00000058   Code   RO          915    i.CAN_Filter_Init   user_can.o
    0x08002f60   0x08002f60   0x00000078   Code   RO         2160    i.Cali_Param_Init   calibrate_task.o
    0x08002fd8   0x08002fd8   0x0000006c   Code   RO         2161    i.Calibrate_AHRS    calibrate_task.o
    0x08003044   0x08003044   0x00000254   Code   RO         2340    i.Chassis_Control   chassis.o
    0x08003298   0x08003298   0x0000006c   Code   RO         2341    i.Chassis_Follow    chassis.o
    0x08003304   0x08003304   0x00000098   Code   RO         2342    i.Chassis_Init      chassis.o
    0x0800339c   0x0800339c   0x00000100   Code   RO         2343    i.Chassis_Out       chassis.o
    0x0800349c   0x0800349c   0x00000028   Code   RO         2344    i.Chassis_Sleep     chassis.o
    0x080034c4   0x080034c4   0x0000003c   Code   RO         2345    i.Chassis_Vector_To_Mecanum_Wheel_Speed  chassis.o
    0x08003500   0x08003500   0x00000048   Code   RO          978    i.Check_Remote      user_dbus.o
    0x08003548   0x08003548   0x0000000c   Code   RO          748    i.DMA1_Stream1_IRQHandler  stm32f4xx_it.o
    0x08003554   0x08003554   0x0000000c   Code   RO          749    i.DMA1_Stream5_IRQHandler  stm32f4xx_it.o
    0x08003560   0x08003560   0x0000000c   Code   RO          750    i.DMA1_Stream6_IRQHandler  stm32f4xx_it.o
    0x0800356c   0x0800356c   0x0000000c   Code   RO          751    i.DMA2_Stream1_IRQHandler  stm32f4xx_it.o
    0x08003578   0x08003578   0x000002d4   Code   RO         1677    i.DMA2_Stream2_IRQHandler  ahrs_task.o
    0x0800384c   0x0800384c   0x0000000c   Code   RO          752    i.DMA2_Stream3_IRQHandler  stm32f4xx_it.o
    0x08003858   0x08003858   0x0000000c   Code   RO          753    i.DMA2_Stream7_IRQHandler  stm32f4xx_it.o
    0x08003864   0x08003864   0x00000028   Code   RO         3353    i.DMA_CalcBaseAndBitshift  stm32f4xx_hal_dma.o
    0x0800388c   0x0800388c   0x00000054   Code   RO         3354    i.DMA_CheckFifoParam  stm32f4xx_hal_dma.o
    0x080038e0   0x080038e0   0x00000028   Code   RO         3355    i.DMA_SetConfig     stm32f4xx_hal_dma.o
    0x08003908   0x08003908   0x0000003c   Code   RO         1049    i.Dbus_Control_Init  user_dbus_control.o
    0x08003944   0x08003944   0x000000f0   Code   RO          979    i.Dbus_To_RC        user_dbus.o
    0x08003a34   0x08003a34   0x00000002   Code   RO          754    i.DebugMon_Handler  stm32f4xx_it.o
    0x08003a36   0x08003a36   0x00000002   PAD
    0x08003a38   0x08003a38   0x0000001c   Code   RO         1111    i.Debug_Usart       user_debug.o
    0x08003a54   0x08003a54   0x00000028   Code   RO         1386    i.Delay_Init        user_delay.o
    0x08003a7c   0x08003a7c   0x00000006   Code   RO          755    i.EXTI0_IRQHandler  stm32f4xx_it.o
    0x08003a82   0x08003a82   0x00000006   Code   RO          756    i.EXTI3_IRQHandler  stm32f4xx_it.o
    0x08003a88   0x08003a88   0x00000006   Code   RO          757    i.EXTI4_IRQHandler  stm32f4xx_it.o
    0x08003a8e   0x08003a8e   0x00000006   Code   RO          758    i.EXTI9_5_IRQHandler  stm32f4xx_it.o
    0x08003a94   0x08003a94   0x00000004   Code   RO           13    i.Error_Handler     main.o
    0x08003a98   0x08003a98   0x00000050   Code   RO         3168    i.FLASH_Erase_Sector  stm32f4xx_hal_flash_ex.o
    0x08003ae8   0x08003ae8   0x00000054   Code   RO         3169    i.FLASH_FlushCaches  stm32f4xx_hal_flash_ex.o
    0x08003b3c   0x08003b3c   0x00000028   Code   RO         3170    i.FLASH_MassErase   stm32f4xx_hal_flash_ex.o
    0x08003b64   0x08003b64   0x00000020   Code   RO         3050    i.FLASH_Program_Byte  stm32f4xx_hal_flash.o
    0x08003b84   0x08003b84   0x0000002c   Code   RO         3051    i.FLASH_Program_DoubleWord  stm32f4xx_hal_flash.o
    0x08003bb0   0x08003bb0   0x00000024   Code   RO         3052    i.FLASH_Program_HalfWord  stm32f4xx_hal_flash.o
    0x08003bd4   0x08003bd4   0x00000024   Code   RO         3053    i.FLASH_Program_Word  stm32f4xx_hal_flash.o
    0x08003bf8   0x08003bf8   0x00000068   Code   RO         3054    i.FLASH_SetErrorCode  stm32f4xx_hal_flash.o
    0x08003c60   0x08003c60   0x00000050   Code   RO         3055    i.FLASH_WaitForLastOperation  stm32f4xx_hal_flash.o
    0x08003cb0   0x08003cb0   0x00000054   Code   RO         2462    i.Fire_Angle_Out    fire.o
    0x08003d04   0x08003d04   0x000001f0   Code   RO         2463    i.Fire_Control      fire.o
    0x08003ef4   0x08003ef4   0x00000050   Code   RO         2464    i.Fire_Init         fire.o
    0x08003f44   0x08003f44   0x00000020   Code   RO         2465    i.Fire_Sleep        fire.o
    0x08003f64   0x08003f64   0x00000044   Code   RO         2466    i.Fire_Speed_Out    fire.o
    0x08003fa8   0x08003fa8   0x0000009c   Code   RO         1166    i.GIMBAL_PID_Calc   user_pid.o
    0x08004044   0x08004044   0x00000024   Code   RO         1167    i.GIMBAL_PID_Init   user_pid.o
    0x08004068   0x08004068   0x0000002c   Code   RO         2524    i.Get_CRC16_Check_Sum  my_crc.o
    0x08004094   0x08004094   0x0000001c   Code   RO         2525    i.Get_CRC8_Check_Sum  my_crc.o
    0x080040b0   0x080040b0   0x000000e4   Code   RO         1487    i.Gimbal_Control    gimbal.o
    0x08004194   0x08004194   0x00000144   Code   RO         1488    i.Gimbal_Init       gimbal.o
    0x080042d8   0x080042d8   0x000000e8   Code   RO         1489    i.Gimbal_Out        gimbal.o
    0x080043c0   0x080043c0   0x0000002c   Code   RO         1168    i.Gimbal_PID_clear  user_pid.o
    0x080043ec   0x080043ec   0x00000064   Code   RO         1490    i.Gimbal_Sleep      gimbal.o
    0x08004450   0x08004450   0x00000074   Code   RO         1491    i.Gimbal_Vision_Aim  gimbal.o
    0x080044c4   0x080044c4   0x000000ec   Code   RO         1492    i.Gimbal_Vision_Out  gimbal.o
    0x080045b0   0x080045b0   0x00000024   Code   RO         2661    i.HAL_CAN_ActivateNotification  stm32f4xx_hal_can.o
    0x080045d4   0x080045d4   0x000000dc   Code   RO         2662    i.HAL_CAN_AddTxMessage  stm32f4xx_hal_can.o
    0x080046b0   0x080046b0   0x0000010c   Code   RO         2663    i.HAL_CAN_ConfigFilter  stm32f4xx_hal_can.o
    0x080047bc   0x080047bc   0x00000002   Code   RO         2666    i.HAL_CAN_ErrorCallback  stm32f4xx_hal_can.o
    0x080047be   0x080047be   0x000000e8   Code   RO         2669    i.HAL_CAN_GetRxMessage  stm32f4xx_hal_can.o
    0x080048a6   0x080048a6   0x000001fc   Code   RO         2673    i.HAL_CAN_IRQHandler  stm32f4xx_hal_can.o
    0x08004aa2   0x08004aa2   0x0000011a   Code   RO         2674    i.HAL_CAN_Init      stm32f4xx_hal_can.o
    0x08004bbc   0x08004bbc   0x000000fc   Code   RO          415    i.HAL_CAN_MspInit   can.o
    0x08004cb8   0x08004cb8   0x00000002   Code   RO         2681    i.HAL_CAN_RxFifo0FullCallback  stm32f4xx_hal_can.o
    0x08004cba   0x08004cba   0x00000002   PAD
    0x08004cbc   0x08004cbc   0x00000184   Code   RO          916    i.HAL_CAN_RxFifo0MsgPendingCallback  user_can.o
    0x08004e40   0x08004e40   0x00000002   Code   RO         2683    i.HAL_CAN_RxFifo1FullCallback  stm32f4xx_hal_can.o
    0x08004e42   0x08004e42   0x00000002   Code   RO         2684    i.HAL_CAN_RxFifo1MsgPendingCallback  stm32f4xx_hal_can.o
    0x08004e44   0x08004e44   0x00000002   Code   RO         2685    i.HAL_CAN_SleepCallback  stm32f4xx_hal_can.o
    0x08004e46   0x08004e46   0x00000002   PAD
    0x08004e48   0x08004e48   0x00000058   Code   RO         2686    i.HAL_CAN_Start     stm32f4xx_hal_can.o
    0x08004ea0   0x08004ea0   0x00000002   Code   RO         2688    i.HAL_CAN_TxMailbox0AbortCallback  stm32f4xx_hal_can.o
    0x08004ea2   0x08004ea2   0x00000002   Code   RO         2689    i.HAL_CAN_TxMailbox0CompleteCallback  stm32f4xx_hal_can.o
    0x08004ea4   0x08004ea4   0x00000002   Code   RO         2690    i.HAL_CAN_TxMailbox1AbortCallback  stm32f4xx_hal_can.o
    0x08004ea6   0x08004ea6   0x00000002   Code   RO         2691    i.HAL_CAN_TxMailbox1CompleteCallback  stm32f4xx_hal_can.o
    0x08004ea8   0x08004ea8   0x00000002   Code   RO         2692    i.HAL_CAN_TxMailbox2AbortCallback  stm32f4xx_hal_can.o
    0x08004eaa   0x08004eaa   0x00000002   Code   RO         2693    i.HAL_CAN_TxMailbox2CompleteCallback  stm32f4xx_hal_can.o
    0x08004eac   0x08004eac   0x00000002   Code   RO         2695    i.HAL_CAN_WakeUpFromRxMsgCallback  stm32f4xx_hal_can.o
    0x08004eae   0x08004eae   0x00000092   Code   RO         3356    i.HAL_DMA_Abort     stm32f4xx_hal_dma.o
    0x08004f40   0x08004f40   0x00000024   Code   RO         3357    i.HAL_DMA_Abort_IT  stm32f4xx_hal_dma.o
    0x08004f64   0x08004f64   0x000001a0   Code   RO         3361    i.HAL_DMA_IRQHandler  stm32f4xx_hal_dma.o
    0x08005104   0x08005104   0x000000d4   Code   RO         3362    i.HAL_DMA_Init      stm32f4xx_hal_dma.o
    0x080051d8   0x080051d8   0x0000006e   Code   RO         3366    i.HAL_DMA_Start_IT  stm32f4xx_hal_dma.o
    0x08005246   0x08005246   0x00000002   PAD
    0x08005248   0x08005248   0x00000098   Code   RO         3171    i.HAL_FLASHEx_Erase  stm32f4xx_hal_flash_ex.o
    0x080052e0   0x080052e0   0x00000014   Code   RO         3059    i.HAL_FLASH_Lock    stm32f4xx_hal_flash.o
    0x080052f4   0x080052f4   0x0000007c   Code   RO         3064    i.HAL_FLASH_Program  stm32f4xx_hal_flash.o
    0x08005370   0x08005370   0x0000002c   Code   RO         3066    i.HAL_FLASH_Unlock  stm32f4xx_hal_flash.o
    0x0800539c   0x0800539c   0x00000078   Code   RO         1678    i.HAL_GPIO_EXTI_Callback  ahrs_task.o
    0x08005414   0x08005414   0x00000018   Code   RO         3248    i.HAL_GPIO_EXTI_IRQHandler  stm32f4xx_hal_gpio.o
    0x0800542c   0x0800542c   0x000001f0   Code   RO         3249    i.HAL_GPIO_Init     stm32f4xx_hal_gpio.o
    0x0800561c   0x0800561c   0x0000000a   Code   RO         3253    i.HAL_GPIO_WritePin  stm32f4xx_hal_gpio.o
    0x08005626   0x08005626   0x00000002   PAD
    0x08005628   0x08005628   0x0000000c   Code   RO         3781    i.HAL_GetTick       stm32f4xx_hal.o
    0x08005634   0x08005634   0x00000188   Code   RO         4037    i.HAL_I2C_Init      stm32f4xx_hal_i2c.o
    0x080057bc   0x080057bc   0x000001f8   Code   RO         4055    i.HAL_I2C_Mem_Read  stm32f4xx_hal_i2c.o
    0x080059b4   0x080059b4   0x00000130   Code   RO         4058    i.HAL_I2C_Mem_Write  stm32f4xx_hal_i2c.o
    0x08005ae4   0x08005ae4   0x00000094   Code   RO          488    i.HAL_I2C_MspInit   i2c.o
    0x08005b78   0x08005b78   0x00000010   Code   RO         3787    i.HAL_IncTick       stm32f4xx_hal.o
    0x08005b88   0x08005b88   0x00000034   Code   RO         3788    i.HAL_Init          stm32f4xx_hal.o
    0x08005bbc   0x08005bbc   0x00000040   Code   RO         3789    i.HAL_InitTick      stm32f4xx_hal.o
    0x08005bfc   0x08005bfc   0x00000038   Code   RO          887    i.HAL_MspInit       stm32f4xx_hal_msp.o
    0x08005c34   0x08005c34   0x0000001a   Code   RO         3638    i.HAL_NVIC_EnableIRQ  stm32f4xx_hal_cortex.o
    0x08005c4e   0x08005c4e   0x00000002   PAD
    0x08005c50   0x08005c50   0x00000040   Code   RO         3644    i.HAL_NVIC_SetPriority  stm32f4xx_hal_cortex.o
    0x08005c90   0x08005c90   0x00000024   Code   RO         3645    i.HAL_NVIC_SetPriorityGrouping  stm32f4xx_hal_cortex.o
    0x08005cb4   0x08005cb4   0x00000024   Code   RO         3646    i.HAL_NVIC_SystemReset  stm32f4xx_hal_cortex.o
    0x08005cd8   0x08005cd8   0x00000134   Code   RO         2895    i.HAL_RCC_ClockConfig  stm32f4xx_hal_rcc.o
    0x08005e0c   0x08005e0c   0x00000020   Code   RO         2902    i.HAL_RCC_GetPCLK1Freq  stm32f4xx_hal_rcc.o
    0x08005e2c   0x08005e2c   0x00000020   Code   RO         2903    i.HAL_RCC_GetPCLK2Freq  stm32f4xx_hal_rcc.o
    0x08005e4c   0x08005e4c   0x00000064   Code   RO         2904    i.HAL_RCC_GetSysClockFreq  stm32f4xx_hal_rcc.o
    0x08005eb0   0x08005eb0   0x0000036c   Code   RO         2907    i.HAL_RCC_OscConfig  stm32f4xx_hal_rcc.o
    0x0800621c   0x0800621c   0x0000007e   Code   RO         4478    i.HAL_RNG_GenerateRandomNumber  stm32f4xx_hal_rng.o
    0x0800629a   0x0800629a   0x00000016   Code   RO         4481    i.HAL_RNG_GetRandomNumber  stm32f4xx_hal_rng.o
    0x080062b0   0x080062b0   0x00000032   Code   RO         4485    i.HAL_RNG_Init      stm32f4xx_hal_rng.o
    0x080062e2   0x080062e2   0x00000002   PAD
    0x080062e4   0x080062e4   0x00000028   Code   RO          530    i.HAL_RNG_MspInit   rng.o
    0x0800630c   0x0800630c   0x000000bc   Code   RO         4589    i.HAL_SPI_Init      stm32f4xx_hal_spi.o
    0x080063c8   0x080063c8   0x00000100   Code   RO          572    i.HAL_SPI_MspInit   spi.o
    0x080064c8   0x080064c8   0x000001e2   Code   RO         4598    i.HAL_SPI_TransmitReceive  stm32f4xx_hal_spi.o
    0x080066aa   0x080066aa   0x00000028   Code   RO         3649    i.HAL_SYSTICK_Config  stm32f4xx_hal_cortex.o
    0x080066d2   0x080066d2   0x00000054   Code   RO         5609    i.HAL_TIMEx_ConfigBreakDeadTime  stm32f4xx_hal_tim_ex.o
    0x08006726   0x08006726   0x00000002   PAD
    0x08006728   0x08006728   0x00000090   Code   RO         5625    i.HAL_TIMEx_MasterConfigSynchronization  stm32f4xx_hal_tim_ex.o
    0x080067b8   0x080067b8   0x0000005a   Code   RO         4902    i.HAL_TIM_Base_Init  stm32f4xx_hal_tim.o
    0x08006812   0x08006812   0x00000002   PAD
    0x08006814   0x08006814   0x00000028   Code   RO          614    i.HAL_TIM_Base_MspInit  tim.o
    0x0800683c   0x0800683c   0x00000078   Code   RO         4905    i.HAL_TIM_Base_Start  stm32f4xx_hal_tim.o
    0x080068b4   0x080068b4   0x000000ac   Code   RO          615    i.HAL_TIM_MspPostInit  tim.o
    0x08006960   0x08006960   0x000000cc   Code   RO         4974    i.HAL_TIM_PWM_ConfigChannel  stm32f4xx_hal_tim.o
    0x08006a2c   0x08006a2c   0x0000005a   Code   RO         4977    i.HAL_TIM_PWM_Init  stm32f4xx_hal_tim.o
    0x08006a86   0x08006a86   0x00000002   PAD
    0x08006a88   0x08006a88   0x00000044   Code   RO          617    i.HAL_TIM_PWM_MspInit  tim.o
    0x08006acc   0x08006acc   0x000000c8   Code   RO         4982    i.HAL_TIM_PWM_Start  stm32f4xx_hal_tim.o
    0x08006b94   0x08006b94   0x00000002   Code   RO         5884    i.HAL_UARTEx_RxEventCallback  stm32f4xx_hal_uart.o
    0x08006b96   0x08006b96   0x00000070   Code   RO         5896    i.HAL_UART_DMAStop  stm32f4xx_hal_uart.o
    0x08006c06   0x08006c06   0x00000002   Code   RO         5898    i.HAL_UART_ErrorCallback  stm32f4xx_hal_uart.o
    0x08006c08   0x08006c08   0x00000268   Code   RO         5901    i.HAL_UART_IRQHandler  stm32f4xx_hal_uart.o
    0x08006e70   0x08006e70   0x00000062   Code   RO         5902    i.HAL_UART_Init     stm32f4xx_hal_uart.o
    0x08006ed2   0x08006ed2   0x00000002   PAD
    0x08006ed4   0x08006ed4   0x000002fc   Code   RO          686    i.HAL_UART_MspInit  usart.o
    0x080071d0   0x080071d0   0x0000002a   Code   RO         5906    i.HAL_UART_Receive_DMA  stm32f4xx_hal_uart.o
    0x080071fa   0x080071fa   0x00000002   Code   RO         5908    i.HAL_UART_RxCpltCallback  stm32f4xx_hal_uart.o
    0x080071fc   0x080071fc   0x00000002   Code   RO         5909    i.HAL_UART_RxHalfCpltCallback  stm32f4xx_hal_uart.o
    0x080071fe   0x080071fe   0x00000002   PAD
    0x08007200   0x08007200   0x000000b2   Code   RO         5910    i.HAL_UART_Transmit  stm32f4xx_hal_uart.o
    0x080072b2   0x080072b2   0x00000002   Code   RO         5913    i.HAL_UART_TxCpltCallback  stm32f4xx_hal_uart.o
    0x080072b4   0x080072b4   0x00000002   Code   RO          759    i.HardFault_Handler  stm32f4xx_it.o
    0x080072b6   0x080072b6   0x0000002e   Code   RO         4079    i.I2C_IsAcknowledgeFailed  stm32f4xx_hal_i2c.o
    0x080072e4   0x080072e4   0x000000fc   Code   RO         4089    i.I2C_RequestMemoryRead  stm32f4xx_hal_i2c.o
    0x080073e0   0x080073e0   0x000000a8   Code   RO         4090    i.I2C_RequestMemoryWrite  stm32f4xx_hal_i2c.o
    0x08007488   0x08007488   0x0000004c   Code   RO         4094    i.I2C_WaitOnBTFFlagUntilTimeout  stm32f4xx_hal_i2c.o
    0x080074d4   0x080074d4   0x00000068   Code   RO         4095    i.I2C_WaitOnFlagUntilTimeout  stm32f4xx_hal_i2c.o
    0x0800753c   0x0800753c   0x00000096   Code   RO         4096    i.I2C_WaitOnMasterAddressFlagUntilTimeout  stm32f4xx_hal_i2c.o
    0x080075d2   0x080075d2   0x00000066   Code   RO         4097    i.I2C_WaitOnRXNEFlagUntilTimeout  stm32f4xx_hal_i2c.o
    0x08007638   0x08007638   0x0000004c   Code   RO         4098    i.I2C_WaitOnTXEFlagUntilTimeout  stm32f4xx_hal_i2c.o
    0x08007684   0x08007684   0x00000060   Code   RO         1679    i.INS_cali_gyro     ahrs_task.o
    0x080076e4   0x080076e4   0x00000028   Code   RO         1680    i.INS_set_cali_gyro  ahrs_task.o
    0x0800770c   0x0800770c   0x00000030   Code   RO         1220    i.KalmanCreate      user_kalman.o
    0x0800773c   0x0800773c   0x0000005a   Code   RO         1221    i.KalmanFilter      user_kalman.o
    0x08007796   0x08007796   0x00000002   PAD
    0x08007798   0x08007798   0x00000010   Code   RO         1454    i.Laser_Off         user_gpio.o
    0x080077a8   0x080077a8   0x00000010   Code   RO         1455    i.Laser_On          user_gpio.o
    0x080077b8   0x080077b8   0x00000084   Code   RO         1427    i.Led_RGB_Flow      user_led.o
    0x0800783c   0x0800783c   0x00000044   Code   RO          416    i.MX_CAN1_Init      can.o
    0x08007880   0x08007880   0x00000044   Code   RO          417    i.MX_CAN2_Init      can.o
    0x080078c4   0x080078c4   0x0000009c   Code   RO          463    i.MX_DMA_Init       dma.o
    0x08007960   0x08007960   0x000000d8   Code   RO          286    i.MX_FREERTOS_Init  freertos.o
    0x08007a38   0x08007a38   0x00000198   Code   RO          262    i.MX_GPIO_Init      gpio.o
    0x08007bd0   0x08007bd0   0x00000040   Code   RO          489    i.MX_I2C3_Init      i2c.o
    0x08007c10   0x08007c10   0x00000024   Code   RO          531    i.MX_RNG_Init       rng.o
    0x08007c34   0x08007c34   0x00000048   Code   RO          573    i.MX_SPI1_Init      spi.o
    0x08007c7c   0x08007c7c   0x00000064   Code   RO          618    i.MX_TIM10_Init     tim.o
    0x08007ce0   0x08007ce0   0x000000a4   Code   RO          619    i.MX_TIM1_Init      tim.o
    0x08007d84   0x08007d84   0x00000070   Code   RO          620    i.MX_TIM4_Init      tim.o
    0x08007df4   0x08007df4   0x00000038   Code   RO          687    i.MX_USART1_UART_Init  usart.o
    0x08007e2c   0x08007e2c   0x0000003c   Code   RO          688    i.MX_USART2_UART_Init  usart.o
    0x08007e68   0x08007e68   0x0000003c   Code   RO          689    i.MX_USART3_UART_Init  usart.o
    0x08007ea4   0x08007ea4   0x00000038   Code   RO          690    i.MX_USART6_UART_Init  usart.o
    0x08007edc   0x08007edc   0x0000000c   Code   RO         1279    i.Magazine          user_time.o
    0x08007ee8   0x08007ee8   0x00000002   Code   RO          760    i.MemManage_Handler  stm32f4xx_it.o
    0x08007eea   0x08007eea   0x00000002   Code   RO          761    i.NMI_Handler       stm32f4xx_it.o
    0x08007eec   0x08007eec   0x00000034   Code   RO         2584    i.PC_Link_Init      pc_link.o
    0x08007f20   0x08007f20   0x0000006c   Code   RO         2585    i.PC_Link_Send      pc_link.o
    0x08007f8c   0x08007f8c   0x00000128   Code   RO         1169    i.PID_calc          user_pid.o
    0x080080b4   0x080080b4   0x00000040   Code   RO         1170    i.PID_clear         user_pid.o
    0x080080f4   0x080080f4   0x0000005c   Code   RO         1171    i.PID_init          user_pid.o
    0x08008150   0x08008150   0x00000134   Code   RO         2162    i.RC_cmd_to_calibrate  calibrate_task.o
    0x08008284   0x08008284   0x00000024   Code   RO         1050    i.Read_Robot_mode   user_dbus_control.o
    0x080082a8   0x080082a8   0x000000b4   Code   RO         1051    i.Read_chassis_opt  user_dbus_control.o
    0x0800835c   0x0800835c   0x000000e0   Code   RO         1052    i.Read_gimbal_opt   user_dbus_control.o
    0x0800843c   0x0800843c   0x00000044   Code   RO          980    i.Remote_Control_Init  user_dbus.o
    0x08008480   0x08008480   0x00000050   Code   RO         2587    i.Robot_Msg         pc_link.o
    0x080084d0   0x080084d0   0x00000070   Code   RO         1493    i.Rx_Chassis_To_Gimbal  gimbal.o
    0x08008540   0x08008540   0x00001274   Code   RO         1244    i.SPI1_DMA_enable   user_spi.o
    0x080097b4   0x080097b4   0x000000f0   Code   RO         1245    i.SPI1_DMA_init     user_spi.o
    0x080098a4   0x080098a4   0x00000058   Code   RO         4627    i.SPI_EndRxTxTransaction  stm32f4xx_hal_spi.o
    0x080098fc   0x080098fc   0x000000b8   Code   RO         4632    i.SPI_WaitFlagStateUntilTimeout  stm32f4xx_hal_spi.o
    0x080099b4   0x080099b4   0x00000088   Code   RO         2588    i.Send_Robot_Data   pc_link.o
    0x08009a3c   0x08009a3c   0x0000002a   Code   RO         2589    i.Send_Robot_Id     pc_link.o
    0x08009a66   0x08009a66   0x00000002   PAD
    0x08009a68   0x08009a68   0x00000060   Code   RO          981    i.Set_Remote_Default  user_dbus.o
    0x08009ac8   0x08009ac8   0x000000cc   Code   RO         2405    i.Shoot_Control     shoot.o
    0x08009b94   0x08009b94   0x00000050   Code   RO         2406    i.Shoot_Init        shoot.o
    0x08009be4   0x08009be4   0x00000028   Code   RO         2407    i.Shoot_Sleep       shoot.o
    0x08009c0c   0x08009c0c   0x00000080   Code   RO         2408    i.Shoot_Speed_Out   shoot.o
    0x08009c8c   0x08009c8c   0x00000014   Code   RO          287    i.StartTask06       freertos.o
    0x08009ca0   0x08009ca0   0x00000018   Code   RO          288    i.Start_Task_AHRS   freertos.o
    0x08009cb8   0x08009cb8   0x00000010   Code   RO          289    i.Start_Task_Ammo_Fire  freertos.o
    0x08009cc8   0x08009cc8   0x00000010   Code   RO          290    i.Start_Task_Ammo_Shoot  freertos.o
    0x08009cd8   0x08009cd8   0x0000001a   Code   RO          291    i.Start_Task_Chassis  freertos.o
    0x08009cf2   0x08009cf2   0x0000000c   Code   RO          292    i.Start_Task_Debug  freertos.o
    0x08009cfe   0x08009cfe   0x00000010   Code   RO          293    i.Start_Task_Gimbal  freertos.o
    0x08009d0e   0x08009d0e   0x00000010   Code   RO          294    i.Start_Task_IWDG   freertos.o
    0x08009d1e   0x08009d1e   0x00000002   PAD
    0x08009d20   0x08009d20   0x00000060   Code   RO          295    i.Start_Task__Mini_PC  freertos.o
    0x08009d80   0x08009d80   0x00000018   Code   RO          762    i.SysTick_Handler   stm32f4xx_it.o
    0x08009d98   0x08009d98   0x00000094   Code   RO           14    i.SystemClock_Config  main.o
    0x08009e2c   0x08009e2c   0x00000010   Code   RO         6231    i.SystemInit        system_stm32f4xx.o
    0x08009e3c   0x08009e3c   0x000000c8   Code   RO         4995    i.TIM_Base_SetConfig  stm32f4xx_hal_tim.o
    0x08009f04   0x08009f04   0x0000001a   Code   RO         4996    i.TIM_CCxChannelCmd  stm32f4xx_hal_tim.o
    0x08009f1e   0x08009f1e   0x00000002   PAD
    0x08009f20   0x08009f20   0x00000060   Code   RO         5008    i.TIM_OC1_SetConfig  stm32f4xx_hal_tim.o
    0x08009f80   0x08009f80   0x0000006c   Code   RO         5009    i.TIM_OC2_SetConfig  stm32f4xx_hal_tim.o
    0x08009fec   0x08009fec   0x00000068   Code   RO         5010    i.TIM_OC3_SetConfig  stm32f4xx_hal_tim.o
    0x0800a054   0x0800a054   0x00000050   Code   RO         5011    i.TIM_OC4_SetConfig  stm32f4xx_hal_tim.o
    0x0800a0a4   0x0800a0a4   0x00000140   Code   RO         1494    i.Tx_Gimbal_To_Chassis  gimbal.o
    0x0800a1e4   0x0800a1e4   0x00000010   Code   RO         5915    i.UART_DMAAbortOnError  stm32f4xx_hal_uart.o
    0x0800a1f4   0x0800a1f4   0x0000004a   Code   RO         5916    i.UART_DMAError     stm32f4xx_hal_uart.o
    0x0800a23e   0x0800a23e   0x00000082   Code   RO         5917    i.UART_DMAReceiveCplt  stm32f4xx_hal_uart.o
    0x0800a2c0   0x0800a2c0   0x0000001a   Code   RO         5919    i.UART_DMARxHalfCplt  stm32f4xx_hal_uart.o
    0x0800a2da   0x0800a2da   0x0000004e   Code   RO         5925    i.UART_EndRxTransfer  stm32f4xx_hal_uart.o
    0x0800a328   0x0800a328   0x0000001c   Code   RO         5926    i.UART_EndTxTransfer  stm32f4xx_hal_uart.o
    0x0800a344   0x0800a344   0x000000c0   Code   RO         5927    i.UART_Receive_IT   stm32f4xx_hal_uart.o
    0x0800a404   0x0800a404   0x0000010c   Code   RO         5928    i.UART_SetConfig    stm32f4xx_hal_uart.o
    0x0800a510   0x0800a510   0x00000094   Code   RO         5929    i.UART_Start_Receive_DMA  stm32f4xx_hal_uart.o
    0x0800a5a4   0x0800a5a4   0x00000078   Code   RO         5931    i.UART_WaitOnFlagUntilTimeout  stm32f4xx_hal_uart.o
    0x0800a61c   0x0800a61c   0x0000000c   Code   RO          763    i.USART2_IRQHandler  stm32f4xx_it.o
    0x0800a628   0x0800a628   0x0000006c   Code   RO          982    i.USART3_IRQHandler  user_dbus.o
    0x0800a694   0x0800a694   0x00000044   Code   RO         2590    i.USART6_IRQHandler  pc_link.o
    0x0800a6d8   0x0800a6d8   0x00000002   Code   RO          764    i.UsageFault_Handler  stm32f4xx_it.o
    0x0800a6da   0x0800a6da   0x00000002   PAD
    0x0800a6dc   0x0800a6dc   0x000000c4   Code   RO         2591    i.Vision_Data       pc_link.o
    0x0800a7a0   0x0800a7a0   0x00000020   Code   RO          983    i.Wdog_Remote       user_dbus.o
    0x0800a7c0   0x0800a7c0   0x00000030   Code   RO         8369    i.__ARM_fpclassify  m_wm.l(fpclassify.o)
    0x0800a7f0   0x0800a7f0   0x00000026   Code   RO         8281    i.__ARM_fpclassifyf  m_wm.l(fpclassifyf.o)
    0x0800a816   0x0800a816   0x00000020   Code   RO         3651    i.__NVIC_SetPriority  stm32f4xx_hal_cortex.o
    0x0800a836   0x0800a836   0x00000002   PAD
    0x0800a838   0x0800a838   0x0000012c   Code   RO         8057    i.__hardfp_asinf    m_wm.l(asinf.o)
    0x0800a964   0x0800a964   0x000002ac   Code   RO         8069    i.__hardfp_atan2f   m_wm.l(atan2f.o)
    0x0800ac10   0x0800ac10   0x000000c8   Code   RO         8081    i.__hardfp_cos      m_wm.l(cos.o)
    0x0800acd8   0x0800acd8   0x000000c8   Code   RO         8093    i.__hardfp_sin      m_wm.l(sin.o)
    0x0800ada0   0x0800ada0   0x0000003a   Code   RO         8117    i.__hardfp_sqrtf    m_wm.l(sqrtf_full.o)
    0x0800adda   0x0800adda   0x00000006   PAD
    0x0800ade0   0x0800ade0   0x00000438   Code   RO         8297    i.__ieee754_rem_pio2  m_wm.l(rred.o)
    0x0800b218   0x0800b218   0x00000170   Code   RO         8264    i.__kernel_cos      m_wm.l(cos_i.o)
    0x0800b388   0x0800b388   0x000000f8   Code   RO         8371    i.__kernel_poly     m_wm.l(poly.o)
    0x0800b480   0x0800b480   0x00000130   Code   RO         8305    i.__kernel_sin      m_wm.l(sin_i.o)
    0x0800b5b0   0x0800b5b0   0x00000014   Code   RO         8268    i.__mathlib_dbl_infnan  m_wm.l(dunder.o)
    0x0800b5c4   0x0800b5c4   0x00000004   PAD
    0x0800b5c8   0x0800b5c8   0x00000020   Code   RO         8270    i.__mathlib_dbl_invalid  m_wm.l(dunder.o)
    0x0800b5e8   0x0800b5e8   0x00000020   Code   RO         8273    i.__mathlib_dbl_underflow  m_wm.l(dunder.o)
    0x0800b608   0x0800b608   0x00000006   Code   RO         8284    i.__mathlib_flt_infnan  m_wm.l(funder.o)
    0x0800b60e   0x0800b60e   0x00000006   Code   RO         8285    i.__mathlib_flt_infnan2  m_wm.l(funder.o)
    0x0800b614   0x0800b614   0x00000010   Code   RO         8286    i.__mathlib_flt_invalid  m_wm.l(funder.o)
    0x0800b624   0x0800b624   0x00000010   Code   RO         8289    i.__mathlib_flt_underflow  m_wm.l(funder.o)
    0x0800b634   0x0800b634   0x0000000e   Code   RO         8194    i._is_digit         c_w.l(__printf_wp.o)
    0x0800b642   0x0800b642   0x00000022   Code   RO         1569    i.abs_limit         user_lib.o
    0x0800b664   0x0800b664   0x000001d0   Code   RO         7768    i.accel_comple_filter  AHRS.lib(ahrs.o)
    0x0800b834   0x0800b834   0x0000018c   Code   RO         7769    i.accel_update_kp_ki  AHRS.lib(ahrs.o)
    0x0800b9c0   0x0800b9c0   0x0000016c   Code   RO         7770    i.angle_to_quat     AHRS.lib(ahrs.o)
    0x0800bb2c   0x0800bb2c   0x00000128   Code   RO         1838    i.bmi088_accel_init  bmi088driver.o
    0x0800bc54   0x0800bc54   0x000002c0   Code   RO         1839    i.bmi088_accel_self_test  bmi088driver.o
    0x0800bf14   0x0800bf14   0x000000dc   Code   RO         1840    i.bmi088_gyro_init  bmi088driver.o
    0x0800bff0   0x0800bff0   0x000000ca   Code   RO         1841    i.bmi088_gyro_self_test  bmi088driver.o
    0x0800c0ba   0x0800c0ba   0x00000002   PAD
    0x0800c0bc   0x0800c0bc   0x00000010   Code   RO         1280    i.buzzer_off        user_time.o
    0x0800c0cc   0x0800c0cc   0x00000010   Code   RO         1281    i.buzzer_on         user_time.o
    0x0800c0dc   0x0800c0dc   0x0000008c   Code   RO         2163    i.cali_data_read    calibrate_task.o
    0x0800c168   0x0800c168   0x0000006c   Code   RO         2164    i.cali_data_write   calibrate_task.o
    0x0800c1d4   0x0800c1d4   0x0000004c   Code   RO         2165    i.cali_gyro_hook    calibrate_task.o
    0x0800c220   0x0800c220   0x0000001c   Code   RO         2166    i.cali_head_hook    calibrate_task.o
    0x0800c23c   0x0800c23c   0x00000034   Code   RO         1388    i.delay_us          user_delay.o
    0x0800c270   0x0800c270   0x00000018   Code   RO         8365    i.fabs              m_wm.l(fabs.o)
    0x0800c288   0x0800c288   0x0000004e   Code   RO         1570    i.first_order_filter_cali  user_lib.o
    0x0800c2d6   0x0800c2d6   0x00000012   Code   RO         1571    i.first_order_filter_init  user_lib.o
    0x0800c2e8   0x0800c2e8   0x0000002a   Code   RO         1329    i.flash_erase_address  user_flash.o
    0x0800c312   0x0800c312   0x0000000c   Code   RO         1330    i.flash_read        user_flash.o
    0x0800c31e   0x0800c31e   0x00000002   PAD
    0x0800c320   0x0800c320   0x00000068   Code   RO         1332    i.flash_write_single_address  user_flash.o
    0x0800c388   0x0800c388   0x000000c4   Code   RO         1333    i.ger_sector        user_flash.o
    0x0800c44c   0x0800c44c   0x000000e8   Code   RO         7771    i.get_angle         AHRS.lib(ahrs.o)
    0x0800c534   0x0800c534   0x000000d4   Code   RO         1334    i.get_next_flash_address  user_flash.o
    0x0800c608   0x0800c608   0x0000004c   Code   RO         1686    i.gyro_offset_calc  ahrs_task.o
    0x0800c654   0x0800c654   0x000000ec   Code   RO         1687    i.imu_cali_slove    ahrs_task.o
    0x0800c740   0x0800c740   0x00000110   Code   RO         1688    i.imu_cmd_spi_dma   ahrs_task.o
    0x0800c850   0x0800c850   0x0000000c   Code   RO         1282    i.imu_pwm_set       user_time.o
    0x0800c85c   0x0800c85c   0x0000007c   Code   RO         1689    i.imu_temp_control  ahrs_task.o
    0x0800c8d8   0x0800c8d8   0x00000002   Code   RO         2081    i.ist8310_GPIO_init  ist8310driver_middleware.o
    0x0800c8da   0x0800c8da   0x00000002   PAD
    0x0800c8dc   0x0800c8dc   0x00000024   Code   RO         2083    i.ist8310_IIC_read_single_reg  ist8310driver_middleware.o
    0x0800c900   0x0800c900   0x00000024   Code   RO         2085    i.ist8310_IIC_write_single_reg  ist8310driver_middleware.o
    0x0800c924   0x0800c924   0x00000010   Code   RO         2086    i.ist8310_RST_H     ist8310driver_middleware.o
    0x0800c934   0x0800c934   0x00000010   Code   RO         2087    i.ist8310_RST_L     ist8310driver_middleware.o
    0x0800c944   0x0800c944   0x00000002   Code   RO         2088    i.ist8310_com_init  ist8310driver_middleware.o
    0x0800c946   0x0800c946   0x00000004   Code   RO         2089    i.ist8310_delay_ms  ist8310driver_middleware.o
    0x0800c94a   0x0800c94a   0x00000002   PAD
    0x0800c94c   0x0800c94c   0x00000080   Code   RO         2037    i.ist8310_init      ist8310driver.o
    0x0800c9cc   0x0800c9cc   0x00000062   Code   RO           15    i.main              main.o
    0x0800ca2e   0x0800ca2e   0x0000000c   Code   RO         7266    i.makeFreeRtosPriority  cmsis_os.o
    0x0800ca3a   0x0800ca3a   0x0000000e   Code   RO         7268    i.osDelay           cmsis_os.o
    0x0800ca48   0x0800ca48   0x0000000a   Code   RO         7271    i.osKernelStart     cmsis_os.o
    0x0800ca52   0x0800ca52   0x00000054   Code   RO         7305    i.osThreadCreate    cmsis_os.o
    0x0800caa6   0x0800caa6   0x00000002   PAD
    0x0800caa8   0x0800caa8   0x00000020   Code   RO         6748    i.pcTaskGetName     tasks.o
    0x0800cac8   0x0800cac8   0x00000078   Code   RO         6749    i.prvAddCurrentTaskToDelayedList  tasks.o
    0x0800cb40   0x0800cb40   0x000000d0   Code   RO         6750    i.prvAddNewTaskToReadyList  tasks.o
    0x0800cc10   0x0800cc10   0x00000058   Code   RO         7108    i.prvCheckForValidListAndQueue  timers.o
    0x0800cc68   0x0800cc68   0x00000026   Code   RO         6409    i.prvCopyDataFromQueue  queue.o
    0x0800cc8e   0x0800cc8e   0x0000006c   Code   RO         6410    i.prvCopyDataToQueue  queue.o
    0x0800ccfa   0x0800ccfa   0x00000034   Code   RO         6751    i.prvDeleteTCB      tasks.o
    0x0800cd2e   0x0800cd2e   0x00000002   PAD
    0x0800cd30   0x0800cd30   0x0000004c   Code   RO         7633    i.prvHeapInit       heap_4.o
    0x0800cd7c   0x0800cd7c   0x00000060   Code   RO         6752    i.prvIdleTask       tasks.o
    0x0800cddc   0x0800cddc   0x00000016   Code   RO         6412    i.prvInitialiseNewQueue  queue.o
    0x0800cdf2   0x0800cdf2   0x00000002   PAD
    0x0800cdf4   0x0800cdf4   0x000000b4   Code   RO         6753    i.prvInitialiseNewTask  tasks.o
    0x0800cea8   0x0800cea8   0x0000004c   Code   RO         7634    i.prvInsertBlockIntoFreeList  heap_4.o
    0x0800cef4   0x0800cef4   0x00000038   Code   RO         7110    i.prvInsertTimerInActiveList  timers.o
    0x0800cf2c   0x0800cf2c   0x0000001c   Code   RO         6413    i.prvIsQueueEmpty   queue.o
    0x0800cf48   0x0800cf48   0x000000fc   Code   RO         7111    i.prvProcessReceivedCommands  timers.o
    0x0800d044   0x0800d044   0x000000c0   Code   RO         7112    i.prvProcessTimerOrBlockTask  timers.o
    0x0800d104   0x0800d104   0x00000020   Code   RO         6754    i.prvResetNextTaskUnblockTime  tasks.o
    0x0800d124   0x0800d124   0x00000028   Code   RO         7113    i.prvSampleTimeNow  timers.o
    0x0800d14c   0x0800d14c   0x00000058   Code   RO         6755    i.prvSearchForNameWithinSingleList  tasks.o
    0x0800d1a4   0x0800d1a4   0x0000006c   Code   RO         7114    i.prvSwitchTimerLists  timers.o
    0x0800d210   0x0800d210   0x00000028   Code   RO         7689    i.prvTaskExitError  port.o
    0x0800d238   0x0800d238   0x00000024   Code   RO         7115    i.prvTimerTask      timers.o
    0x0800d25c   0x0800d25c   0x0000006a   Code   RO         6414    i.prvUnlockQueue    queue.o
    0x0800d2c6   0x0800d2c6   0x00000002   PAD
    0x0800d2c8   0x0800d2c8   0x000000dc   Code   RO         7635    i.pvPortMalloc      heap_4.o
    0x0800d3a4   0x0800d3a4   0x0000002c   Code   RO         7690    i.pxPortInitialiseStack  port.o
    0x0800d3d0   0x0800d3d0   0x00000084   Code   RO         7776    i.quat_normalization  AHRS.lib(ahrs.o)
    0x0800d454   0x0800d454   0x0000003e   Code   RO         8119    i.sqrtf             m_wm.l(sqrtf_full.o)
    0x0800d492   0x0800d492   0x00000002   PAD
    0x0800d494   0x0800d494   0x00000068   Code   RO         6759    i.ulTaskNotifyTake  tasks.o
    0x0800d4fc   0x0800d4fc   0x0000007a   Code   RO         7777    i.update_w          AHRS.lib(ahrs.o)
    0x0800d576   0x0800d576   0x00000002   PAD
    0x0800d578   0x0800d578   0x0000003c   Code   RO         1113    i.usart_printf      user_debug.o
    0x0800d5b4   0x0800d5b4   0x00000026   Code   RO         6369    i.uxListRemove      list.o
    0x0800d5da   0x0800d5da   0x00000002   PAD
    0x0800d5dc   0x0800d5dc   0x00000014   Code   RO          296    i.vApplicationGetIdleTaskMemory  freertos.o
    0x0800d5f0   0x0800d5f0   0x00000018   Code   RO          297    i.vApplicationGetTimerTaskMemory  freertos.o
    0x0800d608   0x0800d608   0x00000016   Code   RO         6370    i.vListInitialise   list.o
    0x0800d61e   0x0800d61e   0x00000006   Code   RO         6371    i.vListInitialiseItem  list.o
    0x0800d624   0x0800d624   0x00000030   Code   RO         6372    i.vListInsert       list.o
    0x0800d654   0x0800d654   0x00000018   Code   RO         6373    i.vListInsertEnd    list.o
    0x0800d66c   0x0800d66c   0x00000040   Code   RO         7692    i.vPortEnterCritical  port.o
    0x0800d6ac   0x0800d6ac   0x00000028   Code   RO         7693    i.vPortExitCritical  port.o
    0x0800d6d4   0x0800d6d4   0x00000064   Code   RO         7636    i.vPortFree         heap_4.o
    0x0800d738   0x0800d738   0x00000024   Code   RO         7694    i.vPortSetupTimerInterrupt  port.o
    0x0800d75c   0x0800d75c   0x00000054   Code   RO         7695    i.vPortValidateInterruptPriority  port.o
    0x0800d7b0   0x0800d7b0   0x00000028   Code   RO         6418    i.vQueueAddToRegistry  queue.o
    0x0800d7d8   0x0800d7d8   0x00000044   Code   RO         6421    i.vQueueWaitForMessageRestricted  queue.o
    0x0800d81c   0x0800d81c   0x0000004c   Code   RO         6767    i.vTaskDelay        tasks.o
    0x0800d868   0x0800d868   0x00000010   Code   RO         6771    i.vTaskInternalSetTimeOutState  tasks.o
    0x0800d878   0x0800d878   0x0000000c   Code   RO         6772    i.vTaskMissedYield  tasks.o
    0x0800d884   0x0800d884   0x000000b4   Code   RO         6773    i.vTaskNotifyGiveFromISR  tasks.o
    0x0800d938   0x0800d938   0x00000030   Code   RO         6774    i.vTaskPlaceOnEventList  tasks.o
    0x0800d968   0x0800d968   0x00000038   Code   RO         6775    i.vTaskPlaceOnEventListRestricted  tasks.o
    0x0800d9a0   0x0800d9a0   0x00000088   Code   RO         6782    i.vTaskStartScheduler  tasks.o
    0x0800da28   0x0800da28   0x00000010   Code   RO         6784    i.vTaskSuspendAll   tasks.o
    0x0800da38   0x0800da38   0x0000005c   Code   RO         6785    i.vTaskSwitchContext  tasks.o
    0x0800da94   0x0800da94   0x000000f4   Code   RO         7696    i.xPortStartScheduler  port.o
    0x0800db88   0x0800db88   0x0000002c   Code   RO         7697    i.xPortSysTickHandler  port.o
    0x0800dbb4   0x0800dbb4   0x00000066   Code   RO         6425    i.xQueueGenericCreateStatic  queue.o
    0x0800dc1a   0x0800dc1a   0x00000002   PAD
    0x0800dc1c   0x0800dc1c   0x00000088   Code   RO         6426    i.xQueueGenericReset  queue.o
    0x0800dca4   0x0800dca4   0x00000160   Code   RO         6427    i.xQueueGenericSend  queue.o
    0x0800de04   0x0800de04   0x000000be   Code   RO         6428    i.xQueueGenericSendFromISR  queue.o
    0x0800dec2   0x0800dec2   0x00000002   PAD
    0x0800dec4   0x0800dec4   0x00000138   Code   RO         6436    i.xQueueReceive     queue.o
    0x0800dffc   0x0800dffc   0x00000088   Code   RO         6788    i.xTaskCheckForTimeOut  tasks.o
    0x0800e084   0x0800e084   0x0000005a   Code   RO         6789    i.xTaskCreate       tasks.o
    0x0800e0de   0x0800e0de   0x00000056   Code   RO         6790    i.xTaskCreateStatic  tasks.o
    0x0800e134   0x0800e134   0x00000084   Code   RO         6794    i.xTaskGetHandle    tasks.o
    0x0800e1b8   0x0800e1b8   0x0000001c   Code   RO         6795    i.xTaskGetSchedulerState  tasks.o
    0x0800e1d4   0x0800e1d4   0x0000000c   Code   RO         6796    i.xTaskGetTickCount  tasks.o
    0x0800e1e0   0x0800e1e0   0x000000cc   Code   RO         6798    i.xTaskIncrementTick  tasks.o
    0x0800e2ac   0x0800e2ac   0x00000098   Code   RO         6801    i.xTaskPriorityDisinherit  tasks.o
    0x0800e344   0x0800e344   0x00000074   Code   RO         6803    i.xTaskRemoveFromEventList  tasks.o
    0x0800e3b8   0x0800e3b8   0x000000c4   Code   RO         6804    i.xTaskResumeAll    tasks.o
    0x0800e47c   0x0800e47c   0x00000060   Code   RO         7122    i.xTimerCreateTimerTask  timers.o
    0x0800e4dc   0x0800e4dc   0x00000068   Code   RO         7123    i.xTimerGenericCommand  timers.o
    0x0800e544   0x0800e544   0x0000002c   Code   RO         8413    locale$$code        c_w.l(lc_numeric_c.o)
    0x0800e570   0x0800e570   0x0000002c   Code   RO         8434    locale$$code        c_w.l(lc_ctype_c.o)
    0x0800e59c   0x0800e59c   0x00000018   Code   RO         8229    x$fpl$basic         g_wm.l(basic.o)
    0x0800e5b4   0x0800e5b4   0x000002c4   Code   RO         8033    x$fpl$d2f           g_wm.l(d2f_clz.o)
    0x0800e878   0x0800e878   0x0000024c   Code   RO         8035    x$fpl$dadd          g_wm.l(daddsub_clz.o)
    0x0800eac4   0x0800eac4   0x0000037c   Code   RO         8354    x$fpl$ddiv          g_wm.l(ddiv_clz.o)
    0x0800ee40   0x0800ee40   0x000000c8   Code   RO         8357    x$fpl$dfix          g_wm.l(dfix.o)
    0x0800ef08   0x0800ef08   0x0000002e   Code   RO         8232    x$fpl$dflt          g_wm.l(dflt_clz.o)
    0x0800ef36   0x0800ef36   0x0000001a   Code   RO         8233    x$fpl$dfltn         g_wm.l(dflt_clz.o)
    0x0800ef50   0x0800ef50   0x00000026   Code   RO         8231    x$fpl$dfltu         g_wm.l(dflt_clz.o)
    0x0800ef76   0x0800ef76   0x00000002   PAD
    0x0800ef78   0x0800ef78   0x000001c0   Code   RO         8041    x$fpl$dmul          g_wm.l(dmul_clz.o)
    0x0800f138   0x0800f138   0x00000102   Code   RO         8237    x$fpl$dnaninf       g_wm.l(dnaninf.o)
    0x0800f23a   0x0800f23a   0x00000070   Code   RO         8239    x$fpl$drenorm       g_wm.l(drenorm_clz.o)
    0x0800f2aa   0x0800f2aa   0x0000000c   Code   RO         8241    x$fpl$dretinf       g_wm.l(dretinf.o)
    0x0800f2b6   0x0800f2b6   0x00000002   PAD
    0x0800f2b8   0x0800f2b8   0x00000050   Code   RO         8036    x$fpl$drsb          g_wm.l(daddsub_clz.o)
    0x0800f308   0x0800f308   0x0000029c   Code   RO         8037    x$fpl$dsub          g_wm.l(daddsub_clz.o)
    0x0800f5a4   0x0800f5a4   0x0000017a   Code   RO         8243    x$fpl$dunder        g_wm.l(dunder_clz.o)
    0x0800f71e   0x0800f71e   0x00000002   PAD
    0x0800f720   0x0800f720   0x000001ec   Code   RO         8245    x$fpl$exception     g_wm.l(except.o)
    0x0800f90c   0x0800f90c   0x0000007a   Code   RO         8043    x$fpl$f2d           g_wm.l(f2d.o)
    0x0800f986   0x0800f986   0x000000f2   Code   RO         8247    x$fpl$fnaninf       g_wm.l(fnaninf.o)
    0x0800fa78   0x0800fa78   0x0000000a   Code   RO         8502    x$fpl$fpinit        g_wm.l(fpinit.o)
    0x0800fa82   0x0800fa82   0x0000000a   Code   RO         8249    x$fpl$fretinf       g_wm.l(fretinf.o)
    0x0800fa8c   0x0800fa8c   0x0000013c   Code   RO         8251    x$fpl$funder        g_wm.l(funder_clz.o)
    0x0800fbc8   0x0800fbc8   0x00000020   Code   RO         8427    x$fpl$ieeestatus    g_wm.l(istatus.o)
    0x0800fbe8   0x0800fbe8   0x00000004   Code   RO         8253    x$fpl$printf1       g_wm.l(printf1.o)
    0x0800fbec   0x0800fbec   0x00000004   Code   RO         8255    x$fpl$printf2       g_wm.l(printf2.o)
    0x0800fbf0   0x0800fbf0   0x000000b2   Code   RO         8361    x$fpl$retnan        g_wm.l(retnan.o)
    0x0800fca2   0x0800fca2   0x0000007e   Code   RO         8261    x$fpl$trapveneer    g_wm.l(trapv.o)
    0x0800fd20   0x0800fd20   0x00000000   Code   RO         8263    x$fpl$usenofp       g_wm.l(usenofp.o)
    0x0800fd20   0x0800fd20   0x000000fc   Data   RO          299    .constdata          freertos.o
    0x0800fe1c   0x0800fe1c   0x00000008   Data   RO         1054    .constdata          user_dbus_control.o
    0x0800fe24   0x0800fe24   0x00000030   Data   RO         1497    .constdata          gimbal.o
    0x0800fe54   0x0800fe54   0x0000000c   Data   RO         1693    .constdata          ahrs_task.o
    0x0800fe60   0x0800fe60   0x00000012   Data   RO         1846    .constdata          bmi088driver.o
    0x0800fe72   0x0800fe72   0x0000000c   Data   RO         2040    .constdata          ist8310driver.o
    0x0800fe7e   0x0800fe7e   0x0000000f   Data   RO         2174    .constdata          calibrate_task.o
    0x0800fe8d   0x0800fe8d   0x00000003   PAD
    0x0800fe90   0x0800fe90   0x00000018   Data   RO         2347    .constdata          chassis.o
    0x0800fea8   0x0800fea8   0x00000018   Data   RO         2410    .constdata          shoot.o
    0x0800fec0   0x0800fec0   0x00000018   Data   RO         2468    .constdata          fire.o
    0x0800fed8   0x0800fed8   0x00000300   Data   RO         2529    .constdata          my_crc.o
    0x080101d8   0x080101d8   0x00000008   Data   RO         3368    .constdata          stm32f4xx_hal_dma.o
    0x080101e0   0x080101e0   0x00000010   Data   RO         6232    .constdata          system_stm32f4xx.o
    0x080101f0   0x080101f0   0x00000008   Data   RO         6233    .constdata          system_stm32f4xx.o
    0x080101f8   0x080101f8   0x0000000c   Data   RO         7778    .constdata          AHRS.lib(ahrs.o)
    0x08010204   0x08010204   0x00000804   Data   RO         7988    .constdata          arm_cortexM4lf_math.lib(arm_common_tables.o)
    0x08010a08   0x08010a08   0x00000008   Data   RO         8153    .constdata          c_w.l(_printf_wctomb.o)
    0x08010a10   0x08010a10   0x00000028   Data   RO         8182    .constdata          c_w.l(_printf_hex_int_ll_ptr.o)
    0x08010a38   0x08010a38   0x00000011   Data   RO         8202    .constdata          c_w.l(__printf_flags_ss_wp.o)
    0x08010a49   0x08010a49   0x00000007   PAD
    0x08010a50   0x08010a50   0x00000030   Data   RO         8265    .constdata          m_wm.l(cos_i.o)
    0x08010a80   0x08010a80   0x000000c8   Data   RO         8299    .constdata          m_wm.l(rred.o)
    0x08010b48   0x08010b48   0x00000028   Data   RO         8306    .constdata          m_wm.l(sin_i.o)
    0x08010b70   0x08010b70   0x00000026   Data   RO         8342    .constdata          c_w.l(_printf_fp_hex.o)
    0x08010b96   0x08010b96   0x00000002   PAD
    0x08010b98   0x08010b98   0x00000094   Data   RO         8388    .constdata          c_w.l(bigflt0.o)
    0x08010c2c   0x08010c2c   0x0000007c   Data   RO          300    .conststring        freertos.o
    0x08010ca8   0x08010ca8   0x00000020   Data   RO         8560    Region$$Table       anon$$obj.o
    0x08010cc8   0x08010cc8   0x0000001c   Data   RO         8412    locale$$data        c_w.l(lc_numeric_c.o)
    0x08010ce4   0x08010ce4   0x00000110   Data   RO         8433    locale$$data        c_w.l(lc_ctype_c.o)


    Execution Region RW_IRAM2 (Exec base: 0x10000000, Load base: 0x08010e90, Size: 0x00000000, Max: 0x00010000, ABSOLUTE)

    **** No section assigned to this execution region ****


    Execution Region RW_IRAM1 (Exec base: 0x20000000, Load base: 0x08010df4, Size: 0x00008758, Max: 0x00020000, ABSOLUTE, COMPRESSED[0x0000009c])

    Exec Addr    Load Addr    Size         Type   Attr      Idx    E Section Name        Object

    0x20000000   COMPRESSED   0x00000024   Data   RW          301    .data               freertos.o
    0x20000024   COMPRESSED   0x00000004   Data   RW          419    .data               can.o
    0x20000028   COMPRESSED   0x00000020   Data   RW          919    .data               user_can.o
    0x20000048   COMPRESSED   0x00000001   Data   RW          985    .data               user_dbus.o
    0x20000049   COMPRESSED   0x00000003   PAD
    0x2000004c   COMPRESSED   0x00000018   Data   RW         1060    .data               user_dbus_control.o
    0x20000064   COMPRESSED   0x0000000c   Data   RW         1116    .data               user_debug.o
    0x20000070   COMPRESSED   0x00000010   Data   RW         1335    .data               user_flash.o
    0x20000080   COMPRESSED   0x00000008   Data   RW         1389    .data               user_delay.o
    0x20000088   COMPRESSED   0x0000001c   Data   RW         1498    .data               gimbal.o
    0x200000a4   COMPRESSED   0x000000a0   Data   RW         1695    .data               ahrs_task.o
    0x20000144   COMPRESSED   0x0000002c   Data   RW         1847    .data               bmi088driver.o
    0x20000170   COMPRESSED   0x00000048   Data   RW         2175    .data               calibrate_task.o
    0x200001b8   COMPRESSED   0x00000002   Data   RW         2349    .data               chassis.o
    0x200001ba   COMPRESSED   0x00000002   PAD
    0x200001bc   COMPRESSED   0x0000000c   Data   RW         2350    .data               chassis.o
    0x200001c8   COMPRESSED   0x00000002   Data   RW         2411    .data               shoot.o
    0x200001ca   COMPRESSED   0x00000002   PAD
    0x200001cc   COMPRESSED   0x0000000c   Data   RW         2469    .data               fire.o
    0x200001d8   COMPRESSED   0x00000002   Data   RW         2530    .data               my_crc.o
    0x200001da   COMPRESSED   0x00000001   Data   RW         2593    .data               pc_link.o
    0x200001db   COMPRESSED   0x00000001   PAD
    0x200001dc   COMPRESSED   0x0000000c   Data   RW         3795    .data               stm32f4xx_hal.o
    0x200001e8   COMPRESSED   0x00000004   Data   RW         6234    .data               system_stm32f4xx.o
    0x200001ec   COMPRESSED   0x0000003c   Data   RW         6807    .data               tasks.o
    0x20000228   COMPRESSED   0x00000014   Data   RW         7131    .data               timers.o
    0x2000023c   COMPRESSED   0x00000020   Data   RW         7642    .data               heap_4.o
    0x2000025c   COMPRESSED   0x0000000c   Data   RW         7698    .data               port.o
    0x20000268   COMPRESSED   0x00000010   Data   RW         7779    .data               AHRS.lib(ahrs.o)
    0x20000278        -       0x000006a8   Zero   RW          298    .bss                freertos.o
    0x20000920        -       0x00000050   Zero   RW          418    .bss                can.o
    0x20000970        -       0x00000054   Zero   RW          490    .bss                i2c.o
    0x200009c4        -       0x00000010   Zero   RW          532    .bss                rng.o
    0x200009d4        -       0x00000118   Zero   RW          574    .bss                spi.o
    0x20000aec        -       0x000000d8   Zero   RW          621    .bss                tim.o
    0x20000bc4        -       0x000002f0   Zero   RW          691    .bss                usart.o
    0x20000eb4        -       0x00000120   Zero   RW          917    .bss                user_can.o
    0x20000fd4        -       0x00000120   Zero   RW          918    .bss                user_can.o
    0x200010f4        -       0x00000078   Zero   RW          984    .bss                user_dbus.o
    0x2000116c        -       0x00000028   Zero   RW         1053    .bss                user_dbus_control.o
    0x20001194        -       0x00000200   Zero   RW         1115    .bss                user_debug.o
    0x20001394        -       0x00000294   Zero   RW         1495    .bss                gimbal.o
    0x20001628        -       0x00000014   Zero   RW         1496    .bss                gimbal.o
    0x2000163c        -       0x00000162   Zero   RW         1690    .bss                ahrs_task.o
    0x2000179e   COMPRESSED   0x00000002   PAD
    0x200017a0        -       0x00000014   Zero   RW         2169    .bss                calibrate_task.o
    0x200017b4        -       0x00000018   Zero   RW         2170    .bss                calibrate_task.o
    0x200017cc        -       0x00000018   Zero   RW         2171    .bss                calibrate_task.o
    0x200017e4        -       0x00000018   Zero   RW         2172    .bss                calibrate_task.o
    0x200017fc        -       0x000000b9   Zero   RW         2173    .bss                calibrate_task.o
    0x200018b5   COMPRESSED   0x00000003   PAD
    0x200018b8        -       0x00000198   Zero   RW         2346    .bss                chassis.o
    0x20001a50        -       0x00000090   Zero   RW         2409    .bss                shoot.o
    0x20001ae0        -       0x00000090   Zero   RW         2467    .bss                fire.o
    0x20001b70        -       0x00000324   Zero   RW         2592    .bss                pc_link.o
    0x20001e94        -       0x00000020   Zero   RW         3067    .bss                stm32f4xx_hal_flash.o
    0x20001eb4        -       0x00000040   Zero   RW         6439    .bss                queue.o
    0x20001ef4        -       0x000000f0   Zero   RW         6806    .bss                tasks.o
    0x20001fe4        -       0x00000110   Zero   RW         7130    .bss                timers.o
    0x200020f4        -       0x00006000   Zero   RW         7641    .bss                heap_4.o
    0x200080f4        -       0x00000060   Zero   RW         8374    .bss                c_w.l(libspace.o)
    0x20008154   COMPRESSED   0x00000004   PAD
    0x20008158        -       0x00000200   Zero   RW            2    HEAP                startup_stm32f407xx.o
    0x20008358        -       0x00000400   Zero   RW            1    STACK               startup_stm32f407xx.o


==============================================================================

Image component sizes


      Code (inc. data)   RO Data    RW Data    ZI Data      Debug   Object Name

        70          6          0          0          0       5192   ahrs_middleware.o
      2712        186         12        160        354      20021   ahrs_task.o
      2166         34         18         44          0      10591   bmi088driver.o
       108         28          0          0          0       4444   bmi088middleware.o
       888         66         15         72        277       8236   calibrate_task.o
       388         42          0          4         80       2434   can.o
      1212        118         24         14        408       5601   chassis.o
       120          0          0          0          0      17401   cmsis_os.o
       156          4          0          0          0        838   dma.o
         0          0          0          0          0      19624   event_groups.o
       760         94         24         12        144       4315   fire.o
       502         42        376         36       1704       8928   freertos.o
      1668        194         48         28        680       9922   gimbal.o
       408         26          0          0          0       1187   gpio.o
       472         24          0         32      24576       4819   heap_4.o
       212         32          0          0         84       1689   i2c.o
       128          6         12          0          0       1895   ist8310driver.o
       112         22          0          0          0       3723   ist8310driver_middleware.o
       138          0          0          0          0       3498   list.o
       250          8          0          0          0     759348   main.o
       140         14        768          2          0       3427   my_crc.o
       714         52          0          1        804       6690   pc_link.o
       786         82          0         12          0      11737   port.o
      1502         20          0          0         64      17160   queue.o
        76         18          0          0         16       1483   rng.o
       452         46         24          2        144       3455   shoot.o
       328         32          0          0        280       1871   spi.o
        64         26        392          0       1536        832   startup_stm32f407xx.o
       144         24          0         12          0       8697   stm32f4xx_hal.o
      1658          6          0          0          0      14063   stm32f4xx_hal_can.o
       234         24          0          0          0      34502   stm32f4xx_hal_cortex.o
      1084         16          8          0          0       7258   stm32f4xx_hal_dma.o
       520         66          0          0         32       6478   stm32f4xx_hal_flash.o
       356         24          0          0          0       3950   stm32f4xx_hal_flash_ex.o
       530         52          0          0          0       2779   stm32f4xx_hal_gpio.o
      2174         52          0          0          0      12826   stm32f4xx_hal_i2c.o
        56          4          0          0          0        846   stm32f4xx_hal_msp.o
      1348         76          0          0          0       5180   stm32f4xx_hal_rcc.o
       198          0          0          0          0       2652   stm32f4xx_hal_rng.o
       942         12          0          0          0       4861   stm32f4xx_hal_spi.o
      1318        138          0          0          0       9703   stm32f4xx_hal_tim.o
       228         28          0          0          0       2136   stm32f4xx_hal_tim_ex.o
      2136         30          0          0          0      15793   stm32f4xx_hal_uart.o
       168         54          0          0          0       9281   stm32f4xx_it.o
        16          4         24          4          0       1099   system_stm32f4xx.o
      2696        188          0         60        240      31517   tasks.o
       656         74          0          0        216       4318   tim.o
       972         80          0         20        272      29667   timers.o
       996        102          0          0        752       4304   usart.o
       764         64          0         32        576       6032   user_can.o
       616         44          0          1        120       4970   user_dbus.o
       500         56          8         24         40       4477   user_dbus_control.o
        88         30          0         12        512       2150   user_debug.o
        92         18          0          8          0       1312   user_delay.o
       566         96          0         16          0       4073   user_flash.o
        32         10          0          0          0        891   user_gpio.o
       138          6          0          0          0       1918   user_kalman.o
       132          6          0          0          0        547   user_led.o
       130          0          0          0          0       2688   user_lib.o
       688         30          0          0          0       5185   user_pid.o
      4964         74          0          0          0       2406   user_spi.o
       116         30          0          0          0       2474   user_time.o

    ----------------------------------------------------------------------
     43860       2740       1788        616      33916    1191394   Object Totals
         0          0         32          0          0          0   (incl. Generated)
        72          0          3          8          5          0   (incl. Padding)

    ----------------------------------------------------------------------

      Code (inc. data)   RO Data    RW Data    ZI Data      Debug   Library Member Name

      2718         84         12         16          0       9922   ahrs.o
         0          0       2052          0          0       4636   arm_common_tables.o
       120         12          0          0          0      16970   arm_cos_f32.o
       116         12          0          0          0        658   arm_sin_f32.o
        90          0          0          0          0          0   __dczerorl2.o
         8          0          0          0          0         68   __main.o
       392          4         17          0          0         92   __printf_flags_ss_wp.o
        14          0          0          0          0         68   __printf_wp.o
         0          0          0          0          0          0   __rtentry.o
        12          0          0          0          0          0   __rtentry2.o
         6          0          0          0          0          0   __rtentry4.o
        52          8          0          0          0          0   __scatter.o
        28          0          0          0          0          0   __scatter_zi.o
        48          4          0          0          0         84   _fptrap.o
         6          0          0          0          0          0   _printf_a.o
         6          0          0          0          0          0   _printf_c.o
        44          0          0          0          0        108   _printf_char.o
        48          6          0          0          0         96   _printf_char_common.o
        40          0          0          0          0         68   _printf_charcount.o
         6          0          0          0          0          0   _printf_d.o
       120         16          0          0          0         92   _printf_dec.o
         6          0          0          0          0          0   _printf_e.o
         6          0          0          0          0          0   _printf_f.o
      1054          0          0          0          0        216   _printf_fp_dec.o
       764          8         38          0          0        100   _printf_fp_hex.o
       128         16          0          0          0         84   _printf_fp_infnan.o
         6          0          0          0          0          0   _printf_g.o
       148          4         40          0          0        160   _printf_hex_int_ll_ptr.o
         6          0          0          0          0          0   _printf_i.o
       178          0          0          0          0         88   _printf_intcommon.o
        10          0          0          0          0          0   _printf_l.o
         6          0          0          0          0          0   _printf_lc.o
        10          0          0          0          0          0   _printf_ll.o
         6          0          0          0          0          0   _printf_lld.o
         6          0          0          0          0          0   _printf_lli.o
         6          0          0          0          0          0   _printf_llo.o
         6          0          0          0          0          0   _printf_llu.o
         6          0          0          0          0          0   _printf_llx.o
       124         16          0          0          0         92   _printf_longlong_dec.o
         6          0          0          0          0          0   _printf_ls.o
         6          0          0          0          0          0   _printf_n.o
         6          0          0          0          0          0   _printf_o.o
       112         10          0          0          0        124   _printf_oct_int_ll.o
         6          0          0          0          0          0   _printf_p.o
        78          0          0          0          0        108   _printf_pad.o
         0          0          0          0          0          0   _printf_percent.o
         4          0          0          0          0          0   _printf_percent_end.o
         6          0          0          0          0          0   _printf_s.o
        82          0          0          0          0         80   _printf_str.o
        36          0          0          0          0         84   _printf_truncate.o
         6          0          0          0          0          0   _printf_u.o
        44          0          0          0          0        108   _printf_wchar.o
       188          6          8          0          0         92   _printf_wctomb.o
         6          0          0          0          0          0   _printf_x.o
        22          0          0          0          0        100   _rserrno.o
        10          0          0          0          0         68   _sputc.o
        64          0          0          0          0         92   _wcrtomb.o
        16          0          0          0          0         68   aeabi_memset.o
       228          4        148          0          0         96   bigflt0.o
      1936        128          0          0          0        672   btod.o
        10          0          0          0          0         68   defsig_exit.o
       172        110          0          0          0         76   defsig_fpe_inner.o
        14          0          0          0          0         80   defsig_fpe_outer.o
        50          0          0          0          0         88   defsig_general.o
        18          0          0          0          0         80   exit.o
         6          0          0          0          0        152   heapauxi.o
         0          0          0          0          0          0   indicate_semi.o
        44         10        272          0          0         76   lc_ctype_c.o
        44         10         28          0          0         76   lc_numeric_c.o
         2          0          0          0          0          0   libinit.o
        34          0          0          0          0          0   libinit2.o
         2          0          0          0          0          0   libshutdown.o
         2          0          0          0          0          0   libshutdown2.o
         8          4          0          0         96         68   libspace.o
       138          0          0          0          0         80   lludiv10.o
       238          0          0          0          0        100   lludivv7m.o
        16          4          0          0          0         76   rt_ctype_table.o
         8          4          0          0          0         68   rt_errno_addr_intlibspace.o
         8          4          0          0          0         68   rt_locale_intlibspace.o
        68          0          0          0          0         68   rt_memclr.o
        78          0          0          0          0         80   rt_memclr_w.o
       138          0          0          0          0         68   rt_memcpy_v6.o
       100          0          0          0          0         80   rt_memcpy_w.o
         2          0          0          0          0          0   rtexit.o
        10          0          0          0          0          0   rtexit2.o
       128          0          0          0          0         68   strcmpv7m.o
        62          0          0          0          0         76   strlen.o
        12          4          0          0          0         68   sys_exit.o
        74          0          0          0          0         80   sys_stackheap_outer.o
        14          0          0          0          0         76   sys_wrch.o
         2          0          0          0          0         68   use_no_semi.o
        36          4          0          0          0         76   vsprintf.o
        24          0          0          0          0        164   basic.o
       708         16          0          0          0        140   d2f_clz.o
      1336         32          0          0          0        532   daddsub_clz.o
       892        152          0          0          0        292   ddiv_clz.o
       200         16          0          0          0        184   dfix.o
       110          0          0          0          0        348   dflt_clz.o
       448         16          0          0          0        164   dmul_clz.o
       258          4          0          0          0        156   dnaninf.o
       112          0          0          0          0        160   drenorm_clz.o
        12          0          0          0          0        116   dretinf.o
       378          0          0          0          0        168   dunder_clz.o
       492         36          0          0          0        148   except.o
       122          8          0          0          0        132   f2d.o
       242          4          0          0          0        144   fnaninf.o
        10          0          0          0          0        116   fpinit.o
        10          0          0          0          0        116   fretinf.o
       316          0          0          0          0        132   funder_clz.o
        32          4          0          0          0        116   istatus.o
         4          0          0          0          0        116   printf1.o
         4          0          0          0          0        116   printf2.o
       178          0          0          0          0        116   retnan.o
       126          0          0          0          0        148   trapv.o
         0          0          0          0          0          0   usenofp.o
       300         42          0          0          0        176   asinf.o
       684         90          0          0          0        208   atan2f.o
       200         20          0          0          0        164   cos.o
       368         46         48          0          0        200   cos_i.o
        84         16          0          0          0        372   dunder.o
        24          0          0          0          0        124   fabs.o
        48          0          0          0          0        124   fpclassify.o
        38          0          0          0          0        116   fpclassifyf.o
        44         12          0          0          0        464   funder.o
       248          0          0          0          0        152   poly.o
      1080        142        200          0          0        188   rred.o
       200         20          0          0          0        164   sin.o
       304         24         40          0          0        208   sin_i.o
       120          0          0          0          0        272   sqrtf_full.o

    ----------------------------------------------------------------------
     20548       1192       2912         16        100      44014   Library Totals
        42          0          9          0          4          0   (incl. Padding)

    ----------------------------------------------------------------------

      Code (inc. data)   RO Data    RW Data    ZI Data      Debug   Library Name

      2718         84         12         16          0       9922   AHRS.lib
       236         24       2052          0          0      22264   arm_cortexM4lf_math.lib
      7796        384        551          0         96       5072   c_w.l
      6014        288          0          0          0       3824   g_wm.l
      3742        412        288          0          0       2932   m_wm.l

    ----------------------------------------------------------------------
     20548       1192       2912         16        100      44014   Library Totals

    ----------------------------------------------------------------------

==============================================================================


      Code (inc. data)   RO Data    RW Data    ZI Data      Debug   

     64408       3932       4700        632      34016    1191448   Grand Totals
     64408       3932       4700        156      34016    1191448   ELF Image Totals (compressed)
     64408       3932       4700        156          0          0   ROM Totals

==============================================================================

    Total RO  Size (Code + RO Data)                69108 (  67.49kB)
    Total RW  Size (RW Data + ZI Data)             34648 (  33.84kB)
    Total ROM Size (Code + RO Data + RW Data)      69264 (  67.64kB)

==============================================================================

